
Discarded input sections

 .group         0x0000000000000000        0xc build/./kmain.o
 .group         0x0000000000000000        0xc build/./kmain.o
 .debug_macro   0x0000000000000000      0x844 build/./kmain.o
 .debug_macro   0x0000000000000000       0x16 build/./kmain.o
 .group         0x0000000000000000        0xc build/./shell.o
 .group         0x0000000000000000        0xc build/./shell.o
 .group         0x0000000000000000        0xc build/./shell.o
 .group         0x0000000000000000        0xc build/./shell.o
 .group         0x0000000000000000        0xc build/./shell.o
 .group         0x0000000000000000        0xc build/./shell.o
 .group         0x0000000000000000        0xc build/./shell.o
 .group         0x0000000000000000        0xc build/./shell.o
 .group         0x0000000000000000        0xc build/./shell.o
 .group         0x0000000000000000        0xc build/./shell.o
 .group         0x0000000000000000        0xc build/./shell.o
 .group         0x0000000000000000        0xc build/./shell.o
 .group         0x0000000000000000        0xc build/./shell.o
 .group         0x0000000000000000        0xc build/./shell.o
 .group         0x0000000000000000        0xc build/./shell.o
 .debug_macro   0x0000000000000000      0x844 build/./shell.o
 .debug_macro   0x0000000000000000       0x16 build/./shell.o
 .debug_macro   0x0000000000000000       0x16 build/./shell.o
 .debug_macro   0x0000000000000000       0x22 build/./shell.o
 .debug_macro   0x0000000000000000       0x88 build/./shell.o
 .debug_macro   0x0000000000000000       0x22 build/./shell.o
 .debug_macro   0x0000000000000000       0x2e build/./shell.o
 .debug_macro   0x0000000000000000       0x40 build/./shell.o
 .debug_macro   0x0000000000000000       0x52 build/./shell.o
 .debug_macro   0x0000000000000000       0x8e build/./shell.o
 .debug_macro   0x0000000000000000       0x10 build/./shell.o
 .debug_macro   0x0000000000000000       0x76 build/./shell.o
 .debug_macro   0x0000000000000000       0x8e build/./shell.o
 .debug_macro   0x0000000000000000       0x3a build/./shell.o
 .debug_macro   0x0000000000000000       0x58 build/./shell.o

Memory Configuration

Name             Origin             Length             Attributes
*default*        0x0000000000000000 0xffffffffffffffff

Linker script and memory map

LOAD build/./gdt.o
LOAD build/./kmain.o
LOAD build/./shell.o
LOAD build/load_descriptors.o

.interp
 *(.interp)

.note.gnu.build-id
 *(.note.gnu.build-id)

.hash
 *(.hash)

.gnu.hash
 *(.gnu.hash)

.dynsym
 *(.dynsym)

.dynstr
 *(.dynstr)

.gnu.version
 *(.gnu.version)

.gnu.version_d
 *(.gnu.version_d)

.gnu.version_r
 *(.gnu.version_r)

.rel.init
 *(.rel.init)

.rel.text
 *(.rel.text)

.rel.fini
 *(.rel.fini)

.rel.rodata
 *(.rel.rodata)

.rel.data.rel.ro
 *(.rel.data.rel.ro)

.rel.data
 *(.rel.data)

.rel.tdata
 *(.rel.tdata)

.rel.tbss
 *(.rel.tbss)

.rel.ctors
 *(.rel.ctors)

.rel.dtors
 *(.rel.dtors)

.rel.got
 *(.rel.got)

.rel.bss
 *(.rel.bss)

.rel.ifunc
 *(.rel.ifunc)

.rel.plt
 *(.rel.plt)

.relr.dyn
 *(.relr.dyn)

.init
 *(SORT_NONE(.init))

.plt
 *(.plt)

.plt.got
 *(.plt.got)

.plt.sec
 *(.plt.sec)

.text           0x0000000000000000      0xf9f
 *(.text .stub)
 .text          0x0000000000000000      0x1cf build/./gdt.o
                0x0000000000000000                create_gdt_entry
                0x000000000000007d                gdt_init_flat_protected
                0x00000000000001c5                get_gdt_ptr
 .text          0x00000000000001cf      0x4b0 build/./kmain.o
                0x00000000000001cf                kmain
 .text          0x000000000000067f      0x8fb build/./shell.o
                0x000000000000067f                run_cmd
                0x0000000000000f11                shell
 .text          0x0000000000000f7a       0x25 build/load_descriptors.o
                0x0000000000000f7a                load_gdt
                0x0000000000000f97                load_idt
 *(.gnu.warning)

.fini
 *(SORT_NONE(.fini))

.rodata         0x0000000000000000      0x70b
 *(.rodata)
 .rodata        0x0000000000000000      0x2f6 build/./kmain.o
 *fill*         0x00000000000002f6        0x2 
 .rodata        0x00000000000002f8      0x413 build/./shell.o

.rodata1
 *(.rodata1)

.eh_frame_hdr
 *(.eh_frame_hdr)

.eh_frame       0x0000000000000000      0x194
 *(.eh_frame)
 .eh_frame      0x0000000000000000       0x78 build/./gdt.o
 .eh_frame      0x0000000000000078       0xb8 build/./kmain.o
 .eh_frame      0x0000000000000130       0x64 build/./shell.o

.gcc_except_table
 *(.gcc_except_table)

.gnu_extab
 *(.gnu_extab*)

.exception_ranges
 *(.exception_ranges)

.eh_frame
 *(.eh_frame)

.gnu_extab
 *(.gnu_extab)

.gcc_except_table
 *(.gcc_except_table)

.exception_ranges
 *(.exception_ranges)

.tdata
 *(.tdata)

.tbss
 *(.tbss)

.jcr
 *(.jcr)

.dynamic
 *(.dynamic)

.got
 *(.got)

.got.plt
 *(.got.plt)

.data           0x0000000000000000        0x0
 *(.data)
 .data          0x0000000000000000        0x0 build/./gdt.o
 .data          0x0000000000000000        0x0 build/./kmain.o
 .data          0x0000000000000000        0x0 build/./shell.o
 .data          0x0000000000000000        0x0 build/load_descriptors.o

.data1
 *(.data1)

.bss            0x0000000000000000       0x36
 *(.bss)
 .bss           0x0000000000000000       0x36 build/./gdt.o
 .bss           0x0000000000000036        0x0 build/./kmain.o
 .bss           0x0000000000000036        0x0 build/./shell.o
 .bss           0x0000000000000036        0x0 build/load_descriptors.o

.stab
 *(.stab)

.stabstr
 *(.stabstr)

.stab.excl
 *(.stab.excl)

.stab.exclstr
 *(.stab.exclstr)

.stab.index
 *(.stab.index)

.stab.indexstr
 *(.stab.indexstr)

.comment        0x0000000000000000       0x8a
 *(.comment)
 .comment       0x0000000000000000       0x2e build/./gdt.o
 .comment       0x000000000000002e       0x2e build/./kmain.o
 .comment       0x000000000000005c       0x2e build/./shell.o

.group          0x0000000000000000        0xc
 .group         0x0000000000000000        0xc build/./gdt.o

.group          0x0000000000000000        0xc
 .group         0x0000000000000000        0xc build/./gdt.o

.group          0x0000000000000000        0xc
 .group         0x0000000000000000        0xc build/./gdt.o

.group          0x0000000000000000        0xc
 .group         0x0000000000000000        0xc build/./gdt.o

.group          0x0000000000000000        0xc
 .group         0x0000000000000000        0xc build/./gdt.o

.note.GNU-stack
                0x0000000000000000        0x0
 .note.GNU-stack
                0x0000000000000000        0x0 build/./gdt.o
 .note.GNU-stack
                0x0000000000000000        0x0 build/./kmain.o
 .note.GNU-stack
                0x0000000000000000        0x0 build/./shell.o

.group          0x0000000000000000        0xc
 .group         0x0000000000000000        0xc build/./kmain.o

.group          0x0000000000000000        0xc
 .group         0x0000000000000000        0xc build/./kmain.o

.group          0x0000000000000000        0xc
 .group         0x0000000000000000        0xc build/./kmain.o

.group          0x0000000000000000        0xc
 .group         0x0000000000000000        0xc build/./kmain.o

.group          0x0000000000000000        0xc
 .group         0x0000000000000000        0xc build/./kmain.o

.group          0x0000000000000000        0xc
 .group         0x0000000000000000        0xc build/./kmain.o

.group          0x0000000000000000        0xc
 .group         0x0000000000000000        0xc build/./kmain.o

.group          0x0000000000000000        0xc
 .group         0x0000000000000000        0xc build/./kmain.o

.group          0x0000000000000000        0xc
 .group         0x0000000000000000        0xc build/./kmain.o

.group          0x0000000000000000        0xc
 .group         0x0000000000000000        0xc build/./kmain.o

.group          0x0000000000000000        0xc
 .group         0x0000000000000000        0xc build/./kmain.o

.group          0x0000000000000000        0xc
 .group         0x0000000000000000        0xc build/./kmain.o

.group          0x0000000000000000        0xc
 .group         0x0000000000000000        0xc build/./kmain.o

.group          0x0000000000000000        0xc
 .group         0x0000000000000000        0xc build/./kmain.o

.group          0x0000000000000000        0xc
 .group         0x0000000000000000        0xc build/./kmain.o

.group          0x0000000000000000        0xc
 .group         0x0000000000000000        0xc build/./kmain.o

.group          0x0000000000000000        0xc
 .group         0x0000000000000000        0xc build/./kmain.o

.group          0x0000000000000000        0xc
 .group         0x0000000000000000        0xc build/./kmain.o

.group          0x0000000000000000        0xc
 .group         0x0000000000000000        0xc build/./kmain.o

.group          0x0000000000000000        0xc
 .group         0x0000000000000000        0xc build/./kmain.o

.group          0x0000000000000000        0xc
 .group         0x0000000000000000        0xc build/./kmain.o

.group          0x0000000000000000        0xc
 .group         0x0000000000000000        0xc build/./kmain.o

.group          0x0000000000000000        0xc
 .group         0x0000000000000000        0xc build/./kmain.o

.group          0x0000000000000000        0xc
 .group         0x0000000000000000        0xc build/./kmain.o

.group          0x0000000000000000        0xc
 .group         0x0000000000000000        0xc build/./shell.o

.gnu.build.attributes
 *(.gnu.build.attributes)

.debug
 *(.debug)

.line
 *(.line)

.debug_srcinfo
 *(.debug_srcinfo)

.debug_sfnames
 *(.debug_sfnames)

.debug_aranges  0x0000000000000000       0x80
 *(.debug_aranges)
 .debug_aranges
                0x0000000000000000       0x20 build/./gdt.o
 .debug_aranges
                0x0000000000000020       0x20 build/./kmain.o
 .debug_aranges
                0x0000000000000040       0x20 build/./shell.o
 .debug_aranges
                0x0000000000000060       0x20 build/load_descriptors.o

.debug_pubnames
 *(.debug_pubnames)

.debug_info     0x0000000000000000      0xe30
 *(.debug_info)
 .debug_info    0x0000000000000000      0x3bf build/./gdt.o
 .debug_info    0x00000000000003bf      0x3c1 build/./kmain.o
 .debug_info    0x0000000000000780      0x68a build/./shell.o
 .debug_info    0x0000000000000e0a       0x26 build/load_descriptors.o

.debug_abbrev   0x0000000000000000      0x4db
 *(.debug_abbrev)
 .debug_abbrev  0x0000000000000000      0x15c build/./gdt.o
 .debug_abbrev  0x000000000000015c      0x1a2 build/./kmain.o
 .debug_abbrev  0x00000000000002fe      0x1c9 build/./shell.o
 .debug_abbrev  0x00000000000004c7       0x14 build/load_descriptors.o

.debug_line     0x0000000000000000      0xace
 *(.debug_line)
 .debug_line    0x0000000000000000      0x1a9 build/./gdt.o
 .debug_line    0x00000000000001a9      0x318 build/./kmain.o
 .debug_line    0x00000000000004c1      0x5bf build/./shell.o
 .debug_line    0x0000000000000a80       0x4e build/load_descriptors.o

.debug_frame
 *(.debug_frame)

.debug_str      0x0000000000000000     0xd215
 *(.debug_str)
 .debug_str     0x0000000000000000     0x31d1 build/./gdt.o
 .debug_str     0x00000000000031d1     0x5f51 build/./kmain.o
 .debug_str     0x0000000000009122     0x40af build/./shell.o
 .debug_str     0x000000000000d1d1       0x44 build/load_descriptors.o

.debug_loc
 *(.debug_loc)

.debug_macinfo
 *(.debug_macinfo)

.debug_weaknames
 *(.debug_weaknames)

.debug_funcnames
 *(.debug_funcnames)

.debug_typenames
 *(.debug_typenames)

.debug_varnames
 *(.debug_varnames)

.debug_pubtypes
 *(.debug_pubtypes)

.debug_ranges
 *(.debug_ranges)

.debug_addr
 *(.debug_addr)

.debug_line_str
 *(.debug_line_str)

.debug_loclists
 *(.debug_loclists)

.debug_macro    0x0000000000000000      0x2bb
 *(.debug_macro)
 .debug_macro   0x0000000000000000       0xb5 build/./gdt.o
 .debug_macro   0x00000000000000b5      0x12e build/./kmain.o
 .debug_macro   0x00000000000001e3       0xd8 build/./shell.o

.debug_names
 *(.debug_names)

.debug_rnglists
 *(.debug_rnglists)

.debug_str_offsets
 *(.debug_str_offsets)

.debug_sup
 *(.debug_sup)

.gnu.attributes
 *(.gnu.attributes)
OUTPUT(init.o elf32-i386)

.debug_macro    0x0000000000000000      0x844
 .debug_macro   0x0000000000000000      0x844 build/./gdt.o

.debug_macro    0x0000000000000000       0x16
 .debug_macro   0x0000000000000000       0x16 build/./gdt.o

.debug_macro    0x0000000000000000       0x82
 .debug_macro   0x0000000000000000       0x82 build/./gdt.o

.debug_macro    0x0000000000000000       0x82
 .debug_macro   0x0000000000000000       0x82 build/./gdt.o

.debug_macro    0x0000000000000000       0x16
 .debug_macro   0x0000000000000000       0x16 build/./gdt.o

.debug_macro    0x0000000000000000       0x10
 .debug_macro   0x0000000000000000       0x10 build/./kmain.o

.debug_macro    0x0000000000000000       0x88
 .debug_macro   0x0000000000000000       0x88 build/./kmain.o

.debug_macro    0x0000000000000000       0x22
 .debug_macro   0x0000000000000000       0x22 build/./kmain.o

.debug_macro    0x0000000000000000       0x58
 .debug_macro   0x0000000000000000       0x58 build/./kmain.o

.debug_macro    0x0000000000000000       0x40
 .debug_macro   0x0000000000000000       0x40 build/./kmain.o

.debug_macro    0x0000000000000000       0x22
 .debug_macro   0x0000000000000000       0x22 build/./kmain.o

.debug_macro    0x0000000000000000      0x160
 .debug_macro   0x0000000000000000      0x160 build/./kmain.o

.debug_macro    0x0000000000000000       0x52
 .debug_macro   0x0000000000000000       0x52 build/./kmain.o

.debug_macro    0x0000000000000000       0x8e
 .debug_macro   0x0000000000000000       0x8e build/./kmain.o

.debug_macro    0x0000000000000000      0x1d8
 .debug_macro   0x0000000000000000      0x1d8 build/./kmain.o

.debug_macro    0x0000000000000000      0x1e9
 .debug_macro   0x0000000000000000      0x1e9 build/./kmain.o

.debug_macro    0x0000000000000000       0x88
 .debug_macro   0x0000000000000000       0x88 build/./kmain.o

.debug_macro    0x0000000000000000       0x46
 .debug_macro   0x0000000000000000       0x46 build/./kmain.o

.debug_macro    0x0000000000000000       0x10
 .debug_macro   0x0000000000000000       0x10 build/./kmain.o

.debug_macro    0x0000000000000000       0x76
 .debug_macro   0x0000000000000000       0x76 build/./kmain.o

.debug_macro    0x0000000000000000       0x8e
 .debug_macro   0x0000000000000000       0x8e build/./kmain.o

.debug_macro    0x0000000000000000       0x3a
 .debug_macro   0x0000000000000000       0x3a build/./kmain.o

.debug_macro    0x0000000000000000       0x2e
 .debug_macro   0x0000000000000000       0x2e build/./kmain.o

.debug_macro    0x0000000000000000       0x10
 .debug_macro   0x0000000000000000       0x10 build/./kmain.o

.debug_macro    0x0000000000000000       0x2e
 .debug_macro   0x0000000000000000       0x2e build/./kmain.o

.debug_macro    0x0000000000000000       0x10
 .debug_macro   0x0000000000000000       0x10 build/./kmain.o

.debug_macro    0x0000000000000000       0x58
 .debug_macro   0x0000000000000000       0x58 build/./kmain.o

.debug_macro    0x0000000000000000       0x50
 .debug_macro   0x0000000000000000       0x50 build/./kmain.o

.debug_macro    0x0000000000000000       0x76
 .debug_macro   0x0000000000000000       0x76 build/./kmain.o

.debug_macro    0x0000000000000000       0xe8
 .debug_macro   0x0000000000000000       0xe8 build/./shell.o
