Archive member included to satisfy reference by file (symbol)

libc/libk.a(string.o)         init/init.o (strlen)
libc/libk.a(stdio.o)          init/init.o (printk)
libc/libk.a(vsprintf.o)       libc/libk.a(stdio.o) (vsnprintf)

Discarded input sections

 .group         0x0000000000000000        0xc init/init.o
 .group         0x0000000000000000        0xc init/init.o
 .group         0x0000000000000000        0xc init/init.o
 .group         0x0000000000000000        0xc init/init.o
 .group         0x0000000000000000        0xc init/init.o
 .group         0x0000000000000000        0xc init/init.o
 .group         0x0000000000000000        0xc init/init.o
 .group         0x0000000000000000        0xc init/init.o
 .group         0x0000000000000000        0xc init/init.o
 .group         0x0000000000000000        0xc init/init.o
 .group         0x0000000000000000        0xc init/init.o
 .group         0x0000000000000000        0xc init/init.o
 .group         0x0000000000000000        0xc init/init.o
 .group         0x0000000000000000        0xc init/init.o
 .group         0x0000000000000000        0xc init/init.o
 .group         0x0000000000000000        0xc init/init.o
 .group         0x0000000000000000        0xc init/init.o
 .group         0x0000000000000000        0xc init/init.o
 .group         0x0000000000000000        0xc init/init.o
 .group         0x0000000000000000        0xc init/init.o
 .group         0x0000000000000000        0xc init/init.o
 .group         0x0000000000000000        0xc init/init.o
 .group         0x0000000000000000        0xc init/init.o
 .group         0x0000000000000000        0xc init/init.o
 .group         0x0000000000000000        0xc init/init.o
 .group         0x0000000000000000        0xc init/init.o
 .group         0x0000000000000000        0xc init/init.o
 .group         0x0000000000000000        0xc init/init.o
 .group         0x0000000000000000        0xc init/init.o
 .group         0x0000000000000000        0xc init/init.o
 .eh_frame      0x0000000000000000      0x194 init/init.o
 .note.GNU-stack
                0x0000000000000000        0x0 init/init.o
 .group         0x0000000000000000        0xc mm/mm.o
 .group         0x0000000000000000        0xc mm/mm.o
 .group         0x0000000000000000        0xc mm/mm.o
 .group         0x0000000000000000        0xc mm/mm.o
 .group         0x0000000000000000        0xc mm/mm.o
 .group         0x0000000000000000        0xc mm/mm.o
 .group         0x0000000000000000        0xc mm/mm.o
 .group         0x0000000000000000        0xc mm/mm.o
 .group         0x0000000000000000        0xc mm/mm.o
 .group         0x0000000000000000        0xc mm/mm.o
 .group         0x0000000000000000        0xc mm/mm.o
 .group         0x0000000000000000        0xc mm/mm.o
 .group         0x0000000000000000        0xc mm/mm.o
 .group         0x0000000000000000        0xc mm/mm.o
 .group         0x0000000000000000        0xc mm/mm.o
 .group         0x0000000000000000        0xc mm/mm.o
 .group         0x0000000000000000        0xc mm/mm.o
 .group         0x0000000000000000        0xc mm/mm.o
 .group         0x0000000000000000        0xc mm/mm.o
 .group         0x0000000000000000        0xc mm/mm.o
 .eh_frame      0x0000000000000000      0x670 mm/mm.o
 .note.GNU-stack
                0x0000000000000000        0x0 mm/mm.o
 .debug_macro   0x0000000000000000       0x16 mm/mm.o
 .debug_macro   0x0000000000000000       0x16 mm/mm.o
 .debug_macro   0x0000000000000000       0x22 mm/mm.o
 .debug_macro   0x0000000000000000       0x88 mm/mm.o
 .debug_macro   0x0000000000000000       0x22 mm/mm.o
 .debug_macro   0x0000000000000000       0x76 mm/mm.o
 .debug_macro   0x0000000000000000       0x8e mm/mm.o
 .debug_macro   0x0000000000000000       0x3a mm/mm.o
 .debug_macro   0x0000000000000000       0x10 mm/mm.o
 .debug_macro   0x0000000000000000       0x58 mm/mm.o
 .debug_macro   0x0000000000000000       0x50 mm/mm.o
 .debug_macro   0x0000000000000000       0x82 mm/mm.o
 .debug_macro   0x0000000000000000       0x2e mm/mm.o
 .debug_macro   0x0000000000000000       0x40 mm/mm.o
 .debug_macro   0x0000000000000000       0x52 mm/mm.o
 .group         0x0000000000000000        0xc driver/driver.o
 .group         0x0000000000000000        0xc driver/driver.o
 .group         0x0000000000000000        0xc driver/driver.o
 .group         0x0000000000000000        0xc driver/driver.o
 .group         0x0000000000000000        0xc driver/driver.o
 .group         0x0000000000000000        0xc driver/driver.o
 .group         0x0000000000000000        0xc driver/driver.o
 .group         0x0000000000000000        0xc driver/driver.o
 .group         0x0000000000000000        0xc driver/driver.o
 .group         0x0000000000000000        0xc driver/driver.o
 .group         0x0000000000000000        0xc driver/driver.o
 .group         0x0000000000000000        0xc driver/driver.o
 .group         0x0000000000000000        0xc driver/driver.o
 .group         0x0000000000000000        0xc driver/driver.o
 .group         0x0000000000000000        0xc driver/driver.o
 .group         0x0000000000000000        0xc driver/driver.o
 .group         0x0000000000000000        0xc driver/driver.o
 .group         0x0000000000000000        0xc driver/driver.o
 .group         0x0000000000000000        0xc driver/driver.o
 .group         0x0000000000000000        0xc driver/driver.o
 .eh_frame      0x0000000000000000      0x894 driver/driver.o
 .note.GNU-stack
                0x0000000000000000        0x0 driver/driver.o
 .debug_macro   0x0000000000000000      0x844 driver/driver.o
 .debug_macro   0x0000000000000000       0x16 driver/driver.o
 .debug_macro   0x0000000000000000       0x82 driver/driver.o
 .debug_macro   0x0000000000000000       0x16 driver/driver.o
 .debug_macro   0x0000000000000000       0x22 driver/driver.o
 .debug_macro   0x0000000000000000       0x22 driver/driver.o
 .debug_macro   0x0000000000000000       0x40 driver/driver.o
 .debug_macro   0x0000000000000000       0x64 driver/driver.o
 .debug_macro   0x0000000000000000       0x50 driver/driver.o
 .debug_macro   0x0000000000000000       0x3a driver/driver.o
 .debug_macro   0x0000000000000000       0x52 driver/driver.o
 .debug_macro   0x0000000000000000       0x8e driver/driver.o
 .debug_macro   0x0000000000000000       0x10 driver/driver.o
 .debug_macro   0x0000000000000000       0x58 driver/driver.o
 .group         0x0000000000000000        0xc proc/proc.o
 .group         0x0000000000000000        0xc proc/proc.o
 .group         0x0000000000000000        0xc proc/proc.o
 .group         0x0000000000000000        0xc proc/proc.o
 .group         0x0000000000000000        0xc proc/proc.o
 .group         0x0000000000000000        0xc proc/proc.o
 .group         0x0000000000000000        0xc proc/proc.o
 .group         0x0000000000000000        0xc proc/proc.o
 .group         0x0000000000000000        0xc proc/proc.o
 .eh_frame      0x0000000000000000       0xb0 proc/proc.o
 .note.GNU-stack
                0x0000000000000000        0x0 proc/proc.o
 .debug_macro   0x0000000000000000      0x844 proc/proc.o
 .debug_macro   0x0000000000000000       0x16 proc/proc.o
 .debug_macro   0x0000000000000000       0x88 proc/proc.o
 .debug_macro   0x0000000000000000       0x16 proc/proc.o
 .debug_macro   0x0000000000000000       0x22 proc/proc.o
 .debug_macro   0x0000000000000000       0x22 proc/proc.o
 .debug_macro   0x0000000000000000       0x40 proc/proc.o
 .debug_macro   0x0000000000000000       0x64 proc/proc.o
 .debug_macro   0x0000000000000000       0x82 proc/proc.o
 .group         0x0000000000000000        0xc fs/fs.o
 .group         0x0000000000000000        0xc fs/fs.o
 .group         0x0000000000000000        0xc fs/fs.o
 .group         0x0000000000000000        0xc fs/fs.o
 .group         0x0000000000000000        0xc fs/fs.o
 .group         0x0000000000000000        0xc fs/fs.o
 .group         0x0000000000000000        0xc fs/fs.o
 .group         0x0000000000000000        0xc fs/fs.o
 .group         0x0000000000000000        0xc fs/fs.o
 .group         0x0000000000000000        0xc fs/fs.o
 .group         0x0000000000000000        0xc fs/fs.o
 .group         0x0000000000000000        0xc fs/fs.o
 .group         0x0000000000000000        0xc fs/fs.o
 .group         0x0000000000000000        0xc fs/fs.o
 .eh_frame      0x0000000000000000      0x258 fs/fs.o
 .note.GNU-stack
                0x0000000000000000        0x0 fs/fs.o
 .debug_macro   0x0000000000000000      0x844 fs/fs.o
 .debug_macro   0x0000000000000000       0x16 fs/fs.o
 .debug_macro   0x0000000000000000       0x82 fs/fs.o
 .debug_macro   0x0000000000000000       0x16 fs/fs.o
 .debug_macro   0x0000000000000000       0x22 fs/fs.o
 .debug_macro   0x0000000000000000       0x10 fs/fs.o
 .debug_macro   0x0000000000000000       0x58 fs/fs.o
 .debug_macro   0x0000000000000000      0x1d8 fs/fs.o
 .debug_macro   0x0000000000000000       0x10 fs/fs.o
 .debug_macro   0x0000000000000000       0x22 fs/fs.o
 .debug_macro   0x0000000000000000       0x40 fs/fs.o
 .debug_macro   0x0000000000000000       0x64 fs/fs.o
 .debug_macro   0x0000000000000000       0x10 fs/fs.o
 .debug_macro   0x0000000000000000       0x88 fs/fs.o
 .group         0x0000000000000000        0xc objs/impl.o
 .group         0x0000000000000000        0xc objs/impl.o
 .group         0x0000000000000000        0xc objs/impl.o
 .group         0x0000000000000000        0xc objs/impl.o
 .group         0x0000000000000000        0xc objs/impl.o
 .group         0x0000000000000000        0xc objs/impl.o
 .group         0x0000000000000000        0xc objs/impl.o
 .group         0x0000000000000000        0xc objs/impl.o
 .group         0x0000000000000000        0xc objs/impl.o
 .group         0x0000000000000000        0xc objs/impl.o
 .group         0x0000000000000000        0xc objs/impl.o
 .group         0x0000000000000000        0xc objs/impl.o
 .group         0x0000000000000000        0xc objs/impl.o
 .group         0x0000000000000000        0xc objs/impl.o
 .group         0x0000000000000000        0xc objs/impl.o
 .group         0x0000000000000000        0xc objs/impl.o
 .group         0x0000000000000000        0xc objs/impl.o
 .group         0x0000000000000000        0xc objs/impl.o
 .group         0x0000000000000000        0xc objs/impl.o
 .group         0x0000000000000000        0xc objs/impl.o
 .group         0x0000000000000000        0xc objs/impl.o
 .group         0x0000000000000000        0xc objs/impl.o
 .eh_frame      0x0000000000000000      0x8cc objs/impl.o
 .note.GNU-stack
                0x0000000000000000        0x0 objs/impl.o
 .debug_macro   0x0000000000000000      0x838 objs/impl.o
 .debug_macro   0x0000000000000000       0x16 objs/impl.o
 .debug_macro   0x0000000000000000       0x82 objs/impl.o
 .debug_macro   0x0000000000000000       0x16 objs/impl.o
 .debug_macro   0x0000000000000000       0x4a objs/impl.o
 .debug_macro   0x0000000000000000       0x52 objs/impl.o
 .debug_macro   0x0000000000000000       0x46 objs/impl.o
 .debug_macro   0x0000000000000000       0xa6 objs/impl.o
 .debug_macro   0x0000000000000000       0x22 objs/impl.o
 .debug_macro   0x0000000000000000       0x40 objs/impl.o
 .debug_macro   0x0000000000000000       0x64 objs/impl.o
 .debug_macro   0x0000000000000000       0x22 objs/impl.o
 .debug_macro   0x0000000000000000       0x50 objs/impl.o
 .debug_macro   0x0000000000000000       0x3a objs/impl.o
 .debug_macro   0x0000000000000000       0x2e objs/impl.o
 .debug_macro   0x0000000000000000       0x76 objs/impl.o
 .debug_macro   0x0000000000000000       0x8e objs/impl.o
 .debug_macro   0x0000000000000000       0x3a objs/impl.o
 .group         0x0000000000000000        0xc tests/tests.o
 .group         0x0000000000000000        0xc tests/tests.o
 .group         0x0000000000000000        0xc tests/tests.o
 .group         0x0000000000000000        0xc tests/tests.o
 .group         0x0000000000000000        0xc tests/tests.o
 .group         0x0000000000000000        0xc tests/tests.o
 .group         0x0000000000000000        0xc tests/tests.o
 .group         0x0000000000000000        0xc tests/tests.o
 .group         0x0000000000000000        0xc tests/tests.o
 .group         0x0000000000000000        0xc tests/tests.o
 .group         0x0000000000000000        0xc tests/tests.o
 .eh_frame      0x0000000000000000      0x164 tests/tests.o
 .note.GNU-stack
                0x0000000000000000        0x0 tests/tests.o
 .debug_macro   0x0000000000000000      0x844 tests/tests.o
 .debug_macro   0x0000000000000000       0x16 tests/tests.o
 .debug_macro   0x0000000000000000       0x82 tests/tests.o
 .debug_macro   0x0000000000000000       0x52 tests/tests.o
 .debug_macro   0x0000000000000000       0x8e tests/tests.o
 .debug_macro   0x0000000000000000       0x16 tests/tests.o
 .debug_macro   0x0000000000000000       0x22 tests/tests.o
 .debug_macro   0x0000000000000000       0x22 tests/tests.o
 .debug_macro   0x0000000000000000      0x1e3 tests/tests.o
 .group         0x0000000000000000        0xc libc/libk.a(string.o)
 .group         0x0000000000000000        0xc libc/libk.a(string.o)
 .group         0x0000000000000000        0xc libc/libk.a(string.o)
 .group         0x0000000000000000        0xc libc/libk.a(string.o)
 .group         0x0000000000000000        0xc libc/libk.a(string.o)
 .debug_macro   0x0000000000000000      0x844 libc/libk.a(string.o)
 .debug_macro   0x0000000000000000       0x16 libc/libk.a(string.o)
 .debug_macro   0x0000000000000000       0x88 libc/libk.a(string.o)
 .debug_macro   0x0000000000000000       0x16 libc/libk.a(string.o)
 .debug_macro   0x0000000000000000       0x22 libc/libk.a(string.o)
 .note.GNU-stack
                0x0000000000000000        0x0 libc/libk.a(string.o)
 .eh_frame      0x0000000000000000      0x198 libc/libk.a(string.o)
 .group         0x0000000000000000        0xc libc/libk.a(stdio.o)
 .group         0x0000000000000000        0xc libc/libk.a(stdio.o)
 .group         0x0000000000000000        0xc libc/libk.a(stdio.o)
 .group         0x0000000000000000        0xc libc/libk.a(stdio.o)
 .group         0x0000000000000000        0xc libc/libk.a(stdio.o)
 .group         0x0000000000000000        0xc libc/libk.a(stdio.o)
 .group         0x0000000000000000        0xc libc/libk.a(stdio.o)
 .group         0x0000000000000000        0xc libc/libk.a(stdio.o)
 .group         0x0000000000000000        0xc libc/libk.a(stdio.o)
 .debug_macro   0x0000000000000000      0x844 libc/libk.a(stdio.o)
 .debug_macro   0x0000000000000000       0x16 libc/libk.a(stdio.o)
 .debug_macro   0x0000000000000000       0x82 libc/libk.a(stdio.o)
 .debug_macro   0x0000000000000000       0x22 libc/libk.a(stdio.o)
 .debug_macro   0x0000000000000000       0x16 libc/libk.a(stdio.o)
 .debug_macro   0x0000000000000000      0x1e3 libc/libk.a(stdio.o)
 .debug_macro   0x0000000000000000       0x22 libc/libk.a(stdio.o)
 .debug_macro   0x0000000000000000       0x3a libc/libk.a(stdio.o)
 .debug_macro   0x0000000000000000       0x2e libc/libk.a(stdio.o)
 .note.GNU-stack
                0x0000000000000000        0x0 libc/libk.a(stdio.o)
 .eh_frame      0x0000000000000000       0x58 libc/libk.a(stdio.o)
 .group         0x0000000000000000        0xc libc/libk.a(vsprintf.o)
 .group         0x0000000000000000        0xc libc/libk.a(vsprintf.o)
 .group         0x0000000000000000        0xc libc/libk.a(vsprintf.o)
 .group         0x0000000000000000        0xc libc/libk.a(vsprintf.o)
 .group         0x0000000000000000        0xc libc/libk.a(vsprintf.o)
 .debug_macro   0x0000000000000000      0x844 libc/libk.a(vsprintf.o)
 .debug_macro   0x0000000000000000       0x16 libc/libk.a(vsprintf.o)
 .debug_macro   0x0000000000000000       0x10 libc/libk.a(vsprintf.o)
 .debug_macro   0x0000000000000000       0x22 libc/libk.a(vsprintf.o)
 .debug_macro   0x0000000000000000       0x88 libc/libk.a(vsprintf.o)
 .note.GNU-stack
                0x0000000000000000        0x0 libc/libk.a(vsprintf.o)
 .eh_frame      0x0000000000000000       0xfc libc/libk.a(vsprintf.o)

Memory Configuration

Name             Origin             Length             Attributes
*default*        0x0000000000000000 0xffffffffffffffff

Linker script and memory map

                0x00000000c0100000                . = 0xc0100000
                0x00000000c0100000                kernel_start = .
                0x00000000c0100100                . = (. + 0x100)
                0x00000000c0100100                kcode_start = .

.text           0x00000000c0100100     0x7b20
 *(.text)
 .text          0x00000000c0100100      0xe9a init/init.o
                0x00000000c0100100                create_gdt_entry
                0x00000000c010017d                gdt_init_flat_protected
                0x00000000c01002c5                get_gdt_ptr
                0x00000000c01002cf                kmain
                0x00000000c010067a                run_cmd
                0x00000000c0100f0c                shell
                0x00000000c0100f75                load_gdt
                0x00000000c0100f92                load_idt
 .text          0x00000000c0100f9a     0x153c mm/mm.o
                0x00000000c01011cd                get_kernel_heap
                0x00000000c01011d7                kheap_init
                0x00000000c0101359                kheap_stats
                0x00000000c01014cb                kmalloc
                0x00000000c0101620                kfree
                0x00000000c0101750                krealloc
                0x00000000c0101818                realloc
                0x00000000c0101836                malloc
                0x00000000c010184b                free
                0x00000000c010195b                kmm_setup_memory_region
                0x00000000c01019ed                kmm_init
                0x00000000c0101ba6                kmm_frame_alloc
                0x00000000c0101c38                kmm_frame_free
                0x00000000c0101c8d                kmm_get_total_frames
                0x00000000c0101c97                kmm_get_used_frames
                0x00000000c0101d79                vmm_switch_pagedir
                0x00000000c0101db0                vmm_init
                0x00000000c0101e72                vmm_create_address_space
                0x00000000c0101eb2                vmm_create_pt
                0x00000000c0101f1c                vmm_map_page
                0x00000000c0101f92                vmm_get_phys_frame
                0x00000000c0102011                vmm_clone_pagetable
                0x00000000c01020f9                vmm_clone_pagedir
                0x00000000c010221f                vmm_page_alloc
                0x00000000c0102277                vmm_alloc_region
                0x00000000c0102342                vmm_free_region
                0x00000000c010246d                vmm_page_free
                0x00000000c01024b2                vmm_get_kerneldir
                0x00000000c01024bc                vmm_get_current_pagedir
 .text          0x00000000c01024d6     0x1637 driver/driver.o
                0x00000000c01024d6                blkdev_register
                0x00000000c010275c                blkdev_get_by_name
                0x00000000c010284c                blkread
                0x00000000c0102940                dma_set_address
                0x00000000c0102a1f                dma_set_count
                0x00000000c0102afe                dma_set_external_pagereg
                0x00000000c0102bb5                dma_set_mode
                0x00000000c0102c72                dma_setup_read
                0x00000000c0102c93                dma_setup_write
                0x00000000c0102cb4                dma_mask_channel
                0x00000000c0102d4d                dma_unmask_channel
                0x00000000c0102de0                dma_unmask_all
                0x00000000c0102df2                dma_reset_flipflop
                0x00000000c0102e21                dma_reset
                0x00000000c0102e50                dma_disable
                0x00000000c01033df                fdc_init
                0x00000000c0103441                fdc_reset
                0x00000000c01034af                fdc_read_sector
                0x00000000c010356c                fdc_lba_to_chs
                0x00000000c010361b                fdc_set_drive
                0x00000000c010363b                fdc_get_drive
                0x00000000c0103666                pic_init
                0x00000000c0103708                pic_send_eoi
                0x00000000c0103774                serial_init
                0x00000000c0103859                serial_putc
                0x00000000c0103895                serial_puts
                0x00000000c01038d4                serial_getc
                0x00000000c0103a53                init_system_timer
                0x00000000c0103ab7                _timer_interrupt_handler
                0x00000000c0103aca                get_system_tick_count
                0x00000000c0103ad4                sleep
 .text          0x00000000c0103b0d       0x3b proc/proc.o
                0x00000000c0103b0d                process_fork
                0x00000000c0103b13                tss_flush
                0x00000000c0103b2d                tss_update_esp0
                0x00000000c0103b3e                tss_get_global
 .text          0x00000000c0103b48      0xe33 fs/fs.o
                0x00000000c0103f98                fat12_mount
                0x00000000c01042bc                fat12_unmount
                0x00000000c010437c                fat12_open
                0x00000000c01043d9                fat12_read
                0x00000000c0104633                fat12_close
                0x00000000c010463d                fat12_write
                0x00000000c0104647                fat12_readdir
                0x00000000c01046e9                vfs_init
                0x00000000c010472d                vfs_mount
                0x00000000c010481f                vfs_open
                0x00000000c0104911                vfs_read
 .text          0x00000000c010497b     0x1995 objs/impl.o
                0x00000000c01049c9                idt_init
                0x00000000c0104ef0                get_idt_ptr
                0x00000000c0104f21                setup_x86_interrutps
                0x00000000c0104f56                register_interrupt_handler
                0x00000000c0104f73                unregister_interrupt_handler
                0x00000000c0104f91                get_interrupt_handler
                0x00000000c0104faa                interrupt_dispatch
                0x00000000c0104ff9                isr0
                0x00000000c0105002                isr1
                0x00000000c010500b                isr2
                0x00000000c0105014                isr3
                0x00000000c010501d                isr4
                0x00000000c0105026                isr5
                0x00000000c010502f                isr6
                0x00000000c0105038                isr7
                0x00000000c0105041                isr8
                0x00000000c0105048                isr9
                0x00000000c0105051                isr10
                0x00000000c0105058                isr11
                0x00000000c010505f                isr12
                0x00000000c0105066                isr13
                0x00000000c010506d                isr14
                0x00000000c0105074                isr15
                0x00000000c010507d                isr16
                0x00000000c0105086                isr17
                0x00000000c010508d                isr18
                0x00000000c0105096                isr19
                0x00000000c010509f                isr20
                0x00000000c01050a8                isr21
                0x00000000c01050af                isr22
                0x00000000c01050b8                isr23
                0x00000000c01050c1                isr24
                0x00000000c01050ca                isr25
                0x00000000c01050d3                isr26
                0x00000000c01050dc                isr27
                0x00000000c01050e5                isr28
                0x00000000c01050eb                isr29
                0x00000000c01050f1                isr30
                0x00000000c01050f7                isr31
                0x00000000c01050fd                isr32
                0x00000000c0105103                isr33
                0x00000000c0105109                isr34
                0x00000000c010510f                isr35
                0x00000000c0105115                isr36
                0x00000000c010511b                isr37
                0x00000000c0105121                isr38
                0x00000000c0105127                isr39
                0x00000000c010512d                isr40
                0x00000000c0105133                isr41
                0x00000000c0105139                isr42
                0x00000000c010513f                isr43
                0x00000000c0105145                isr44
                0x00000000c010514b                isr45
                0x00000000c0105151                isr46
                0x00000000c0105157                isr47
                0x00000000c010515d                isr128
                0x00000000c01056b5                kbd_init
                0x00000000c0105755                kbd_get_lastscancode
                0x00000000c0105761                kbd_get_lastkey
                0x00000000c0105789                kbd_getlastkey_buf
                0x00000000c010579c                kbd_clear_lastkey
                0x00000000c01057a9                kbd_keycode_to_ascii
                0x00000000c01058dc                kbd_get_numlock
                0x00000000c01058e8                kbd_get_capslock
                0x00000000c01058f4                kbd_get_scrolllock
                0x00000000c0105900                kbd_get_shift
                0x00000000c010590c                kbd_get_ctrl
                0x00000000c0105918                kbd_get_alt
                0x00000000c0105924                kbd_ignore_resend
                0x00000000c0105931                kbd_should_resend
                0x00000000c010593d                kbd_set_leds
                0x00000000c01059c1                kbd_self_test
                0x00000000c01059ed                kbd_bat_result
                0x00000000c01059f9                kbd_diag_result
                0x00000000c0105a05                kbd_is_enabled
                0x00000000c0105a11                kbd_setstate
                0x00000000c0105ace                syscall_init
                0x00000000c0105b93                tty_init
                0x00000000c0105ba6                terminal_getc
                0x00000000c0105bce                terminal_read
                0x00000000c0105c33                terminal_stdin_init
                0x00000000c0105c41                terminal_move_cursor
                0x00000000c0105ca3                terminal_clear_scr
                0x00000000c0105d49                terminal_clear_log
                0x00000000c0105def                terminal_setcolor
                0x00000000c0105e07                terminal_get_colour
                0x00000000c0105e13                terminal_settext_color
                0x00000000c0105e4b                terminal_setbg_color
                0x00000000c0105e83                terminal_reset_color
                0x00000000c0105eaa                terminal_stdout_init
                0x00000000c0105eed                terminal_putc
                0x00000000c0106161                terminal_write
                0x00000000c01061a8                terminal_writestring
                0x00000000c01061ed                vga_entry_color
                0x00000000c01061ff                vga_entry
                0x00000000c0106220                vga_move_cursor_to
                0x00000000c01062a9                vga_putentry_at
                0x00000000c0106306                vga_get_screen_buffer
 .text          0x00000000c0106310      0x8f4 tests/tests.o
                0x00000000c0106310                test_tick_count_incrementing
                0x00000000c0106470                test_sleep_duration
                0x00000000c0106548                test_multiple_sleeps
                0x00000000c010675e                test_tss_global_access
                0x00000000c010682c                test_tss_esp0_update
                0x00000000c0106a3f                utoa
                0x00000000c0106af1                start_tests
                0x00000000c0106b75                read_command
                0x00000000c0106be0                send_msg
 .text          0x00000000c0106c04      0x5e7 libc/libk.a(string.o)
                0x00000000c0106c04                strlen
                0x00000000c0106c2b                memset
                0x00000000c0106c5e                strcmp
                0x00000000c0106c9d                memcpy
                0x00000000c0106cde                memcmp
                0x00000000c0106d46                strcpy
                0x00000000c0106d80                strncpy
                0x00000000c0106ddd                strchr
                0x00000000c0106e09                strtok
                0x00000000c0106ebb                strtol
                0x00000000c0107083                strtok_r
                0x00000000c01071a1                strcat
 .text          0x00000000c01071eb       0x79 libc/libk.a(stdio.o)
                0x00000000c01071eb                printk
                0x00000000c010722f                getlinek
 .text          0x00000000c0107264      0x9bc libc/libk.a(vsprintf.o)
                0x00000000c0107774                vsnprintf
                0x00000000c0107c20                kcode_end = .
                0x00000000c0107c20                krodata_start = .

.iplt           0x00000000c0107c20        0x0
 .iplt          0x00000000c0107c20        0x0 init/init.o

.rodata         0x00000000c0107c20     0x1340
 *(.rodata)
 .rodata        0x00000000c0107c20      0x687 init/init.o
 *fill*         0x00000000c01082a7        0x1 
 .rodata        0x00000000c01082a8       0xbc mm/mm.o
 .rodata        0x00000000c0108364      0x3d2 driver/driver.o
 .rodata        0x00000000c0108736        0xa fs/fs.o
 .rodata        0x00000000c0108740      0x393 objs/impl.o
 *fill*         0x00000000c0108ad3        0x1 
 .rodata        0x00000000c0108ad4      0x3b8 tests/tests.o
 .rodata        0x00000000c0108e8c       0xd4 libc/libk.a(vsprintf.o)
 *(.rodata.*)
                0x00000000c0108f60                krodata_end = .
                0x00000000c0108f60                kdata_start = .

.rel.dyn        0x00000000c0108f60        0x0
 .rel.got       0x00000000c0108f60        0x0 init/init.o
 .rel.iplt      0x00000000c0108f60        0x0 init/init.o
 .rel.text      0x00000000c0108f60        0x0 init/init.o

.data           0x00000000c0108f60       0x90
 *(.data)
 .data          0x00000000c0108f60        0x0 init/init.o
 .data          0x00000000c0108f60        0x0 mm/mm.o
 .data          0x00000000c0108f60        0x4 driver/driver.o
 .data          0x00000000c0108f64        0x4 proc/proc.o
                0x00000000c0108f64                global_tss
 .data          0x00000000c0108f68       0x28 fs/fs.o
                0x00000000c0108f68                fat12_fs_type
                0x00000000c0108f88                fs_types
 .data          0x00000000c0108f90       0x18 objs/impl.o
 *fill*         0x00000000c0108fa8       0x18 
 .data          0x00000000c0108fc0       0x30 tests/tests.o
 .data          0x00000000c0108ff0        0x0 libc/libk.a(string.o)
 .data          0x00000000c0108ff0        0x0 libc/libk.a(stdio.o)
 .data          0x00000000c0108ff0        0x0 libc/libk.a(vsprintf.o)
                0x00000000c0108ff0                kdata_end = .
                0x00000000c0108ff0                kbss_start = .

.got            0x00000000c0108ff0        0x0
 .got           0x00000000c0108ff0        0x0 init/init.o

.got.plt        0x00000000c0108ff0        0x0
 .got.plt       0x00000000c0108ff0        0x0 init/init.o

.igot.plt       0x00000000c0108ff0        0x0
 .igot.plt      0x00000000c0108ff0        0x0 init/init.o

.bss            0x00000000c0109000      0xfa4
 *(.bss)
 .bss           0x00000000c0109000       0x36 init/init.o
 *fill*         0x00000000c0109036        0xa 
 .bss           0x00000000c0109040       0xd4 mm/mm.o
                0x00000000c0109040                kernel_heap
 .bss           0x00000000c0109114       0x20 driver/driver.o
                0x00000000c010912c                ticks
                0x00000000c0109130                freq
 *fill*         0x00000000c0109134        0xc 
 .bss           0x00000000c0109140       0x68 proc/proc.o
 .bss           0x00000000c01091a8        0xc fs/fs.o
 *fill*         0x00000000c01091b4        0xc 
 .bss           0x00000000c01091c0      0xd58 objs/impl.o
                0x00000000c01091c0                idt
                0x00000000c01099c0                idt_ptr
 *fill*         0x00000000c0109f18        0x8 
 .bss           0x00000000c0109f20       0x80 tests/tests.o
 .bss           0x00000000c0109fa0        0x4 libc/libk.a(string.o)
 .bss           0x00000000c0109fa4        0x0 libc/libk.a(stdio.o)
 .bss           0x00000000c0109fa4        0x0 libc/libk.a(vsprintf.o)
                0x00000000c0109fa4                kbss_end = .

/DISCARD/
 *(.eh_frame .note.GNU-stack)
                0x00000000c0109fa4                kernel_end = .
LOAD init/init.o
LOAD mm/mm.o
LOAD driver/driver.o
LOAD proc/proc.o
LOAD fs/fs.o
LOAD objs/impl.o
LOAD tests/tests.o
LOAD libc/libk.a
OUTPUT(kernel.elf elf32-i386)

.comment        0x0000000000000000       0x2d
 .comment       0x0000000000000000       0x2d init/init.o
                                         0x8a (size before relaxing)
 .comment       0x000000000000002d       0x8a mm/mm.o
 .comment       0x000000000000002d      0x114 driver/driver.o
 .comment       0x000000000000002d       0x5c proc/proc.o
 .comment       0x000000000000002d       0x5c fs/fs.o
 .comment       0x000000000000002d      0x114 objs/impl.o
 .comment       0x000000000000002d       0xe6 tests/tests.o
 .comment       0x000000000000002d       0x2e libc/libk.a(string.o)
 .comment       0x000000000000002d       0x2e libc/libk.a(stdio.o)
 .comment       0x000000000000002d       0x2e libc/libk.a(vsprintf.o)

.debug_aranges  0x0000000000000000      0x3f0
 .debug_aranges
                0x0000000000000000       0x80 init/init.o
 .debug_aranges
                0x0000000000000080       0x60 mm/mm.o
 .debug_aranges
                0x00000000000000e0       0xc0 driver/driver.o
 .debug_aranges
                0x00000000000001a0       0x40 proc/proc.o
 .debug_aranges
                0x00000000000001e0       0x40 fs/fs.o
 .debug_aranges
                0x0000000000000220       0xe0 objs/impl.o
 .debug_aranges
                0x0000000000000300       0x90 tests/tests.o
 .debug_aranges
                0x0000000000000390       0x20 libc/libk.a(string.o)
 .debug_aranges
                0x00000000000003b0       0x20 libc/libk.a(stdio.o)
 .debug_aranges
                0x00000000000003d0       0x20 libc/libk.a(vsprintf.o)

.debug_info     0x0000000000000000     0x916b
 .debug_info    0x0000000000000000      0xdc7 init/init.o
 .debug_info    0x0000000000000dc7     0x1974 mm/mm.o
 .debug_info    0x000000000000273b     0x1a15 driver/driver.o
 .debug_info    0x0000000000004150      0x304 proc/proc.o
 .debug_info    0x0000000000004454     0x1614 fs/fs.o
 .debug_info    0x0000000000005a68     0x2227 objs/impl.o
 .debug_info    0x0000000000007c8f      0x95d tests/tests.o
 .debug_info    0x00000000000085ec      0x53b libc/libk.a(string.o)
 .debug_info    0x0000000000008b27      0x195 libc/libk.a(stdio.o)
 .debug_info    0x0000000000008cbc      0x4af libc/libk.a(vsprintf.o)

.debug_abbrev   0x0000000000000000     0x2e68
 .debug_abbrev  0x0000000000000000      0x4b3 init/init.o
 .debug_abbrev  0x00000000000004b3      0x772 mm/mm.o
 .debug_abbrev  0x0000000000000c25      0x9eb driver/driver.o
 .debug_abbrev  0x0000000000001610      0x162 proc/proc.o
 .debug_abbrev  0x0000000000001772      0x489 fs/fs.o
 .debug_abbrev  0x0000000000001bfb      0xacd objs/impl.o
 .debug_abbrev  0x00000000000026c8      0x401 tests/tests.o
 .debug_abbrev  0x0000000000002ac9      0x15e libc/libk.a(string.o)
 .debug_abbrev  0x0000000000002c27      0x101 libc/libk.a(stdio.o)
 .debug_abbrev  0x0000000000002d28      0x140 libc/libk.a(vsprintf.o)

.debug_line     0x0000000000000000     0x625f
 .debug_line    0x0000000000000000      0xabf init/init.o
 .debug_line    0x0000000000000abf     0x10d0 mm/mm.o
 .debug_line    0x0000000000001b8f     0x11a4 driver/driver.o
 .debug_line    0x0000000000002d33      0x29e proc/proc.o
 .debug_line    0x0000000000002fd1      0xafe fs/fs.o
 .debug_line    0x0000000000003acf     0x13de objs/impl.o
 .debug_line    0x0000000000004ead      0x729 tests/tests.o
 .debug_line    0x00000000000055d6      0x4bd libc/libk.a(string.o)
 .debug_line    0x0000000000005a93      0x1a2 libc/libk.a(stdio.o)
 .debug_line    0x0000000000005c35      0x62a libc/libk.a(vsprintf.o)

.debug_str      0x0000000000000000     0x986a
 .debug_str     0x0000000000000000     0x658f init/init.o
                                       0xd1e2 (size before relaxing)
 .debug_str     0x000000000000658f      0x7ba mm/mm.o
                                       0xc427 (size before relaxing)
 .debug_str     0x0000000000006d49      0xf20 driver/driver.o
                                      0x16c03 (size before relaxing)
 .debug_str     0x0000000000007c69       0x7f proc/proc.o
                                       0x5e7c (size before relaxing)
 .debug_str     0x0000000000007ce8      0x705 fs/fs.o
                                       0x7a67 (size before relaxing)
 .debug_str     0x00000000000083ed      0xeff objs/impl.o
                                      0x16bb0 (size before relaxing)
 .debug_str     0x00000000000092ec      0x36f tests/tests.o
                                       0xea7a (size before relaxing)
 .debug_str     0x000000000000965b       0x80 libc/libk.a(string.o)
                                       0x2d04 (size before relaxing)
 .debug_str     0x00000000000096db       0x2b libc/libk.a(stdio.o)
                                       0x3755 (size before relaxing)
 .debug_str     0x0000000000009706      0x164 libc/libk.a(vsprintf.o)
                                       0x2e5b (size before relaxing)

.debug_macro    0x0000000000000000     0x3b16
 .debug_macro   0x0000000000000000      0x2bb init/init.o
 .debug_macro   0x00000000000002bb      0x844 init/init.o
 .debug_macro   0x0000000000000aff       0x16 init/init.o
 .debug_macro   0x0000000000000b15       0x82 init/init.o
 .debug_macro   0x0000000000000b97       0x82 init/init.o
 .debug_macro   0x0000000000000c19       0x16 init/init.o
 .debug_macro   0x0000000000000c2f       0x10 init/init.o
 .debug_macro   0x0000000000000c3f       0x88 init/init.o
 .debug_macro   0x0000000000000cc7       0x22 init/init.o
 .debug_macro   0x0000000000000ce9       0x58 init/init.o
 .debug_macro   0x0000000000000d41       0x40 init/init.o
 .debug_macro   0x0000000000000d81       0x22 init/init.o
 .debug_macro   0x0000000000000da3      0x160 init/init.o
 .debug_macro   0x0000000000000f03       0x52 init/init.o
 .debug_macro   0x0000000000000f55       0x8e init/init.o
 .debug_macro   0x0000000000000fe3      0x1d8 init/init.o
 .debug_macro   0x00000000000011bb      0x1e9 init/init.o
 .debug_macro   0x00000000000013a4       0x88 init/init.o
 .debug_macro   0x000000000000142c       0x46 init/init.o
 .debug_macro   0x0000000000001472       0x10 init/init.o
 .debug_macro   0x0000000000001482       0x76 init/init.o
 .debug_macro   0x00000000000014f8       0x8e init/init.o
 .debug_macro   0x0000000000001586       0x3a init/init.o
 .debug_macro   0x00000000000015c0       0x2e init/init.o
 .debug_macro   0x00000000000015ee       0x10 init/init.o
 .debug_macro   0x00000000000015fe       0x2e init/init.o
 .debug_macro   0x000000000000162c       0x10 init/init.o
 .debug_macro   0x000000000000163c       0x58 init/init.o
 .debug_macro   0x0000000000001694       0x50 init/init.o
 .debug_macro   0x00000000000016e4       0x76 init/init.o
 .debug_macro   0x000000000000175a       0xe8 init/init.o
 .debug_macro   0x0000000000001842      0x27c mm/mm.o
 .debug_macro   0x0000000000001abe      0x838 mm/mm.o
 .debug_macro   0x00000000000022f6       0x3a mm/mm.o
 .debug_macro   0x0000000000002330       0x64 mm/mm.o
 .debug_macro   0x0000000000002394       0x16 mm/mm.o
 .debug_macro   0x00000000000023aa       0x70 mm/mm.o
 .debug_macro   0x000000000000241a      0x39c driver/driver.o
 .debug_macro   0x00000000000027b6      0x1bd driver/driver.o
 .debug_macro   0x0000000000002973      0x1d2 driver/driver.o
 .debug_macro   0x0000000000002b45      0x1c3 driver/driver.o
 .debug_macro   0x0000000000002d08       0x4a driver/driver.o
 .debug_macro   0x0000000000002d52       0xa6 driver/driver.o
 .debug_macro   0x0000000000002df8      0x1e3 driver/driver.o
 .debug_macro   0x0000000000002fdb       0xc2 proc/proc.o
 .debug_macro   0x000000000000309d      0x189 fs/fs.o
 .debug_macro   0x0000000000003226      0x39c objs/impl.o
 .debug_macro   0x00000000000035c2       0x40 objs/impl.o
 .debug_macro   0x0000000000003602      0x166 objs/impl.o
 .debug_macro   0x0000000000003768       0x10 objs/impl.o
 .debug_macro   0x0000000000003778       0x40 objs/impl.o
 .debug_macro   0x00000000000037b8      0x16c tests/tests.o
 .debug_macro   0x0000000000003924       0x2e tests/tests.o
 .debug_macro   0x0000000000003952       0x34 tests/tests.o
 .debug_macro   0x0000000000003986       0x3f libc/libk.a(string.o)
 .debug_macro   0x00000000000039c5       0x8f libc/libk.a(stdio.o)
 .debug_macro   0x0000000000003a54       0xc2 libc/libk.a(vsprintf.o)

.debug_ranges   0x0000000000000000       0x78
 .debug_ranges  0x0000000000000000       0x18 mm/mm.o
 .debug_ranges  0x0000000000000018       0x18 fs/fs.o
 .debug_ranges  0x0000000000000030       0x48 libc/libk.a(string.o)
