Archive member included to satisfy reference by file (symbol)

libc/libk.a(string.o)         init/init.o (strlen)
libc/libk.a(stdio.o)          init/init.o (printk)
libc/libk.a(vsprintf.o)       libc/libk.a(stdio.o) (vsnprintf)

Discarded input sections

 .group         0x0000000000000000        0xc init/init.o
 .group         0x0000000000000000        0xc init/init.o
 .group         0x0000000000000000        0xc init/init.o
 .group         0x0000000000000000        0xc init/init.o
 .group         0x0000000000000000        0xc init/init.o
 .group         0x0000000000000000        0xc init/init.o
 .group         0x0000000000000000        0xc init/init.o
 .group         0x0000000000000000        0xc init/init.o
 .group         0x0000000000000000        0xc init/init.o
 .group         0x0000000000000000        0xc init/init.o
 .group         0x0000000000000000        0xc init/init.o
 .group         0x0000000000000000        0xc init/init.o
 .group         0x0000000000000000        0xc init/init.o
 .group         0x0000000000000000        0xc init/init.o
 .group         0x0000000000000000        0xc init/init.o
 .group         0x0000000000000000        0xc init/init.o
 .group         0x0000000000000000        0xc init/init.o
 .group         0x0000000000000000        0xc init/init.o
 .group         0x0000000000000000        0xc init/init.o
 .group         0x0000000000000000        0xc init/init.o
 .group         0x0000000000000000        0xc init/init.o
 .group         0x0000000000000000        0xc init/init.o
 .group         0x0000000000000000        0xc init/init.o
 .group         0x0000000000000000        0xc init/init.o
 .group         0x0000000000000000        0xc init/init.o
 .group         0x0000000000000000        0xc init/init.o
 .group         0x0000000000000000        0xc init/init.o
 .group         0x0000000000000000        0xc init/init.o
 .group         0x0000000000000000        0xc init/init.o
 .group         0x0000000000000000        0xc init/init.o
 .eh_frame      0x0000000000000000      0x194 init/init.o
 .note.GNU-stack
                0x0000000000000000        0x0 init/init.o
 .group         0x0000000000000000        0xc mm/mm.o
 .group         0x0000000000000000        0xc mm/mm.o
 .group         0x0000000000000000        0xc mm/mm.o
 .group         0x0000000000000000        0xc mm/mm.o
 .group         0x0000000000000000        0xc mm/mm.o
 .group         0x0000000000000000        0xc mm/mm.o
 .group         0x0000000000000000        0xc mm/mm.o
 .group         0x0000000000000000        0xc mm/mm.o
 .group         0x0000000000000000        0xc mm/mm.o
 .group         0x0000000000000000        0xc mm/mm.o
 .group         0x0000000000000000        0xc mm/mm.o
 .group         0x0000000000000000        0xc mm/mm.o
 .group         0x0000000000000000        0xc mm/mm.o
 .group         0x0000000000000000        0xc mm/mm.o
 .group         0x0000000000000000        0xc mm/mm.o
 .group         0x0000000000000000        0xc mm/mm.o
 .group         0x0000000000000000        0xc mm/mm.o
 .group         0x0000000000000000        0xc mm/mm.o
 .group         0x0000000000000000        0xc mm/mm.o
 .group         0x0000000000000000        0xc mm/mm.o
 .eh_frame      0x0000000000000000      0x670 mm/mm.o
 .note.GNU-stack
                0x0000000000000000        0x0 mm/mm.o
 .debug_macro   0x0000000000000000       0x16 mm/mm.o
 .debug_macro   0x0000000000000000       0x16 mm/mm.o
 .debug_macro   0x0000000000000000       0x22 mm/mm.o
 .debug_macro   0x0000000000000000       0x88 mm/mm.o
 .debug_macro   0x0000000000000000       0x22 mm/mm.o
 .debug_macro   0x0000000000000000       0x76 mm/mm.o
 .debug_macro   0x0000000000000000       0x8e mm/mm.o
 .debug_macro   0x0000000000000000       0x3a mm/mm.o
 .debug_macro   0x0000000000000000       0x10 mm/mm.o
 .debug_macro   0x0000000000000000       0x58 mm/mm.o
 .debug_macro   0x0000000000000000       0x50 mm/mm.o
 .debug_macro   0x0000000000000000       0x82 mm/mm.o
 .debug_macro   0x0000000000000000       0x2e mm/mm.o
 .debug_macro   0x0000000000000000       0x40 mm/mm.o
 .debug_macro   0x0000000000000000       0x52 mm/mm.o
 .group         0x0000000000000000        0xc driver/driver.o
 .group         0x0000000000000000        0xc driver/driver.o
 .group         0x0000000000000000        0xc driver/driver.o
 .group         0x0000000000000000        0xc driver/driver.o
 .group         0x0000000000000000        0xc driver/driver.o
 .group         0x0000000000000000        0xc driver/driver.o
 .group         0x0000000000000000        0xc driver/driver.o
 .group         0x0000000000000000        0xc driver/driver.o
 .group         0x0000000000000000        0xc driver/driver.o
 .group         0x0000000000000000        0xc driver/driver.o
 .group         0x0000000000000000        0xc driver/driver.o
 .group         0x0000000000000000        0xc driver/driver.o
 .group         0x0000000000000000        0xc driver/driver.o
 .group         0x0000000000000000        0xc driver/driver.o
 .group         0x0000000000000000        0xc driver/driver.o
 .group         0x0000000000000000        0xc driver/driver.o
 .group         0x0000000000000000        0xc driver/driver.o
 .group         0x0000000000000000        0xc driver/driver.o
 .group         0x0000000000000000        0xc driver/driver.o
 .group         0x0000000000000000        0xc driver/driver.o
 .eh_frame      0x0000000000000000      0x894 driver/driver.o
 .note.GNU-stack
                0x0000000000000000        0x0 driver/driver.o
 .debug_macro   0x0000000000000000      0x844 driver/driver.o
 .debug_macro   0x0000000000000000       0x16 driver/driver.o
 .debug_macro   0x0000000000000000       0x82 driver/driver.o
 .debug_macro   0x0000000000000000       0x16 driver/driver.o
 .debug_macro   0x0000000000000000       0x22 driver/driver.o
 .debug_macro   0x0000000000000000       0x22 driver/driver.o
 .debug_macro   0x0000000000000000       0x40 driver/driver.o
 .debug_macro   0x0000000000000000       0x64 driver/driver.o
 .debug_macro   0x0000000000000000       0x50 driver/driver.o
 .debug_macro   0x0000000000000000       0x3a driver/driver.o
 .debug_macro   0x0000000000000000       0x52 driver/driver.o
 .debug_macro   0x0000000000000000       0x8e driver/driver.o
 .debug_macro   0x0000000000000000       0x10 driver/driver.o
 .debug_macro   0x0000000000000000       0x58 driver/driver.o
 .group         0x0000000000000000        0xc proc/proc.o
 .group         0x0000000000000000        0xc proc/proc.o
 .group         0x0000000000000000        0xc proc/proc.o
 .group         0x0000000000000000        0xc proc/proc.o
 .group         0x0000000000000000        0xc proc/proc.o
 .group         0x0000000000000000        0xc proc/proc.o
 .group         0x0000000000000000        0xc proc/proc.o
 .group         0x0000000000000000        0xc proc/proc.o
 .group         0x0000000000000000        0xc proc/proc.o
 .group         0x0000000000000000        0xc proc/proc.o
 .group         0x0000000000000000        0xc proc/proc.o
 .group         0x0000000000000000        0xc proc/proc.o
 .group         0x0000000000000000        0xc proc/proc.o
 .group         0x0000000000000000        0xc proc/proc.o
 .group         0x0000000000000000        0xc proc/proc.o
 .group         0x0000000000000000        0xc proc/proc.o
 .group         0x0000000000000000        0xc proc/proc.o
 .group         0x0000000000000000        0xc proc/proc.o
 .eh_frame      0x0000000000000000      0x308 proc/proc.o
 .note.GNU-stack
                0x0000000000000000        0x0 proc/proc.o
 .debug_macro   0x0000000000000000      0x844 proc/proc.o
 .debug_macro   0x0000000000000000       0x16 proc/proc.o
 .debug_macro   0x0000000000000000       0x82 proc/proc.o
 .debug_macro   0x0000000000000000       0x16 proc/proc.o
 .debug_macro   0x0000000000000000       0x22 proc/proc.o
 .debug_macro   0x0000000000000000       0x76 proc/proc.o
 .debug_macro   0x0000000000000000       0x8e proc/proc.o
 .debug_macro   0x0000000000000000       0x3a proc/proc.o
 .debug_macro   0x0000000000000000       0xe8 proc/proc.o
 .debug_macro   0x0000000000000000       0x50 proc/proc.o
 .debug_macro   0x0000000000000000       0x10 proc/proc.o
 .debug_macro   0x0000000000000000       0x88 proc/proc.o
 .debug_macro   0x0000000000000000       0x52 proc/proc.o
 .debug_macro   0x0000000000000000       0x22 proc/proc.o
 .debug_macro   0x0000000000000000       0x40 proc/proc.o
 .debug_macro   0x0000000000000000       0x64 proc/proc.o
 .group         0x0000000000000000        0xc fs/fs.o
 .group         0x0000000000000000        0xc fs/fs.o
 .group         0x0000000000000000        0xc fs/fs.o
 .group         0x0000000000000000        0xc fs/fs.o
 .group         0x0000000000000000        0xc fs/fs.o
 .group         0x0000000000000000        0xc fs/fs.o
 .group         0x0000000000000000        0xc fs/fs.o
 .group         0x0000000000000000        0xc fs/fs.o
 .group         0x0000000000000000        0xc fs/fs.o
 .group         0x0000000000000000        0xc fs/fs.o
 .group         0x0000000000000000        0xc fs/fs.o
 .group         0x0000000000000000        0xc fs/fs.o
 .group         0x0000000000000000        0xc fs/fs.o
 .group         0x0000000000000000        0xc fs/fs.o
 .eh_frame      0x0000000000000000      0x258 fs/fs.o
 .note.GNU-stack
                0x0000000000000000        0x0 fs/fs.o
 .debug_macro   0x0000000000000000      0x844 fs/fs.o
 .debug_macro   0x0000000000000000       0x16 fs/fs.o
 .debug_macro   0x0000000000000000       0x82 fs/fs.o
 .debug_macro   0x0000000000000000       0x16 fs/fs.o
 .debug_macro   0x0000000000000000       0x22 fs/fs.o
 .debug_macro   0x0000000000000000       0x10 fs/fs.o
 .debug_macro   0x0000000000000000       0x58 fs/fs.o
 .debug_macro   0x0000000000000000      0x1d8 fs/fs.o
 .debug_macro   0x0000000000000000       0x10 fs/fs.o
 .debug_macro   0x0000000000000000       0x22 fs/fs.o
 .debug_macro   0x0000000000000000       0x40 fs/fs.o
 .debug_macro   0x0000000000000000       0x64 fs/fs.o
 .debug_macro   0x0000000000000000       0x10 fs/fs.o
 .debug_macro   0x0000000000000000       0x88 fs/fs.o
 .group         0x0000000000000000        0xc objs/impl.o
 .group         0x0000000000000000        0xc objs/impl.o
 .group         0x0000000000000000        0xc objs/impl.o
 .group         0x0000000000000000        0xc objs/impl.o
 .group         0x0000000000000000        0xc objs/impl.o
 .group         0x0000000000000000        0xc objs/impl.o
 .group         0x0000000000000000        0xc objs/impl.o
 .group         0x0000000000000000        0xc objs/impl.o
 .group         0x0000000000000000        0xc objs/impl.o
 .group         0x0000000000000000        0xc objs/impl.o
 .group         0x0000000000000000        0xc objs/impl.o
 .group         0x0000000000000000        0xc objs/impl.o
 .group         0x0000000000000000        0xc objs/impl.o
 .group         0x0000000000000000        0xc objs/impl.o
 .group         0x0000000000000000        0xc objs/impl.o
 .group         0x0000000000000000        0xc objs/impl.o
 .group         0x0000000000000000        0xc objs/impl.o
 .group         0x0000000000000000        0xc objs/impl.o
 .group         0x0000000000000000        0xc objs/impl.o
 .group         0x0000000000000000        0xc objs/impl.o
 .group         0x0000000000000000        0xc objs/impl.o
 .group         0x0000000000000000        0xc objs/impl.o
 .eh_frame      0x0000000000000000      0x8cc objs/impl.o
 .note.GNU-stack
                0x0000000000000000        0x0 objs/impl.o
 .debug_macro   0x0000000000000000      0x838 objs/impl.o
 .debug_macro   0x0000000000000000       0x16 objs/impl.o
 .debug_macro   0x0000000000000000       0x82 objs/impl.o
 .debug_macro   0x0000000000000000       0x16 objs/impl.o
 .debug_macro   0x0000000000000000       0x4a objs/impl.o
 .debug_macro   0x0000000000000000       0x52 objs/impl.o
 .debug_macro   0x0000000000000000       0x46 objs/impl.o
 .debug_macro   0x0000000000000000       0xa6 objs/impl.o
 .debug_macro   0x0000000000000000       0x22 objs/impl.o
 .debug_macro   0x0000000000000000       0x40 objs/impl.o
 .debug_macro   0x0000000000000000       0x64 objs/impl.o
 .debug_macro   0x0000000000000000       0x22 objs/impl.o
 .debug_macro   0x0000000000000000       0x50 objs/impl.o
 .debug_macro   0x0000000000000000       0x3a objs/impl.o
 .debug_macro   0x0000000000000000       0x2e objs/impl.o
 .debug_macro   0x0000000000000000       0x76 objs/impl.o
 .debug_macro   0x0000000000000000       0x8e objs/impl.o
 .debug_macro   0x0000000000000000       0x3a objs/impl.o
 .group         0x0000000000000000        0xc tests/tests.o
 .group         0x0000000000000000        0xc tests/tests.o
 .group         0x0000000000000000        0xc tests/tests.o
 .group         0x0000000000000000        0xc tests/tests.o
 .group         0x0000000000000000        0xc tests/tests.o
 .group         0x0000000000000000        0xc tests/tests.o
 .group         0x0000000000000000        0xc tests/tests.o
 .group         0x0000000000000000        0xc tests/tests.o
 .group         0x0000000000000000        0xc tests/tests.o
 .group         0x0000000000000000        0xc tests/tests.o
 .group         0x0000000000000000        0xc tests/tests.o
 .group         0x0000000000000000        0xc tests/tests.o
 .group         0x0000000000000000        0xc tests/tests.o
 .group         0x0000000000000000        0xc tests/tests.o
 .group         0x0000000000000000        0xc tests/tests.o
 .group         0x0000000000000000        0xc tests/tests.o
 .group         0x0000000000000000        0xc tests/tests.o
 .group         0x0000000000000000        0xc tests/tests.o
 .group         0x0000000000000000        0xc tests/tests.o
 .group         0x0000000000000000        0xc tests/tests.o
 .group         0x0000000000000000        0xc tests/tests.o
 .eh_frame      0x0000000000000000      0x514 tests/tests.o
 .note.GNU-stack
                0x0000000000000000        0x0 tests/tests.o
 .debug_macro   0x0000000000000000      0x844 tests/tests.o
 .debug_macro   0x0000000000000000       0x16 tests/tests.o
 .debug_macro   0x0000000000000000       0x82 tests/tests.o
 .debug_macro   0x0000000000000000       0x16 tests/tests.o
 .debug_macro   0x0000000000000000       0x22 tests/tests.o
 .debug_macro   0x0000000000000000       0x76 tests/tests.o
 .debug_macro   0x0000000000000000       0x8e tests/tests.o
 .debug_macro   0x0000000000000000       0x3a tests/tests.o
 .debug_macro   0x0000000000000000       0xe8 tests/tests.o
 .debug_macro   0x0000000000000000       0x22 tests/tests.o
 .debug_macro   0x0000000000000000       0x52 tests/tests.o
 .debug_macro   0x0000000000000000       0xee tests/tests.o
 .debug_macro   0x0000000000000000       0x34 tests/tests.o
 .debug_macro   0x0000000000000000      0x1e9 tests/tests.o
 .debug_macro   0x0000000000000000       0x10 tests/tests.o
 .debug_macro   0x0000000000000000       0x50 tests/tests.o
 .debug_macro   0x0000000000000000       0x8e tests/tests.o
 .debug_macro   0x0000000000000000      0x1e3 tests/tests.o
 .group         0x0000000000000000        0xc libc/libk.a(string.o)
 .group         0x0000000000000000        0xc libc/libk.a(string.o)
 .group         0x0000000000000000        0xc libc/libk.a(string.o)
 .group         0x0000000000000000        0xc libc/libk.a(string.o)
 .group         0x0000000000000000        0xc libc/libk.a(string.o)
 .debug_macro   0x0000000000000000      0x844 libc/libk.a(string.o)
 .debug_macro   0x0000000000000000       0x16 libc/libk.a(string.o)
 .debug_macro   0x0000000000000000       0x88 libc/libk.a(string.o)
 .debug_macro   0x0000000000000000       0x16 libc/libk.a(string.o)
 .debug_macro   0x0000000000000000       0x22 libc/libk.a(string.o)
 .note.GNU-stack
                0x0000000000000000        0x0 libc/libk.a(string.o)
 .eh_frame      0x0000000000000000      0x198 libc/libk.a(string.o)
 .group         0x0000000000000000        0xc libc/libk.a(stdio.o)
 .group         0x0000000000000000        0xc libc/libk.a(stdio.o)
 .group         0x0000000000000000        0xc libc/libk.a(stdio.o)
 .group         0x0000000000000000        0xc libc/libk.a(stdio.o)
 .group         0x0000000000000000        0xc libc/libk.a(stdio.o)
 .group         0x0000000000000000        0xc libc/libk.a(stdio.o)
 .group         0x0000000000000000        0xc libc/libk.a(stdio.o)
 .group         0x0000000000000000        0xc libc/libk.a(stdio.o)
 .group         0x0000000000000000        0xc libc/libk.a(stdio.o)
 .debug_macro   0x0000000000000000      0x844 libc/libk.a(stdio.o)
 .debug_macro   0x0000000000000000       0x16 libc/libk.a(stdio.o)
 .debug_macro   0x0000000000000000       0x82 libc/libk.a(stdio.o)
 .debug_macro   0x0000000000000000       0x22 libc/libk.a(stdio.o)
 .debug_macro   0x0000000000000000       0x16 libc/libk.a(stdio.o)
 .debug_macro   0x0000000000000000      0x1e3 libc/libk.a(stdio.o)
 .debug_macro   0x0000000000000000       0x22 libc/libk.a(stdio.o)
 .debug_macro   0x0000000000000000       0x3a libc/libk.a(stdio.o)
 .debug_macro   0x0000000000000000       0x2e libc/libk.a(stdio.o)
 .note.GNU-stack
                0x0000000000000000        0x0 libc/libk.a(stdio.o)
 .eh_frame      0x0000000000000000       0x58 libc/libk.a(stdio.o)
 .group         0x0000000000000000        0xc libc/libk.a(vsprintf.o)
 .group         0x0000000000000000        0xc libc/libk.a(vsprintf.o)
 .group         0x0000000000000000        0xc libc/libk.a(vsprintf.o)
 .group         0x0000000000000000        0xc libc/libk.a(vsprintf.o)
 .group         0x0000000000000000        0xc libc/libk.a(vsprintf.o)
 .debug_macro   0x0000000000000000      0x844 libc/libk.a(vsprintf.o)
 .debug_macro   0x0000000000000000       0x16 libc/libk.a(vsprintf.o)
 .debug_macro   0x0000000000000000       0x10 libc/libk.a(vsprintf.o)
 .debug_macro   0x0000000000000000       0x22 libc/libk.a(vsprintf.o)
 .debug_macro   0x0000000000000000       0x88 libc/libk.a(vsprintf.o)
 .note.GNU-stack
                0x0000000000000000        0x0 libc/libk.a(vsprintf.o)
 .eh_frame      0x0000000000000000       0xfc libc/libk.a(vsprintf.o)

Memory Configuration

Name             Origin             Length             Attributes
*default*        0x0000000000000000 0xffffffffffffffff

Linker script and memory map

                0x00000000c0100000                . = 0xc0100000
                0x00000000c0100000                kernel_start = .
                0x00000000c0100100                . = (. + 0x100)
                0x00000000c0100100                kcode_start = .

.text           0x00000000c0100100     0x9681
 *(.text)
 .text          0x00000000c0100100      0xf9f init/init.o
                0x00000000c0100100                create_gdt_entry
                0x00000000c010017d                gdt_init_flat_protected
                0x00000000c01002c5                get_gdt_ptr
                0x00000000c01002cf                kmain
                0x00000000c010077f                run_cmd
                0x00000000c0101011                shell
                0x00000000c010107a                load_gdt
                0x00000000c0101097                load_idt
 .text          0x00000000c010109f     0x153c mm/mm.o
                0x00000000c01012d2                get_kernel_heap
                0x00000000c01012dc                kheap_init
                0x00000000c010145e                kheap_stats
                0x00000000c01015d0                kmalloc
                0x00000000c0101725                kfree
                0x00000000c0101855                krealloc
                0x00000000c010191d                realloc
                0x00000000c010193b                malloc
                0x00000000c0101950                free
                0x00000000c0101a60                kmm_setup_memory_region
                0x00000000c0101af2                kmm_init
                0x00000000c0101cab                kmm_frame_alloc
                0x00000000c0101d3d                kmm_frame_free
                0x00000000c0101d92                kmm_get_total_frames
                0x00000000c0101d9c                kmm_get_used_frames
                0x00000000c0101e7e                vmm_switch_pagedir
                0x00000000c0101eb5                vmm_init
                0x00000000c0101f77                vmm_create_address_space
                0x00000000c0101fb7                vmm_create_pt
                0x00000000c0102021                vmm_map_page
                0x00000000c0102097                vmm_get_phys_frame
                0x00000000c0102116                vmm_clone_pagetable
                0x00000000c01021fe                vmm_clone_pagedir
                0x00000000c0102324                vmm_page_alloc
                0x00000000c010237c                vmm_alloc_region
                0x00000000c0102447                vmm_free_region
                0x00000000c0102572                vmm_page_free
                0x00000000c01025b7                vmm_get_kerneldir
                0x00000000c01025c1                vmm_get_current_pagedir
 .text          0x00000000c01025db     0x1648 driver/driver.o
                0x00000000c01025db                blkdev_register
                0x00000000c0102861                blkdev_get_by_name
                0x00000000c0102951                blkread
                0x00000000c0102a45                dma_set_address
                0x00000000c0102b24                dma_set_count
                0x00000000c0102c03                dma_set_external_pagereg
                0x00000000c0102cba                dma_set_mode
                0x00000000c0102d77                dma_setup_read
                0x00000000c0102d98                dma_setup_write
                0x00000000c0102db9                dma_mask_channel
                0x00000000c0102e52                dma_unmask_channel
                0x00000000c0102ee5                dma_unmask_all
                0x00000000c0102ef7                dma_reset_flipflop
                0x00000000c0102f26                dma_reset
                0x00000000c0102f55                dma_disable
                0x00000000c01034e4                fdc_init
                0x00000000c0103546                fdc_reset
                0x00000000c01035b4                fdc_read_sector
                0x00000000c0103671                fdc_lba_to_chs
                0x00000000c0103720                fdc_set_drive
                0x00000000c0103740                fdc_get_drive
                0x00000000c010376b                pic_init
                0x00000000c010380d                pic_send_eoi
                0x00000000c0103879                serial_init
                0x00000000c010395e                serial_putc
                0x00000000c010399a                serial_puts
                0x00000000c01039d9                serial_getc
                0x00000000c0103b58                init_system_timer
                0x00000000c0103bbc                _timer_interrupt_handler
                0x00000000c0103be0                get_system_tick_count
                0x00000000c0103bea                sleep
 .text          0x00000000c0103c23      0x9ff proc/proc.o
                0x00000000c0103c23                elf_check_hdr
                0x00000000c0103c97                elf_load_seg
                0x00000000c0103d91                elf_load
                0x00000000c0103ea0                process_create
                0x00000000c0103f08                process_destroy
                0x00000000c0103fa3                process_spawn
                0x00000000c0104031                process_fork
                0x00000000c0104037                process_find_by_pid
                0x00000000c010403d                process_exit
                0x00000000c0104043                _get_main_thread
                0x00000000c0104080                thread_create
                0x00000000c01041ae                thread_destroy
                0x00000000c01042d6                scheduler_init
                0x00000000c01043b1                scheduler_tick
                0x00000000c010446a                scheduler_switch
                0x00000000c01044f3                scheduler_post
                0x00000000c010455d                get_current_proc
                0x00000000c0104567                get_current_thread
                0x00000000c0104571                thread_exit
                0x00000000c01045ed                tss_flush
                0x00000000c0104607                tss_update_esp0
                0x00000000c0104618                tss_get_global
 .text          0x00000000c0104622      0xe33 fs/fs.o
                0x00000000c0104a72                fat12_mount
                0x00000000c0104d96                fat12_unmount
                0x00000000c0104e56                fat12_open
                0x00000000c0104eb3                fat12_read
                0x00000000c010510d                fat12_close
                0x00000000c0105117                fat12_write
                0x00000000c0105121                fat12_readdir
                0x00000000c01051c3                vfs_init
                0x00000000c0105207                vfs_mount
                0x00000000c01052f9                vfs_open
                0x00000000c01053eb                vfs_read
 .text          0x00000000c0105455     0x1995 objs/impl.o
                0x00000000c01054a3                idt_init
                0x00000000c01059ca                get_idt_ptr
                0x00000000c01059fb                setup_x86_interrutps
                0x00000000c0105a30                register_interrupt_handler
                0x00000000c0105a4d                unregister_interrupt_handler
                0x00000000c0105a6b                get_interrupt_handler
                0x00000000c0105a84                interrupt_dispatch
                0x00000000c0105ad3                isr0
                0x00000000c0105adc                isr1
                0x00000000c0105ae5                isr2
                0x00000000c0105aee                isr3
                0x00000000c0105af7                isr4
                0x00000000c0105b00                isr5
                0x00000000c0105b09                isr6
                0x00000000c0105b12                isr7
                0x00000000c0105b1b                isr8
                0x00000000c0105b22                isr9
                0x00000000c0105b2b                isr10
                0x00000000c0105b32                isr11
                0x00000000c0105b39                isr12
                0x00000000c0105b40                isr13
                0x00000000c0105b47                isr14
                0x00000000c0105b4e                isr15
                0x00000000c0105b57                isr16
                0x00000000c0105b60                isr17
                0x00000000c0105b67                isr18
                0x00000000c0105b70                isr19
                0x00000000c0105b79                isr20
                0x00000000c0105b82                isr21
                0x00000000c0105b89                isr22
                0x00000000c0105b92                isr23
                0x00000000c0105b9b                isr24
                0x00000000c0105ba4                isr25
                0x00000000c0105bad                isr26
                0x00000000c0105bb6                isr27
                0x00000000c0105bbf                isr28
                0x00000000c0105bc5                isr29
                0x00000000c0105bcb                isr30
                0x00000000c0105bd1                isr31
                0x00000000c0105bd7                isr32
                0x00000000c0105bdd                isr33
                0x00000000c0105be3                isr34
                0x00000000c0105be9                isr35
                0x00000000c0105bef                isr36
                0x00000000c0105bf5                isr37
                0x00000000c0105bfb                isr38
                0x00000000c0105c01                isr39
                0x00000000c0105c07                isr40
                0x00000000c0105c0d                isr41
                0x00000000c0105c13                isr42
                0x00000000c0105c19                isr43
                0x00000000c0105c1f                isr44
                0x00000000c0105c25                isr45
                0x00000000c0105c2b                isr46
                0x00000000c0105c31                isr47
                0x00000000c0105c37                isr128
                0x00000000c010618f                kbd_init
                0x00000000c010622f                kbd_get_lastscancode
                0x00000000c010623b                kbd_get_lastkey
                0x00000000c0106263                kbd_getlastkey_buf
                0x00000000c0106276                kbd_clear_lastkey
                0x00000000c0106283                kbd_keycode_to_ascii
                0x00000000c01063b6                kbd_get_numlock
                0x00000000c01063c2                kbd_get_capslock
                0x00000000c01063ce                kbd_get_scrolllock
                0x00000000c01063da                kbd_get_shift
                0x00000000c01063e6                kbd_get_ctrl
                0x00000000c01063f2                kbd_get_alt
                0x00000000c01063fe                kbd_ignore_resend
                0x00000000c010640b                kbd_should_resend
                0x00000000c0106417                kbd_set_leds
                0x00000000c010649b                kbd_self_test
                0x00000000c01064c7                kbd_bat_result
                0x00000000c01064d3                kbd_diag_result
                0x00000000c01064df                kbd_is_enabled
                0x00000000c01064eb                kbd_setstate
                0x00000000c01065a8                syscall_init
                0x00000000c010666d                tty_init
                0x00000000c0106680                terminal_getc
                0x00000000c01066a8                terminal_read
                0x00000000c010670d                terminal_stdin_init
                0x00000000c010671b                terminal_move_cursor
                0x00000000c010677d                terminal_clear_scr
                0x00000000c0106823                terminal_clear_log
                0x00000000c01068c9                terminal_setcolor
                0x00000000c01068e1                terminal_get_colour
                0x00000000c01068ed                terminal_settext_color
                0x00000000c0106925                terminal_setbg_color
                0x00000000c010695d                terminal_reset_color
                0x00000000c0106984                terminal_stdout_init
                0x00000000c01069c7                terminal_putc
                0x00000000c0106c3b                terminal_write
                0x00000000c0106c82                terminal_writestring
                0x00000000c0106cc7                vga_entry_color
                0x00000000c0106cd9                vga_entry
                0x00000000c0106cfa                vga_move_cursor_to
                0x00000000c0106d83                vga_putentry_at
                0x00000000c0106de0                vga_get_screen_buffer
 .text          0x00000000c0106dea     0x197b tests/tests.o
                0x00000000c0106dea                test_elf_check_valid_header
                0x00000000c0106e73                test_elf_load_program
                0x00000000c0106f83                test_elf_load_nonexistent
                0x00000000c0107002                test_process_create_nonnull
                0x00000000c010708b                test_process_create_different_priorities
                0x00000000c01071b4                test_process_name_handling
                0x00000000c0107297                test_get_main_thread_nonnull
                0x00000000c010731e                test_thread_creation
                0x00000000c01073b5                test_multiple_thread_creation
                0x00000000c0107522                test_scheduler_get_current_thread
                0x00000000c010755a                test_scheduler_get_current_proc
                0x00000000c01075a1                test_scheduler_post_thread
                0x00000000c010766a                test_multiple_process_creation
                0x00000000c01077a8                test_thread_destroy_safe
                0x00000000c0107860                test_scheduler_init_idempotent
                0x00000000c01078bd                test_process_exit_safe
                0x00000000c0107965                test_concurrent_scheduler_ops
                0x00000000c0107ac7                test_many_threads_creation
                0x00000000c0107d68                thread_test
                0x00000000c0107e71                test_tick_count_incrementing
                0x00000000c0107fd1                test_sleep_duration
                0x00000000c01080a9                test_multiple_sleeps
                0x00000000c01082bf                test_tss_global_access
                0x00000000c010838d                test_tss_esp0_update
                0x00000000c01085a0                utoa
                0x00000000c0108652                start_tests
                0x00000000c01086d6                read_command
                0x00000000c0108741                send_msg
 .text          0x00000000c0108765      0x5e7 libc/libk.a(string.o)
                0x00000000c0108765                strlen
                0x00000000c010878c                memset
                0x00000000c01087bf                strcmp
                0x00000000c01087fe                memcpy
                0x00000000c010883f                memcmp
                0x00000000c01088a7                strcpy
                0x00000000c01088e1                strncpy
                0x00000000c010893e                strchr
                0x00000000c010896a                strtok
                0x00000000c0108a1c                strtol
                0x00000000c0108be4                strtok_r
                0x00000000c0108d02                strcat
 .text          0x00000000c0108d4c       0x79 libc/libk.a(stdio.o)
                0x00000000c0108d4c                printk
                0x00000000c0108d90                getlinek
 .text          0x00000000c0108dc5      0x9bc libc/libk.a(vsprintf.o)
                0x00000000c01092d5                vsnprintf
                0x00000000c0109781                kcode_end = .
                0x00000000c0109781                krodata_start = .

.iplt           0x00000000c0109781        0x0
 .iplt          0x00000000c0109781        0x0 init/init.o

.rodata         0x00000000c01097a0     0x1ec8
 *(.rodata)
 .rodata        0x00000000c01097a0      0x70b init/init.o
 *fill*         0x00000000c0109eab        0x1 
 .rodata        0x00000000c0109eac       0xbc mm/mm.o
 .rodata        0x00000000c0109f68      0x3d2 driver/driver.o
 .rodata        0x00000000c010a33a        0xa fs/fs.o
 *fill*         0x00000000c010a344       0x1c 
 .rodata        0x00000000c010a360      0x393 objs/impl.o
 *fill*         0x00000000c010a6f3        0x1 
 .rodata        0x00000000c010a6f4      0xea0 tests/tests.o
 .rodata        0x00000000c010b594       0xd4 libc/libk.a(vsprintf.o)
 *(.rodata.*)
                0x00000000c010b668                krodata_end = .
                0x00000000c010b668                kdata_start = .

.rel.dyn        0x00000000c010b668        0x0
 .rel.got       0x00000000c010b668        0x0 init/init.o
 .rel.iplt      0x00000000c010b668        0x0 init/init.o
 .rel.text      0x00000000c010b668        0x0 init/init.o

.data           0x00000000c010b680      0x128
 *(.data)
 .data          0x00000000c010b680        0x0 init/init.o
 .data          0x00000000c010b680        0x0 mm/mm.o
 .data          0x00000000c010b680        0x4 driver/driver.o
 .data          0x00000000c010b684        0xc proc/proc.o
                0x00000000c010b68c                global_tss
 .data          0x00000000c010b690       0x28 fs/fs.o
                0x00000000c010b690                fat12_fs_type
                0x00000000c010b6b0                fs_types
 .data          0x00000000c010b6b8       0x18 objs/impl.o
 *fill*         0x00000000c010b6d0       0x10 
 .data          0x00000000c010b6e0       0xc8 tests/tests.o
 .data          0x00000000c010b7a8        0x0 libc/libk.a(string.o)
 .data          0x00000000c010b7a8        0x0 libc/libk.a(stdio.o)
 .data          0x00000000c010b7a8        0x0 libc/libk.a(vsprintf.o)
                0x00000000c010b7a8                kdata_end = .
                0x00000000c010b7a8                kbss_start = .

.got            0x00000000c010b7a8        0x0
 .got           0x00000000c010b7a8        0x0 init/init.o

.got.plt        0x00000000c010b7a8        0x0
 .got.plt       0x00000000c010b7a8        0x0 init/init.o

.igot.plt       0x00000000c010b7a8        0x0
 .igot.plt      0x00000000c010b7a8        0x0 init/init.o

.bss            0x00000000c010b7c0     0x1024
 *(.bss)
 .bss           0x00000000c010b7c0       0x36 init/init.o
 *fill*         0x00000000c010b7f6        0xa 
 .bss           0x00000000c010b800       0xd4 mm/mm.o
                0x00000000c010b800                kernel_heap
 .bss           0x00000000c010b8d4       0x20 driver/driver.o
                0x00000000c010b8ec                ticks
                0x00000000c010b8f0                freq
 *fill*         0x00000000c010b8f4        0xc 
 .bss           0x00000000c010b900       0xc8 proc/proc.o
 .bss           0x00000000c010b9c8        0xc fs/fs.o
 *fill*         0x00000000c010b9d4        0xc 
 .bss           0x00000000c010b9e0      0xd58 objs/impl.o
                0x00000000c010b9e0                idt
                0x00000000c010c1e0                idt_ptr
 *fill*         0x00000000c010c738        0x8 
 .bss           0x00000000c010c740       0xa0 tests/tests.o
 .bss           0x00000000c010c7e0        0x4 libc/libk.a(string.o)
 .bss           0x00000000c010c7e4        0x0 libc/libk.a(stdio.o)
 .bss           0x00000000c010c7e4        0x0 libc/libk.a(vsprintf.o)
                0x00000000c010c7e4                kbss_end = .

/DISCARD/
 *(.eh_frame .note.GNU-stack)
                0x00000000c010c7e4                kernel_end = .
LOAD init/init.o
LOAD mm/mm.o
LOAD driver/driver.o
LOAD proc/proc.o
LOAD fs/fs.o
LOAD objs/impl.o
LOAD tests/tests.o
LOAD libc/libk.a
OUTPUT(kernel.elf elf32-i386)

.comment        0x0000000000000000       0x2d
 .comment       0x0000000000000000       0x2d init/init.o
                                         0x8a (size before relaxing)
 .comment       0x000000000000002d       0x8a mm/mm.o
 .comment       0x000000000000002d      0x114 driver/driver.o
 .comment       0x000000000000002d       0x8a proc/proc.o
 .comment       0x000000000000002d       0x5c fs/fs.o
 .comment       0x000000000000002d      0x114 objs/impl.o
 .comment       0x000000000000002d       0xe6 tests/tests.o
 .comment       0x000000000000002d       0x2e libc/libk.a(string.o)
 .comment       0x000000000000002d       0x2e libc/libk.a(stdio.o)
 .comment       0x000000000000002d       0x2e libc/libk.a(vsprintf.o)

.debug_aranges  0x0000000000000000      0x420
 .debug_aranges
                0x0000000000000000       0x80 init/init.o
 .debug_aranges
                0x0000000000000080       0x60 mm/mm.o
 .debug_aranges
                0x00000000000000e0       0xc0 driver/driver.o
 .debug_aranges
                0x00000000000001a0       0x60 proc/proc.o
 .debug_aranges
                0x0000000000000200       0x40 fs/fs.o
 .debug_aranges
                0x0000000000000240       0xe0 objs/impl.o
 .debug_aranges
                0x0000000000000320       0xa0 tests/tests.o
 .debug_aranges
                0x00000000000003c0       0x20 libc/libk.a(string.o)
 .debug_aranges
                0x00000000000003e0       0x20 libc/libk.a(stdio.o)
 .debug_aranges
                0x0000000000000400       0x20 libc/libk.a(vsprintf.o)

.debug_info     0x0000000000000000     0xb2f1
 .debug_info    0x0000000000000000      0xe30 init/init.o
 .debug_info    0x0000000000000e30     0x1974 mm/mm.o
 .debug_info    0x00000000000027a4     0x1a3c driver/driver.o
 .debug_info    0x00000000000041e0     0x11b6 proc/proc.o
 .debug_info    0x0000000000005396     0x1614 fs/fs.o
 .debug_info    0x00000000000069aa     0x2227 objs/impl.o
 .debug_info    0x0000000000008bd1     0x1ba1 tests/tests.o
 .debug_info    0x000000000000a772      0x53b libc/libk.a(string.o)
 .debug_info    0x000000000000acad      0x195 libc/libk.a(stdio.o)
 .debug_info    0x000000000000ae42      0x4af libc/libk.a(vsprintf.o)

.debug_abbrev   0x0000000000000000     0x3629
 .debug_abbrev  0x0000000000000000      0x4db init/init.o
 .debug_abbrev  0x00000000000004db      0x772 mm/mm.o
 .debug_abbrev  0x0000000000000c4d      0xa0f driver/driver.o
 .debug_abbrev  0x000000000000165c      0x51d proc/proc.o
 .debug_abbrev  0x0000000000001b79      0x489 fs/fs.o
 .debug_abbrev  0x0000000000002002      0xacd objs/impl.o
 .debug_abbrev  0x0000000000002acf      0x7bb tests/tests.o
 .debug_abbrev  0x000000000000328a      0x15e libc/libk.a(string.o)
 .debug_abbrev  0x00000000000033e8      0x101 libc/libk.a(stdio.o)
 .debug_abbrev  0x00000000000034e9      0x140 libc/libk.a(vsprintf.o)

.debug_line     0x0000000000000000     0x7391
 .debug_line    0x0000000000000000      0xace init/init.o
 .debug_line    0x0000000000000ace     0x10d0 mm/mm.o
 .debug_line    0x0000000000001b9e     0x11a7 driver/driver.o
 .debug_line    0x0000000000002d45      0xa8e proc/proc.o
 .debug_line    0x00000000000037d3      0xafe fs/fs.o
 .debug_line    0x00000000000042d1     0x13de objs/impl.o
 .debug_line    0x00000000000056af     0x1059 tests/tests.o
 .debug_line    0x0000000000006708      0x4bd libc/libk.a(string.o)
 .debug_line    0x0000000000006bc5      0x1a2 libc/libk.a(stdio.o)
 .debug_line    0x0000000000006d67      0x62a libc/libk.a(vsprintf.o)

.debug_str      0x0000000000000000     0x9f18
 .debug_str     0x0000000000000000     0x65ba init/init.o
                                       0xd215 (size before relaxing)
 .debug_str     0x00000000000065ba      0x7af mm/mm.o
                                       0xc427 (size before relaxing)
 .debug_str     0x0000000000006d69      0xf26 driver/driver.o
                                      0x16c1a (size before relaxing)
 .debug_str     0x0000000000007c8f      0x4b4 proc/proc.o
                                       0xa860 (size before relaxing)
 .debug_str     0x0000000000008143      0x5d5 fs/fs.o
                                       0x7a67 (size before relaxing)
 .debug_str     0x0000000000008718      0xec4 objs/impl.o
                                      0x16bb0 (size before relaxing)
 .debug_str     0x00000000000095dc      0x72d tests/tests.o
                                      0x11f04 (size before relaxing)
 .debug_str     0x0000000000009d09       0x80 libc/libk.a(string.o)
                                       0x2d04 (size before relaxing)
 .debug_str     0x0000000000009d89       0x2b libc/libk.a(stdio.o)
                                       0x3755 (size before relaxing)
 .debug_str     0x0000000000009db4      0x164 libc/libk.a(vsprintf.o)
                                       0x2e5b (size before relaxing)

.debug_macro    0x0000000000000000     0x3ec8
 .debug_macro   0x0000000000000000      0x2bb init/init.o
 .debug_macro   0x00000000000002bb      0x844 init/init.o
 .debug_macro   0x0000000000000aff       0x16 init/init.o
 .debug_macro   0x0000000000000b15       0x82 init/init.o
 .debug_macro   0x0000000000000b97       0x82 init/init.o
 .debug_macro   0x0000000000000c19       0x16 init/init.o
 .debug_macro   0x0000000000000c2f       0x10 init/init.o
 .debug_macro   0x0000000000000c3f       0x88 init/init.o
 .debug_macro   0x0000000000000cc7       0x22 init/init.o
 .debug_macro   0x0000000000000ce9       0x58 init/init.o
 .debug_macro   0x0000000000000d41       0x40 init/init.o
 .debug_macro   0x0000000000000d81       0x22 init/init.o
 .debug_macro   0x0000000000000da3      0x160 init/init.o
 .debug_macro   0x0000000000000f03       0x52 init/init.o
 .debug_macro   0x0000000000000f55       0x8e init/init.o
 .debug_macro   0x0000000000000fe3      0x1d8 init/init.o
 .debug_macro   0x00000000000011bb      0x1e9 init/init.o
 .debug_macro   0x00000000000013a4       0x88 init/init.o
 .debug_macro   0x000000000000142c       0x46 init/init.o
 .debug_macro   0x0000000000001472       0x10 init/init.o
 .debug_macro   0x0000000000001482       0x76 init/init.o
 .debug_macro   0x00000000000014f8       0x8e init/init.o
 .debug_macro   0x0000000000001586       0x3a init/init.o
 .debug_macro   0x00000000000015c0       0x2e init/init.o
 .debug_macro   0x00000000000015ee       0x10 init/init.o
 .debug_macro   0x00000000000015fe       0x2e init/init.o
 .debug_macro   0x000000000000162c       0x10 init/init.o
 .debug_macro   0x000000000000163c       0x58 init/init.o
 .debug_macro   0x0000000000001694       0x50 init/init.o
 .debug_macro   0x00000000000016e4       0x76 init/init.o
 .debug_macro   0x000000000000175a       0xe8 init/init.o
 .debug_macro   0x0000000000001842      0x27c mm/mm.o
 .debug_macro   0x0000000000001abe      0x838 mm/mm.o
 .debug_macro   0x00000000000022f6       0x3a mm/mm.o
 .debug_macro   0x0000000000002330       0x64 mm/mm.o
 .debug_macro   0x0000000000002394       0x16 mm/mm.o
 .debug_macro   0x00000000000023aa       0x70 mm/mm.o
 .debug_macro   0x000000000000241a      0x39c driver/driver.o
 .debug_macro   0x00000000000027b6      0x1bd driver/driver.o
 .debug_macro   0x0000000000002973      0x1d2 driver/driver.o
 .debug_macro   0x0000000000002b45      0x1c3 driver/driver.o
 .debug_macro   0x0000000000002d08       0x4a driver/driver.o
 .debug_macro   0x0000000000002d52       0xa6 driver/driver.o
 .debug_macro   0x0000000000002df8      0x1e3 driver/driver.o
 .debug_macro   0x0000000000002fdb      0x1b0 proc/proc.o
 .debug_macro   0x000000000000318b       0xee proc/proc.o
 .debug_macro   0x0000000000003279       0x34 proc/proc.o
 .debug_macro   0x00000000000032ad      0x189 fs/fs.o
 .debug_macro   0x0000000000003436      0x39c objs/impl.o
 .debug_macro   0x00000000000037d2       0x40 objs/impl.o
 .debug_macro   0x0000000000003812      0x166 objs/impl.o
 .debug_macro   0x0000000000003978       0x10 objs/impl.o
 .debug_macro   0x0000000000003988       0x40 objs/impl.o
 .debug_macro   0x00000000000039c8      0x2e0 tests/tests.o
 .debug_macro   0x0000000000003ca8       0x2e tests/tests.o
 .debug_macro   0x0000000000003cd6       0x2e tests/tests.o
 .debug_macro   0x0000000000003d04       0x34 tests/tests.o
 .debug_macro   0x0000000000003d38       0x3f libc/libk.a(string.o)
 .debug_macro   0x0000000000003d77       0x8f libc/libk.a(stdio.o)
 .debug_macro   0x0000000000003e06       0xc2 libc/libk.a(vsprintf.o)

.debug_ranges   0x0000000000000000       0x78
 .debug_ranges  0x0000000000000000       0x18 mm/mm.o
 .debug_ranges  0x0000000000000018       0x18 fs/fs.o
 .debug_ranges  0x0000000000000030       0x48 libc/libk.a(string.o)
