Archive member included to satisfy reference by file (symbol)

libc/libk.a(string.o)         init/init.o (strlen)
libc/libk.a(stdio.o)          init/init.o (printk)
libc/libk.a(vsprintf.o)       libc/libk.a(stdio.o) (vsnprintf)

Discarded input sections

 .group         0x0000000000000000        0xc init/init.o
 .group         0x0000000000000000        0xc init/init.o
 .group         0x0000000000000000        0xc init/init.o
 .group         0x0000000000000000        0xc init/init.o
 .group         0x0000000000000000        0xc init/init.o
 .group         0x0000000000000000        0xc init/init.o
 .group         0x0000000000000000        0xc init/init.o
 .group         0x0000000000000000        0xc init/init.o
 .group         0x0000000000000000        0xc init/init.o
 .group         0x0000000000000000        0xc init/init.o
 .group         0x0000000000000000        0xc init/init.o
 .group         0x0000000000000000        0xc init/init.o
 .group         0x0000000000000000        0xc init/init.o
 .group         0x0000000000000000        0xc init/init.o
 .group         0x0000000000000000        0xc init/init.o
 .group         0x0000000000000000        0xc init/init.o
 .group         0x0000000000000000        0xc init/init.o
 .group         0x0000000000000000        0xc init/init.o
 .group         0x0000000000000000        0xc init/init.o
 .group         0x0000000000000000        0xc init/init.o
 .group         0x0000000000000000        0xc init/init.o
 .group         0x0000000000000000        0xc init/init.o
 .group         0x0000000000000000        0xc init/init.o
 .group         0x0000000000000000        0xc init/init.o
 .group         0x0000000000000000        0xc init/init.o
 .group         0x0000000000000000        0xc init/init.o
 .group         0x0000000000000000        0xc init/init.o
 .group         0x0000000000000000        0xc init/init.o
 .group         0x0000000000000000        0xc init/init.o
 .group         0x0000000000000000        0xc init/init.o
 .eh_frame      0x0000000000000000      0x194 init/init.o
 .note.GNU-stack
                0x0000000000000000        0x0 init/init.o
 .group         0x0000000000000000        0xc mm/mm.o
 .group         0x0000000000000000        0xc mm/mm.o
 .group         0x0000000000000000        0xc mm/mm.o
 .group         0x0000000000000000        0xc mm/mm.o
 .group         0x0000000000000000        0xc mm/mm.o
 .group         0x0000000000000000        0xc mm/mm.o
 .group         0x0000000000000000        0xc mm/mm.o
 .group         0x0000000000000000        0xc mm/mm.o
 .group         0x0000000000000000        0xc mm/mm.o
 .group         0x0000000000000000        0xc mm/mm.o
 .group         0x0000000000000000        0xc mm/mm.o
 .group         0x0000000000000000        0xc mm/mm.o
 .group         0x0000000000000000        0xc mm/mm.o
 .group         0x0000000000000000        0xc mm/mm.o
 .group         0x0000000000000000        0xc mm/mm.o
 .group         0x0000000000000000        0xc mm/mm.o
 .group         0x0000000000000000        0xc mm/mm.o
 .group         0x0000000000000000        0xc mm/mm.o
 .group         0x0000000000000000        0xc mm/mm.o
 .group         0x0000000000000000        0xc mm/mm.o
 .eh_frame      0x0000000000000000      0x670 mm/mm.o
 .note.GNU-stack
                0x0000000000000000        0x0 mm/mm.o
 .debug_macro   0x0000000000000000       0x16 mm/mm.o
 .debug_macro   0x0000000000000000       0x16 mm/mm.o
 .debug_macro   0x0000000000000000       0x22 mm/mm.o
 .debug_macro   0x0000000000000000       0x88 mm/mm.o
 .debug_macro   0x0000000000000000       0x22 mm/mm.o
 .debug_macro   0x0000000000000000       0x76 mm/mm.o
 .debug_macro   0x0000000000000000       0x8e mm/mm.o
 .debug_macro   0x0000000000000000       0x3a mm/mm.o
 .debug_macro   0x0000000000000000       0x10 mm/mm.o
 .debug_macro   0x0000000000000000       0x58 mm/mm.o
 .debug_macro   0x0000000000000000       0x50 mm/mm.o
 .debug_macro   0x0000000000000000       0x82 mm/mm.o
 .debug_macro   0x0000000000000000       0x2e mm/mm.o
 .debug_macro   0x0000000000000000       0x40 mm/mm.o
 .debug_macro   0x0000000000000000       0x52 mm/mm.o
 .group         0x0000000000000000        0xc driver/driver.o
 .group         0x0000000000000000        0xc driver/driver.o
 .group         0x0000000000000000        0xc driver/driver.o
 .group         0x0000000000000000        0xc driver/driver.o
 .group         0x0000000000000000        0xc driver/driver.o
 .group         0x0000000000000000        0xc driver/driver.o
 .group         0x0000000000000000        0xc driver/driver.o
 .group         0x0000000000000000        0xc driver/driver.o
 .group         0x0000000000000000        0xc driver/driver.o
 .group         0x0000000000000000        0xc driver/driver.o
 .group         0x0000000000000000        0xc driver/driver.o
 .group         0x0000000000000000        0xc driver/driver.o
 .group         0x0000000000000000        0xc driver/driver.o
 .group         0x0000000000000000        0xc driver/driver.o
 .group         0x0000000000000000        0xc driver/driver.o
 .group         0x0000000000000000        0xc driver/driver.o
 .group         0x0000000000000000        0xc driver/driver.o
 .group         0x0000000000000000        0xc driver/driver.o
 .group         0x0000000000000000        0xc driver/driver.o
 .group         0x0000000000000000        0xc driver/driver.o
 .eh_frame      0x0000000000000000      0x894 driver/driver.o
 .note.GNU-stack
                0x0000000000000000        0x0 driver/driver.o
 .debug_macro   0x0000000000000000      0x844 driver/driver.o
 .debug_macro   0x0000000000000000       0x16 driver/driver.o
 .debug_macro   0x0000000000000000       0x82 driver/driver.o
 .debug_macro   0x0000000000000000       0x16 driver/driver.o
 .debug_macro   0x0000000000000000       0x22 driver/driver.o
 .debug_macro   0x0000000000000000       0x22 driver/driver.o
 .debug_macro   0x0000000000000000       0x40 driver/driver.o
 .debug_macro   0x0000000000000000       0x64 driver/driver.o
 .debug_macro   0x0000000000000000       0x50 driver/driver.o
 .debug_macro   0x0000000000000000       0x3a driver/driver.o
 .debug_macro   0x0000000000000000       0x52 driver/driver.o
 .debug_macro   0x0000000000000000       0x8e driver/driver.o
 .debug_macro   0x0000000000000000       0x10 driver/driver.o
 .debug_macro   0x0000000000000000       0x58 driver/driver.o
 .group         0x0000000000000000        0xc proc/proc.o
 .group         0x0000000000000000        0xc proc/proc.o
 .group         0x0000000000000000        0xc proc/proc.o
 .group         0x0000000000000000        0xc proc/proc.o
 .group         0x0000000000000000        0xc proc/proc.o
 .group         0x0000000000000000        0xc proc/proc.o
 .group         0x0000000000000000        0xc proc/proc.o
 .group         0x0000000000000000        0xc proc/proc.o
 .group         0x0000000000000000        0xc proc/proc.o
 .group         0x0000000000000000        0xc proc/proc.o
 .group         0x0000000000000000        0xc proc/proc.o
 .group         0x0000000000000000        0xc proc/proc.o
 .group         0x0000000000000000        0xc proc/proc.o
 .group         0x0000000000000000        0xc proc/proc.o
 .group         0x0000000000000000        0xc proc/proc.o
 .group         0x0000000000000000        0xc proc/proc.o
 .group         0x0000000000000000        0xc proc/proc.o
 .group         0x0000000000000000        0xc proc/proc.o
 .eh_frame      0x0000000000000000      0x308 proc/proc.o
 .note.GNU-stack
                0x0000000000000000        0x0 proc/proc.o
 .debug_macro   0x0000000000000000      0x844 proc/proc.o
 .debug_macro   0x0000000000000000       0x16 proc/proc.o
 .debug_macro   0x0000000000000000       0x82 proc/proc.o
 .debug_macro   0x0000000000000000       0x16 proc/proc.o
 .debug_macro   0x0000000000000000       0x22 proc/proc.o
 .debug_macro   0x0000000000000000       0x76 proc/proc.o
 .debug_macro   0x0000000000000000       0x8e proc/proc.o
 .debug_macro   0x0000000000000000       0x3a proc/proc.o
 .debug_macro   0x0000000000000000       0xe8 proc/proc.o
 .debug_macro   0x0000000000000000       0x50 proc/proc.o
 .debug_macro   0x0000000000000000       0x10 proc/proc.o
 .debug_macro   0x0000000000000000       0x88 proc/proc.o
 .debug_macro   0x0000000000000000       0x52 proc/proc.o
 .debug_macro   0x0000000000000000       0x22 proc/proc.o
 .debug_macro   0x0000000000000000       0x40 proc/proc.o
 .debug_macro   0x0000000000000000       0x64 proc/proc.o
 .group         0x0000000000000000        0xc fs/fs.o
 .group         0x0000000000000000        0xc fs/fs.o
 .group         0x0000000000000000        0xc fs/fs.o
 .group         0x0000000000000000        0xc fs/fs.o
 .group         0x0000000000000000        0xc fs/fs.o
 .group         0x0000000000000000        0xc fs/fs.o
 .group         0x0000000000000000        0xc fs/fs.o
 .group         0x0000000000000000        0xc fs/fs.o
 .group         0x0000000000000000        0xc fs/fs.o
 .group         0x0000000000000000        0xc fs/fs.o
 .group         0x0000000000000000        0xc fs/fs.o
 .group         0x0000000000000000        0xc fs/fs.o
 .group         0x0000000000000000        0xc fs/fs.o
 .group         0x0000000000000000        0xc fs/fs.o
 .eh_frame      0x0000000000000000      0x258 fs/fs.o
 .note.GNU-stack
                0x0000000000000000        0x0 fs/fs.o
 .debug_macro   0x0000000000000000      0x844 fs/fs.o
 .debug_macro   0x0000000000000000       0x16 fs/fs.o
 .debug_macro   0x0000000000000000       0x82 fs/fs.o
 .debug_macro   0x0000000000000000       0x16 fs/fs.o
 .debug_macro   0x0000000000000000       0x22 fs/fs.o
 .debug_macro   0x0000000000000000       0x10 fs/fs.o
 .debug_macro   0x0000000000000000       0x58 fs/fs.o
 .debug_macro   0x0000000000000000      0x1d8 fs/fs.o
 .debug_macro   0x0000000000000000       0x10 fs/fs.o
 .debug_macro   0x0000000000000000       0x22 fs/fs.o
 .debug_macro   0x0000000000000000       0x40 fs/fs.o
 .debug_macro   0x0000000000000000       0x64 fs/fs.o
 .debug_macro   0x0000000000000000       0x10 fs/fs.o
 .debug_macro   0x0000000000000000       0x88 fs/fs.o
 .group         0x0000000000000000        0xc objs/impl.o
 .group         0x0000000000000000        0xc objs/impl.o
 .group         0x0000000000000000        0xc objs/impl.o
 .group         0x0000000000000000        0xc objs/impl.o
 .group         0x0000000000000000        0xc objs/impl.o
 .group         0x0000000000000000        0xc objs/impl.o
 .group         0x0000000000000000        0xc objs/impl.o
 .group         0x0000000000000000        0xc objs/impl.o
 .group         0x0000000000000000        0xc objs/impl.o
 .group         0x0000000000000000        0xc objs/impl.o
 .group         0x0000000000000000        0xc objs/impl.o
 .group         0x0000000000000000        0xc objs/impl.o
 .group         0x0000000000000000        0xc objs/impl.o
 .group         0x0000000000000000        0xc objs/impl.o
 .group         0x0000000000000000        0xc objs/impl.o
 .group         0x0000000000000000        0xc objs/impl.o
 .group         0x0000000000000000        0xc objs/impl.o
 .group         0x0000000000000000        0xc objs/impl.o
 .group         0x0000000000000000        0xc objs/impl.o
 .group         0x0000000000000000        0xc objs/impl.o
 .group         0x0000000000000000        0xc objs/impl.o
 .group         0x0000000000000000        0xc objs/impl.o
 .eh_frame      0x0000000000000000      0x8cc objs/impl.o
 .note.GNU-stack
                0x0000000000000000        0x0 objs/impl.o
 .debug_macro   0x0000000000000000      0x838 objs/impl.o
 .debug_macro   0x0000000000000000       0x16 objs/impl.o
 .debug_macro   0x0000000000000000       0x82 objs/impl.o
 .debug_macro   0x0000000000000000       0x16 objs/impl.o
 .debug_macro   0x0000000000000000       0x4a objs/impl.o
 .debug_macro   0x0000000000000000       0x52 objs/impl.o
 .debug_macro   0x0000000000000000       0x46 objs/impl.o
 .debug_macro   0x0000000000000000       0xa6 objs/impl.o
 .debug_macro   0x0000000000000000       0x22 objs/impl.o
 .debug_macro   0x0000000000000000       0x40 objs/impl.o
 .debug_macro   0x0000000000000000       0x64 objs/impl.o
 .debug_macro   0x0000000000000000       0x22 objs/impl.o
 .debug_macro   0x0000000000000000       0x50 objs/impl.o
 .debug_macro   0x0000000000000000       0x3a objs/impl.o
 .debug_macro   0x0000000000000000       0x2e objs/impl.o
 .debug_macro   0x0000000000000000       0x76 objs/impl.o
 .debug_macro   0x0000000000000000       0x8e objs/impl.o
 .debug_macro   0x0000000000000000       0x3a objs/impl.o
 .group         0x0000000000000000        0xc tests/tests.o
 .group         0x0000000000000000        0xc tests/tests.o
 .group         0x0000000000000000        0xc tests/tests.o
 .group         0x0000000000000000        0xc tests/tests.o
 .group         0x0000000000000000        0xc tests/tests.o
 .group         0x0000000000000000        0xc tests/tests.o
 .group         0x0000000000000000        0xc tests/tests.o
 .group         0x0000000000000000        0xc tests/tests.o
 .group         0x0000000000000000        0xc tests/tests.o
 .group         0x0000000000000000        0xc tests/tests.o
 .group         0x0000000000000000        0xc tests/tests.o
 .group         0x0000000000000000        0xc tests/tests.o
 .group         0x0000000000000000        0xc tests/tests.o
 .group         0x0000000000000000        0xc tests/tests.o
 .group         0x0000000000000000        0xc tests/tests.o
 .group         0x0000000000000000        0xc tests/tests.o
 .group         0x0000000000000000        0xc tests/tests.o
 .group         0x0000000000000000        0xc tests/tests.o
 .group         0x0000000000000000        0xc tests/tests.o
 .group         0x0000000000000000        0xc tests/tests.o
 .group         0x0000000000000000        0xc tests/tests.o
 .eh_frame      0x0000000000000000      0x514 tests/tests.o
 .note.GNU-stack
                0x0000000000000000        0x0 tests/tests.o
 .debug_macro   0x0000000000000000      0x844 tests/tests.o
 .debug_macro   0x0000000000000000       0x16 tests/tests.o
 .debug_macro   0x0000000000000000       0x82 tests/tests.o
 .debug_macro   0x0000000000000000       0x16 tests/tests.o
 .debug_macro   0x0000000000000000       0x22 tests/tests.o
 .debug_macro   0x0000000000000000       0x76 tests/tests.o
 .debug_macro   0x0000000000000000       0x8e tests/tests.o
 .debug_macro   0x0000000000000000       0x3a tests/tests.o
 .debug_macro   0x0000000000000000       0xe8 tests/tests.o
 .debug_macro   0x0000000000000000       0x22 tests/tests.o
 .debug_macro   0x0000000000000000       0x52 tests/tests.o
 .debug_macro   0x0000000000000000       0xee tests/tests.o
 .debug_macro   0x0000000000000000       0x1c tests/tests.o
 .debug_macro   0x0000000000000000      0x1e9 tests/tests.o
 .debug_macro   0x0000000000000000       0x10 tests/tests.o
 .debug_macro   0x0000000000000000       0x50 tests/tests.o
 .debug_macro   0x0000000000000000       0x8e tests/tests.o
 .debug_macro   0x0000000000000000      0x1e3 tests/tests.o
 .group         0x0000000000000000        0xc libc/libk.a(string.o)
 .group         0x0000000000000000        0xc libc/libk.a(string.o)
 .group         0x0000000000000000        0xc libc/libk.a(string.o)
 .group         0x0000000000000000        0xc libc/libk.a(string.o)
 .group         0x0000000000000000        0xc libc/libk.a(string.o)
 .debug_macro   0x0000000000000000      0x844 libc/libk.a(string.o)
 .debug_macro   0x0000000000000000       0x16 libc/libk.a(string.o)
 .debug_macro   0x0000000000000000       0x88 libc/libk.a(string.o)
 .debug_macro   0x0000000000000000       0x16 libc/libk.a(string.o)
 .debug_macro   0x0000000000000000       0x22 libc/libk.a(string.o)
 .note.GNU-stack
                0x0000000000000000        0x0 libc/libk.a(string.o)
 .eh_frame      0x0000000000000000      0x198 libc/libk.a(string.o)
 .group         0x0000000000000000        0xc libc/libk.a(stdio.o)
 .group         0x0000000000000000        0xc libc/libk.a(stdio.o)
 .group         0x0000000000000000        0xc libc/libk.a(stdio.o)
 .group         0x0000000000000000        0xc libc/libk.a(stdio.o)
 .group         0x0000000000000000        0xc libc/libk.a(stdio.o)
 .group         0x0000000000000000        0xc libc/libk.a(stdio.o)
 .group         0x0000000000000000        0xc libc/libk.a(stdio.o)
 .group         0x0000000000000000        0xc libc/libk.a(stdio.o)
 .group         0x0000000000000000        0xc libc/libk.a(stdio.o)
 .debug_macro   0x0000000000000000      0x844 libc/libk.a(stdio.o)
 .debug_macro   0x0000000000000000       0x16 libc/libk.a(stdio.o)
 .debug_macro   0x0000000000000000       0x82 libc/libk.a(stdio.o)
 .debug_macro   0x0000000000000000       0x22 libc/libk.a(stdio.o)
 .debug_macro   0x0000000000000000       0x16 libc/libk.a(stdio.o)
 .debug_macro   0x0000000000000000      0x1e3 libc/libk.a(stdio.o)
 .debug_macro   0x0000000000000000       0x22 libc/libk.a(stdio.o)
 .debug_macro   0x0000000000000000       0x3a libc/libk.a(stdio.o)
 .debug_macro   0x0000000000000000       0x2e libc/libk.a(stdio.o)
 .note.GNU-stack
                0x0000000000000000        0x0 libc/libk.a(stdio.o)
 .eh_frame      0x0000000000000000       0x58 libc/libk.a(stdio.o)
 .group         0x0000000000000000        0xc libc/libk.a(vsprintf.o)
 .group         0x0000000000000000        0xc libc/libk.a(vsprintf.o)
 .group         0x0000000000000000        0xc libc/libk.a(vsprintf.o)
 .group         0x0000000000000000        0xc libc/libk.a(vsprintf.o)
 .group         0x0000000000000000        0xc libc/libk.a(vsprintf.o)
 .debug_macro   0x0000000000000000      0x844 libc/libk.a(vsprintf.o)
 .debug_macro   0x0000000000000000       0x16 libc/libk.a(vsprintf.o)
 .debug_macro   0x0000000000000000       0x10 libc/libk.a(vsprintf.o)
 .debug_macro   0x0000000000000000       0x22 libc/libk.a(vsprintf.o)
 .debug_macro   0x0000000000000000       0x88 libc/libk.a(vsprintf.o)
 .note.GNU-stack
                0x0000000000000000        0x0 libc/libk.a(vsprintf.o)
 .eh_frame      0x0000000000000000       0xfc libc/libk.a(vsprintf.o)

Memory Configuration

Name             Origin             Length             Attributes
*default*        0x0000000000000000 0xffffffffffffffff

Linker script and memory map

                0x00000000c0100000                . = 0xc0100000
                0x00000000c0100000                kernel_start = .
                0x00000000c0100100                . = (. + 0x100)
                0x00000000c0100100                kcode_start = .

.text           0x00000000c0100100     0x91e8
 *(.text)
 .text          0x00000000c0100100      0xf63 init/init.o
                0x00000000c0100100                create_gdt_entry
                0x00000000c010017d                gdt_init_flat_protected
                0x00000000c01002c5                get_gdt_ptr
                0x00000000c01002cf                kmain
                0x00000000c0100743                run_cmd
                0x00000000c0100fd5                shell
                0x00000000c010103e                load_gdt
                0x00000000c010105b                load_idt
 .text          0x00000000c0101063     0x153c mm/mm.o
                0x00000000c0101296                get_kernel_heap
                0x00000000c01012a0                kheap_init
                0x00000000c0101422                kheap_stats
                0x00000000c0101594                kmalloc
                0x00000000c01016e9                kfree
                0x00000000c0101819                krealloc
                0x00000000c01018e1                realloc
                0x00000000c01018ff                malloc
                0x00000000c0101914                free
                0x00000000c0101a24                kmm_setup_memory_region
                0x00000000c0101ab6                kmm_init
                0x00000000c0101c6f                kmm_frame_alloc
                0x00000000c0101d01                kmm_frame_free
                0x00000000c0101d56                kmm_get_total_frames
                0x00000000c0101d60                kmm_get_used_frames
                0x00000000c0101e42                vmm_switch_pagedir
                0x00000000c0101e79                vmm_init
                0x00000000c0101f3b                vmm_create_address_space
                0x00000000c0101f7b                vmm_create_pt
                0x00000000c0101fe5                vmm_map_page
                0x00000000c010205b                vmm_get_phys_frame
                0x00000000c01020da                vmm_clone_pagetable
                0x00000000c01021c2                vmm_clone_pagedir
                0x00000000c01022e8                vmm_page_alloc
                0x00000000c0102340                vmm_alloc_region
                0x00000000c010240b                vmm_free_region
                0x00000000c0102536                vmm_page_free
                0x00000000c010257b                vmm_get_kerneldir
                0x00000000c0102585                vmm_get_current_pagedir
 .text          0x00000000c010259f     0x1637 driver/driver.o
                0x00000000c010259f                blkdev_register
                0x00000000c0102825                blkdev_get_by_name
                0x00000000c0102915                blkread
                0x00000000c0102a09                dma_set_address
                0x00000000c0102ae8                dma_set_count
                0x00000000c0102bc7                dma_set_external_pagereg
                0x00000000c0102c7e                dma_set_mode
                0x00000000c0102d3b                dma_setup_read
                0x00000000c0102d5c                dma_setup_write
                0x00000000c0102d7d                dma_mask_channel
                0x00000000c0102e16                dma_unmask_channel
                0x00000000c0102ea9                dma_unmask_all
                0x00000000c0102ebb                dma_reset_flipflop
                0x00000000c0102eea                dma_reset
                0x00000000c0102f19                dma_disable
                0x00000000c01034a8                fdc_init
                0x00000000c010350a                fdc_reset
                0x00000000c0103578                fdc_read_sector
                0x00000000c0103635                fdc_lba_to_chs
                0x00000000c01036e4                fdc_set_drive
                0x00000000c0103704                fdc_get_drive
                0x00000000c010372f                pic_init
                0x00000000c01037d1                pic_send_eoi
                0x00000000c010383d                serial_init
                0x00000000c0103922                serial_putc
                0x00000000c010395e                serial_puts
                0x00000000c010399d                serial_getc
                0x00000000c0103b1c                init_system_timer
                0x00000000c0103b80                _timer_interrupt_handler
                0x00000000c0103b93                get_system_tick_count
                0x00000000c0103b9d                sleep
 .text          0x00000000c0103bd6      0x5b3 proc/proc.o
                0x00000000c0103bd6                elf_check_hdr
                0x00000000c0103c4a                elf_load_seg
                0x00000000c0103d44                elf_load
                0x00000000c0103e53                process_create
                0x00000000c0103ed1                process_destroy
                0x00000000c0103f62                process_spawn
                0x00000000c0103fde                process_fork
                0x00000000c0103fe4                process_find_by_pid
                0x00000000c0103fea                process_exit
                0x00000000c0103ff0                _get_main_thread
                0x00000000c0104008                thread_create
                0x00000000c0104124                thread_destroy
                0x00000000c010412a                scheduler_init
                0x00000000c0104130                scheduler_tick
                0x00000000c0104136                scheduler_switch
                0x00000000c010413c                scheduler_post
                0x00000000c0104142                get_current_proc
                0x00000000c0104148                get_current_thread
                0x00000000c010414e                thread_exit
                0x00000000c0104154                tss_flush
                0x00000000c010416e                tss_update_esp0
                0x00000000c010417f                tss_get_global
 .text          0x00000000c0104189      0xe33 fs/fs.o
                0x00000000c01045d9                fat12_mount
                0x00000000c01048fd                fat12_unmount
                0x00000000c01049bd                fat12_open
                0x00000000c0104a1a                fat12_read
                0x00000000c0104c74                fat12_close
                0x00000000c0104c7e                fat12_write
                0x00000000c0104c88                fat12_readdir
                0x00000000c0104d2a                vfs_init
                0x00000000c0104d6e                vfs_mount
                0x00000000c0104e60                vfs_open
                0x00000000c0104f52                vfs_read
 .text          0x00000000c0104fbc     0x1995 objs/impl.o
                0x00000000c010500a                idt_init
                0x00000000c0105531                get_idt_ptr
                0x00000000c0105562                setup_x86_interrutps
                0x00000000c0105597                register_interrupt_handler
                0x00000000c01055b4                unregister_interrupt_handler
                0x00000000c01055d2                get_interrupt_handler
                0x00000000c01055eb                interrupt_dispatch
                0x00000000c010563a                isr0
                0x00000000c0105643                isr1
                0x00000000c010564c                isr2
                0x00000000c0105655                isr3
                0x00000000c010565e                isr4
                0x00000000c0105667                isr5
                0x00000000c0105670                isr6
                0x00000000c0105679                isr7
                0x00000000c0105682                isr8
                0x00000000c0105689                isr9
                0x00000000c0105692                isr10
                0x00000000c0105699                isr11
                0x00000000c01056a0                isr12
                0x00000000c01056a7                isr13
                0x00000000c01056ae                isr14
                0x00000000c01056b5                isr15
                0x00000000c01056be                isr16
                0x00000000c01056c7                isr17
                0x00000000c01056ce                isr18
                0x00000000c01056d7                isr19
                0x00000000c01056e0                isr20
                0x00000000c01056e9                isr21
                0x00000000c01056f0                isr22
                0x00000000c01056f9                isr23
                0x00000000c0105702                isr24
                0x00000000c010570b                isr25
                0x00000000c0105714                isr26
                0x00000000c010571d                isr27
                0x00000000c0105726                isr28
                0x00000000c010572c                isr29
                0x00000000c0105732                isr30
                0x00000000c0105738                isr31
                0x00000000c010573e                isr32
                0x00000000c0105744                isr33
                0x00000000c010574a                isr34
                0x00000000c0105750                isr35
                0x00000000c0105756                isr36
                0x00000000c010575c                isr37
                0x00000000c0105762                isr38
                0x00000000c0105768                isr39
                0x00000000c010576e                isr40
                0x00000000c0105774                isr41
                0x00000000c010577a                isr42
                0x00000000c0105780                isr43
                0x00000000c0105786                isr44
                0x00000000c010578c                isr45
                0x00000000c0105792                isr46
                0x00000000c0105798                isr47
                0x00000000c010579e                isr128
                0x00000000c0105cf6                kbd_init
                0x00000000c0105d96                kbd_get_lastscancode
                0x00000000c0105da2                kbd_get_lastkey
                0x00000000c0105dca                kbd_getlastkey_buf
                0x00000000c0105ddd                kbd_clear_lastkey
                0x00000000c0105dea                kbd_keycode_to_ascii
                0x00000000c0105f1d                kbd_get_numlock
                0x00000000c0105f29                kbd_get_capslock
                0x00000000c0105f35                kbd_get_scrolllock
                0x00000000c0105f41                kbd_get_shift
                0x00000000c0105f4d                kbd_get_ctrl
                0x00000000c0105f59                kbd_get_alt
                0x00000000c0105f65                kbd_ignore_resend
                0x00000000c0105f72                kbd_should_resend
                0x00000000c0105f7e                kbd_set_leds
                0x00000000c0106002                kbd_self_test
                0x00000000c010602e                kbd_bat_result
                0x00000000c010603a                kbd_diag_result
                0x00000000c0106046                kbd_is_enabled
                0x00000000c0106052                kbd_setstate
                0x00000000c010610f                syscall_init
                0x00000000c01061d4                tty_init
                0x00000000c01061e7                terminal_getc
                0x00000000c010620f                terminal_read
                0x00000000c0106274                terminal_stdin_init
                0x00000000c0106282                terminal_move_cursor
                0x00000000c01062e4                terminal_clear_scr
                0x00000000c010638a                terminal_clear_log
                0x00000000c0106430                terminal_setcolor
                0x00000000c0106448                terminal_get_colour
                0x00000000c0106454                terminal_settext_color
                0x00000000c010648c                terminal_setbg_color
                0x00000000c01064c4                terminal_reset_color
                0x00000000c01064eb                terminal_stdout_init
                0x00000000c010652e                terminal_putc
                0x00000000c01067a2                terminal_write
                0x00000000c01067e9                terminal_writestring
                0x00000000c010682e                vga_entry_color
                0x00000000c0106840                vga_entry
                0x00000000c0106861                vga_move_cursor_to
                0x00000000c01068ea                vga_putentry_at
                0x00000000c0106947                vga_get_screen_buffer
 .text          0x00000000c0106951     0x197b tests/tests.o
                0x00000000c0106951                test_elf_check_valid_header
                0x00000000c01069da                test_elf_load_program
                0x00000000c0106aea                test_elf_load_nonexistent
                0x00000000c0106b69                test_process_create_nonnull
                0x00000000c0106bf2                test_process_create_different_priorities
                0x00000000c0106d1b                test_process_name_handling
                0x00000000c0106dfe                test_get_main_thread_nonnull
                0x00000000c0106e85                test_thread_creation
                0x00000000c0106f1c                test_multiple_thread_creation
                0x00000000c0107089                test_scheduler_get_current_thread
                0x00000000c01070c1                test_scheduler_get_current_proc
                0x00000000c0107108                test_scheduler_post_thread
                0x00000000c01071d1                test_multiple_process_creation
                0x00000000c010730f                test_thread_destroy_safe
                0x00000000c01073c7                test_scheduler_init_idempotent
                0x00000000c0107424                test_process_exit_safe
                0x00000000c01074cc                test_concurrent_scheduler_ops
                0x00000000c010762e                test_many_threads_creation
                0x00000000c01078cf                thread_test
                0x00000000c01079d8                test_tick_count_incrementing
                0x00000000c0107b38                test_sleep_duration
                0x00000000c0107c10                test_multiple_sleeps
                0x00000000c0107e26                test_tss_global_access
                0x00000000c0107ef4                test_tss_esp0_update
                0x00000000c0108107                utoa
                0x00000000c01081b9                start_tests
                0x00000000c010823d                read_command
                0x00000000c01082a8                send_msg
 .text          0x00000000c01082cc      0x5e7 libc/libk.a(string.o)
                0x00000000c01082cc                strlen
                0x00000000c01082f3                memset
                0x00000000c0108326                strcmp
                0x00000000c0108365                memcpy
                0x00000000c01083a6                memcmp
                0x00000000c010840e                strcpy
                0x00000000c0108448                strncpy
                0x00000000c01084a5                strchr
                0x00000000c01084d1                strtok
                0x00000000c0108583                strtol
                0x00000000c010874b                strtok_r
                0x00000000c0108869                strcat
 .text          0x00000000c01088b3       0x79 libc/libk.a(stdio.o)
                0x00000000c01088b3                printk
                0x00000000c01088f7                getlinek
 .text          0x00000000c010892c      0x9bc libc/libk.a(vsprintf.o)
                0x00000000c0108e3c                vsnprintf
                0x00000000c01092e8                kcode_end = .
                0x00000000c01092e8                krodata_start = .

.iplt           0x00000000c01092e8        0x0
 .iplt          0x00000000c01092e8        0x0 init/init.o

.rodata         0x00000000c0109300     0x1d38
 *(.rodata)
 .rodata        0x00000000c0109300      0x6ef init/init.o
 *fill*         0x00000000c01099ef        0x1 
 .rodata        0x00000000c01099f0       0xbc mm/mm.o
 .rodata        0x00000000c0109aac      0x3d2 driver/driver.o
 .rodata        0x00000000c0109e7e        0xa fs/fs.o
 *fill*         0x00000000c0109e88       0x18 
 .rodata        0x00000000c0109ea0      0x393 objs/impl.o
 *fill*         0x00000000c010a233        0x1 
 .rodata        0x00000000c010a234      0xd2e tests/tests.o
 *fill*         0x00000000c010af62        0x2 
 .rodata        0x00000000c010af64       0xd4 libc/libk.a(vsprintf.o)
 *(.rodata.*)
                0x00000000c010b038                krodata_end = .
                0x00000000c010b038                kdata_start = .

.rel.dyn        0x00000000c010b038        0x0
 .rel.got       0x00000000c010b038        0x0 init/init.o
 .rel.iplt      0x00000000c010b038        0x0 init/init.o
 .rel.text      0x00000000c010b038        0x0 init/init.o

.data           0x00000000c010b040       0xc8
 *(.data)
 .data          0x00000000c010b040        0x0 init/init.o
 .data          0x00000000c010b040        0x0 mm/mm.o
 .data          0x00000000c010b040        0x4 driver/driver.o
 .data          0x00000000c010b044        0xc proc/proc.o
                0x00000000c010b04c                global_tss
 .data          0x00000000c010b050       0x28 fs/fs.o
                0x00000000c010b050                fat12_fs_type
                0x00000000c010b070                fs_types
 .data          0x00000000c010b078       0x18 objs/impl.o
 *fill*         0x00000000c010b090       0x10 
 .data          0x00000000c010b0a0       0x68 tests/tests.o
 .data          0x00000000c010b108        0x0 libc/libk.a(string.o)
 .data          0x00000000c010b108        0x0 libc/libk.a(stdio.o)
 .data          0x00000000c010b108        0x0 libc/libk.a(vsprintf.o)
                0x00000000c010b108                kdata_end = .
                0x00000000c010b108                kbss_start = .

.got            0x00000000c010b108        0x0
 .got           0x00000000c010b108        0x0 init/init.o

.got.plt        0x00000000c010b108        0x0
 .got.plt       0x00000000c010b108        0x0 init/init.o

.igot.plt       0x00000000c010b108        0x0
 .igot.plt      0x00000000c010b108        0x0 init/init.o

.bss            0x00000000c010b120      0xfc4
 *(.bss)
 .bss           0x00000000c010b120       0x36 init/init.o
 *fill*         0x00000000c010b156        0xa 
 .bss           0x00000000c010b160       0xd4 mm/mm.o
                0x00000000c010b160                kernel_heap
 .bss           0x00000000c010b234       0x20 driver/driver.o
                0x00000000c010b24c                ticks
                0x00000000c010b250                freq
 *fill*         0x00000000c010b254        0xc 
 .bss           0x00000000c010b260       0x68 proc/proc.o
 .bss           0x00000000c010b2c8        0xc fs/fs.o
 *fill*         0x00000000c010b2d4        0xc 
 .bss           0x00000000c010b2e0      0xd58 objs/impl.o
                0x00000000c010b2e0                idt
                0x00000000c010bae0                idt_ptr
 *fill*         0x00000000c010c038        0x8 
 .bss           0x00000000c010c040       0xa0 tests/tests.o
 .bss           0x00000000c010c0e0        0x4 libc/libk.a(string.o)
 .bss           0x00000000c010c0e4        0x0 libc/libk.a(stdio.o)
 .bss           0x00000000c010c0e4        0x0 libc/libk.a(vsprintf.o)
                0x00000000c010c0e4                kbss_end = .

/DISCARD/
 *(.eh_frame .note.GNU-stack)
                0x00000000c010c0e4                kernel_end = .
LOAD init/init.o
LOAD mm/mm.o
LOAD driver/driver.o
LOAD proc/proc.o
LOAD fs/fs.o
LOAD objs/impl.o
LOAD tests/tests.o
LOAD libc/libk.a
OUTPUT(kernel.elf elf32-i386)

.comment        0x0000000000000000       0x2d
 .comment       0x0000000000000000       0x2d init/init.o
                                         0x8a (size before relaxing)
 .comment       0x000000000000002d       0x8a mm/mm.o
 .comment       0x000000000000002d      0x114 driver/driver.o
 .comment       0x000000000000002d       0x8a proc/proc.o
 .comment       0x000000000000002d       0x5c fs/fs.o
 .comment       0x000000000000002d      0x114 objs/impl.o
 .comment       0x000000000000002d       0xe6 tests/tests.o
 .comment       0x000000000000002d       0x2e libc/libk.a(string.o)
 .comment       0x000000000000002d       0x2e libc/libk.a(stdio.o)
 .comment       0x000000000000002d       0x2e libc/libk.a(vsprintf.o)

.debug_aranges  0x0000000000000000      0x420
 .debug_aranges
                0x0000000000000000       0x80 init/init.o
 .debug_aranges
                0x0000000000000080       0x60 mm/mm.o
 .debug_aranges
                0x00000000000000e0       0xc0 driver/driver.o
 .debug_aranges
                0x00000000000001a0       0x60 proc/proc.o
 .debug_aranges
                0x0000000000000200       0x40 fs/fs.o
 .debug_aranges
                0x0000000000000240       0xe0 objs/impl.o
 .debug_aranges
                0x0000000000000320       0xa0 tests/tests.o
 .debug_aranges
                0x00000000000003c0       0x20 libc/libk.a(string.o)
 .debug_aranges
                0x00000000000003e0       0x20 libc/libk.a(stdio.o)
 .debug_aranges
                0x0000000000000400       0x20 libc/libk.a(vsprintf.o)

.debug_info     0x0000000000000000     0xb175
 .debug_info    0x0000000000000000      0xe0f init/init.o
 .debug_info    0x0000000000000e0f     0x1974 mm/mm.o
 .debug_info    0x0000000000002783     0x1a15 driver/driver.o
 .debug_info    0x0000000000004198     0x10fc proc/proc.o
 .debug_info    0x0000000000005294     0x1614 fs/fs.o
 .debug_info    0x00000000000068a8     0x2227 objs/impl.o
 .debug_info    0x0000000000008acf     0x1b27 tests/tests.o
 .debug_info    0x000000000000a5f6      0x53b libc/libk.a(string.o)
 .debug_info    0x000000000000ab31      0x195 libc/libk.a(stdio.o)
 .debug_info    0x000000000000acc6      0x4af libc/libk.a(vsprintf.o)

.debug_abbrev   0x0000000000000000     0x35f2
 .debug_abbrev  0x0000000000000000      0x4b3 init/init.o
 .debug_abbrev  0x00000000000004b3      0x772 mm/mm.o
 .debug_abbrev  0x0000000000000c25      0x9eb driver/driver.o
 .debug_abbrev  0x0000000000001610      0x532 proc/proc.o
 .debug_abbrev  0x0000000000001b42      0x489 fs/fs.o
 .debug_abbrev  0x0000000000001fcb      0xacd objs/impl.o
 .debug_abbrev  0x0000000000002a98      0x7bb tests/tests.o
 .debug_abbrev  0x0000000000003253      0x15e libc/libk.a(string.o)
 .debug_abbrev  0x00000000000033b1      0x101 libc/libk.a(stdio.o)
 .debug_abbrev  0x00000000000034b2      0x140 libc/libk.a(vsprintf.o)

.debug_line     0x0000000000000000     0x717d
 .debug_line    0x0000000000000000      0xaca init/init.o
 .debug_line    0x0000000000000aca     0x10d0 mm/mm.o
 .debug_line    0x0000000000001b9a     0x11a4 driver/driver.o
 .debug_line    0x0000000000002d3e      0x881 proc/proc.o
 .debug_line    0x00000000000035bf      0xafe fs/fs.o
 .debug_line    0x00000000000040bd     0x13de objs/impl.o
 .debug_line    0x000000000000549b     0x1059 tests/tests.o
 .debug_line    0x00000000000064f4      0x4bd libc/libk.a(string.o)
 .debug_line    0x00000000000069b1      0x1a2 libc/libk.a(stdio.o)
 .debug_line    0x0000000000006b53      0x62a libc/libk.a(vsprintf.o)

.debug_str      0x0000000000000000     0x9ea9
 .debug_str     0x0000000000000000     0x65ab init/init.o
                                       0xd206 (size before relaxing)
 .debug_str     0x00000000000065ab      0x7af mm/mm.o
                                       0xc427 (size before relaxing)
 .debug_str     0x0000000000006d5a      0xf17 driver/driver.o
                                      0x16c03 (size before relaxing)
 .debug_str     0x0000000000007c71      0x45b proc/proc.o
                                       0xa77e (size before relaxing)
 .debug_str     0x00000000000080cc      0x5d5 fs/fs.o
                                       0x7a67 (size before relaxing)
 .debug_str     0x00000000000086a1      0xec4 objs/impl.o
                                      0x16bb0 (size before relaxing)
 .debug_str     0x0000000000009565      0x735 tests/tests.o
                                      0x11d52 (size before relaxing)
 .debug_str     0x0000000000009c9a       0x80 libc/libk.a(string.o)
                                       0x2d04 (size before relaxing)
 .debug_str     0x0000000000009d1a       0x2b libc/libk.a(stdio.o)
                                       0x3755 (size before relaxing)
 .debug_str     0x0000000000009d45      0x164 libc/libk.a(vsprintf.o)
                                       0x2e5b (size before relaxing)

.debug_macro    0x0000000000000000     0x3e99
 .debug_macro   0x0000000000000000      0x2bb init/init.o
 .debug_macro   0x00000000000002bb      0x844 init/init.o
 .debug_macro   0x0000000000000aff       0x16 init/init.o
 .debug_macro   0x0000000000000b15       0x82 init/init.o
 .debug_macro   0x0000000000000b97       0x82 init/init.o
 .debug_macro   0x0000000000000c19       0x16 init/init.o
 .debug_macro   0x0000000000000c2f       0x10 init/init.o
 .debug_macro   0x0000000000000c3f       0x88 init/init.o
 .debug_macro   0x0000000000000cc7       0x22 init/init.o
 .debug_macro   0x0000000000000ce9       0x58 init/init.o
 .debug_macro   0x0000000000000d41       0x40 init/init.o
 .debug_macro   0x0000000000000d81       0x22 init/init.o
 .debug_macro   0x0000000000000da3      0x160 init/init.o
 .debug_macro   0x0000000000000f03       0x52 init/init.o
 .debug_macro   0x0000000000000f55       0x8e init/init.o
 .debug_macro   0x0000000000000fe3      0x1d8 init/init.o
 .debug_macro   0x00000000000011bb      0x1e9 init/init.o
 .debug_macro   0x00000000000013a4       0x88 init/init.o
 .debug_macro   0x000000000000142c       0x46 init/init.o
 .debug_macro   0x0000000000001472       0x10 init/init.o
 .debug_macro   0x0000000000001482       0x76 init/init.o
 .debug_macro   0x00000000000014f8       0x8e init/init.o
 .debug_macro   0x0000000000001586       0x3a init/init.o
 .debug_macro   0x00000000000015c0       0x2e init/init.o
 .debug_macro   0x00000000000015ee       0x10 init/init.o
 .debug_macro   0x00000000000015fe       0x2e init/init.o
 .debug_macro   0x000000000000162c       0x10 init/init.o
 .debug_macro   0x000000000000163c       0x58 init/init.o
 .debug_macro   0x0000000000001694       0x50 init/init.o
 .debug_macro   0x00000000000016e4       0x76 init/init.o
 .debug_macro   0x000000000000175a       0xe8 init/init.o
 .debug_macro   0x0000000000001842      0x27c mm/mm.o
 .debug_macro   0x0000000000001abe      0x838 mm/mm.o
 .debug_macro   0x00000000000022f6       0x3a mm/mm.o
 .debug_macro   0x0000000000002330       0x64 mm/mm.o
 .debug_macro   0x0000000000002394       0x16 mm/mm.o
 .debug_macro   0x00000000000023aa       0x70 mm/mm.o
 .debug_macro   0x000000000000241a      0x39c driver/driver.o
 .debug_macro   0x00000000000027b6      0x1bd driver/driver.o
 .debug_macro   0x0000000000002973      0x1d2 driver/driver.o
 .debug_macro   0x0000000000002b45      0x1c3 driver/driver.o
 .debug_macro   0x0000000000002d08       0x4a driver/driver.o
 .debug_macro   0x0000000000002d52       0xa6 driver/driver.o
 .debug_macro   0x0000000000002df8      0x1e3 driver/driver.o
 .debug_macro   0x0000000000002fdb      0x19d proc/proc.o
 .debug_macro   0x0000000000003178       0xee proc/proc.o
 .debug_macro   0x0000000000003266       0x1c proc/proc.o
 .debug_macro   0x0000000000003282      0x189 fs/fs.o
 .debug_macro   0x000000000000340b      0x39c objs/impl.o
 .debug_macro   0x00000000000037a7       0x40 objs/impl.o
 .debug_macro   0x00000000000037e7      0x166 objs/impl.o
 .debug_macro   0x000000000000394d       0x10 objs/impl.o
 .debug_macro   0x000000000000395d       0x40 objs/impl.o
 .debug_macro   0x000000000000399d      0x2dc tests/tests.o
 .debug_macro   0x0000000000003c79       0x2e tests/tests.o
 .debug_macro   0x0000000000003ca7       0x2e tests/tests.o
 .debug_macro   0x0000000000003cd5       0x34 tests/tests.o
 .debug_macro   0x0000000000003d09       0x3f libc/libk.a(string.o)
 .debug_macro   0x0000000000003d48       0x8f libc/libk.a(stdio.o)
 .debug_macro   0x0000000000003dd7       0xc2 libc/libk.a(vsprintf.o)

.debug_ranges   0x0000000000000000       0x78
 .debug_ranges  0x0000000000000000       0x18 mm/mm.o
 .debug_ranges  0x0000000000000018       0x18 fs/fs.o
 .debug_ranges  0x0000000000000030       0x48 libc/libk.a(string.o)
