Archive member included to satisfy reference by file (symbol)

libc/libk.a(string.o)         init/init.o (strlen)
libc/libk.a(stdio.o)          init/init.o (printk)
libc/libk.a(vsprintf.o)       libc/libk.a(stdio.o) (vsnprintf)

Discarded input sections

 .group         0x0000000000000000        0xc init/init.o
 .group         0x0000000000000000        0xc init/init.o
 .group         0x0000000000000000        0xc init/init.o
 .group         0x0000000000000000        0xc init/init.o
 .group         0x0000000000000000        0xc init/init.o
 .group         0x0000000000000000        0xc init/init.o
 .group         0x0000000000000000        0xc init/init.o
 .group         0x0000000000000000        0xc init/init.o
 .group         0x0000000000000000        0xc init/init.o
 .group         0x0000000000000000        0xc init/init.o
 .group         0x0000000000000000        0xc init/init.o
 .group         0x0000000000000000        0xc init/init.o
 .group         0x0000000000000000        0xc init/init.o
 .group         0x0000000000000000        0xc init/init.o
 .group         0x0000000000000000        0xc init/init.o
 .group         0x0000000000000000        0xc init/init.o
 .group         0x0000000000000000        0xc init/init.o
 .group         0x0000000000000000        0xc init/init.o
 .group         0x0000000000000000        0xc init/init.o
 .group         0x0000000000000000        0xc init/init.o
 .group         0x0000000000000000        0xc init/init.o
 .group         0x0000000000000000        0xc init/init.o
 .group         0x0000000000000000        0xc init/init.o
 .group         0x0000000000000000        0xc init/init.o
 .group         0x0000000000000000        0xc init/init.o
 .group         0x0000000000000000        0xc init/init.o
 .group         0x0000000000000000        0xc init/init.o
 .group         0x0000000000000000        0xc init/init.o
 .group         0x0000000000000000        0xc init/init.o
 .group         0x0000000000000000        0xc init/init.o
 .eh_frame      0x0000000000000000      0x194 init/init.o
 .note.GNU-stack
                0x0000000000000000        0x0 init/init.o
 .group         0x0000000000000000        0xc mm/mm.o
 .group         0x0000000000000000        0xc mm/mm.o
 .group         0x0000000000000000        0xc mm/mm.o
 .group         0x0000000000000000        0xc mm/mm.o
 .group         0x0000000000000000        0xc mm/mm.o
 .group         0x0000000000000000        0xc mm/mm.o
 .group         0x0000000000000000        0xc mm/mm.o
 .group         0x0000000000000000        0xc mm/mm.o
 .group         0x0000000000000000        0xc mm/mm.o
 .group         0x0000000000000000        0xc mm/mm.o
 .group         0x0000000000000000        0xc mm/mm.o
 .group         0x0000000000000000        0xc mm/mm.o
 .group         0x0000000000000000        0xc mm/mm.o
 .group         0x0000000000000000        0xc mm/mm.o
 .group         0x0000000000000000        0xc mm/mm.o
 .group         0x0000000000000000        0xc mm/mm.o
 .group         0x0000000000000000        0xc mm/mm.o
 .group         0x0000000000000000        0xc mm/mm.o
 .group         0x0000000000000000        0xc mm/mm.o
 .group         0x0000000000000000        0xc mm/mm.o
 .eh_frame      0x0000000000000000      0x670 mm/mm.o
 .note.GNU-stack
                0x0000000000000000        0x0 mm/mm.o
 .debug_macro   0x0000000000000000       0x16 mm/mm.o
 .debug_macro   0x0000000000000000       0x16 mm/mm.o
 .debug_macro   0x0000000000000000       0x22 mm/mm.o
 .debug_macro   0x0000000000000000       0x88 mm/mm.o
 .debug_macro   0x0000000000000000       0x22 mm/mm.o
 .debug_macro   0x0000000000000000       0x76 mm/mm.o
 .debug_macro   0x0000000000000000       0x8e mm/mm.o
 .debug_macro   0x0000000000000000       0x3a mm/mm.o
 .debug_macro   0x0000000000000000       0x10 mm/mm.o
 .debug_macro   0x0000000000000000       0x58 mm/mm.o
 .debug_macro   0x0000000000000000       0x50 mm/mm.o
 .debug_macro   0x0000000000000000       0x82 mm/mm.o
 .debug_macro   0x0000000000000000       0x2e mm/mm.o
 .debug_macro   0x0000000000000000       0x40 mm/mm.o
 .debug_macro   0x0000000000000000       0x52 mm/mm.o
 .group         0x0000000000000000        0xc driver/driver.o
 .group         0x0000000000000000        0xc driver/driver.o
 .group         0x0000000000000000        0xc driver/driver.o
 .group         0x0000000000000000        0xc driver/driver.o
 .group         0x0000000000000000        0xc driver/driver.o
 .group         0x0000000000000000        0xc driver/driver.o
 .group         0x0000000000000000        0xc driver/driver.o
 .group         0x0000000000000000        0xc driver/driver.o
 .group         0x0000000000000000        0xc driver/driver.o
 .group         0x0000000000000000        0xc driver/driver.o
 .group         0x0000000000000000        0xc driver/driver.o
 .group         0x0000000000000000        0xc driver/driver.o
 .group         0x0000000000000000        0xc driver/driver.o
 .group         0x0000000000000000        0xc driver/driver.o
 .group         0x0000000000000000        0xc driver/driver.o
 .group         0x0000000000000000        0xc driver/driver.o
 .group         0x0000000000000000        0xc driver/driver.o
 .group         0x0000000000000000        0xc driver/driver.o
 .group         0x0000000000000000        0xc driver/driver.o
 .group         0x0000000000000000        0xc driver/driver.o
 .eh_frame      0x0000000000000000      0x894 driver/driver.o
 .note.GNU-stack
                0x0000000000000000        0x0 driver/driver.o
 .debug_macro   0x0000000000000000      0x844 driver/driver.o
 .debug_macro   0x0000000000000000       0x16 driver/driver.o
 .debug_macro   0x0000000000000000       0x82 driver/driver.o
 .debug_macro   0x0000000000000000       0x16 driver/driver.o
 .debug_macro   0x0000000000000000       0x22 driver/driver.o
 .debug_macro   0x0000000000000000       0x22 driver/driver.o
 .debug_macro   0x0000000000000000       0x40 driver/driver.o
 .debug_macro   0x0000000000000000       0x64 driver/driver.o
 .debug_macro   0x0000000000000000       0x50 driver/driver.o
 .debug_macro   0x0000000000000000       0x3a driver/driver.o
 .debug_macro   0x0000000000000000       0x52 driver/driver.o
 .debug_macro   0x0000000000000000       0x8e driver/driver.o
 .debug_macro   0x0000000000000000       0x10 driver/driver.o
 .debug_macro   0x0000000000000000       0x58 driver/driver.o
 .group         0x0000000000000000        0xc proc/proc.o
 .group         0x0000000000000000        0xc proc/proc.o
 .group         0x0000000000000000        0xc proc/proc.o
 .group         0x0000000000000000        0xc proc/proc.o
 .group         0x0000000000000000        0xc proc/proc.o
 .group         0x0000000000000000        0xc proc/proc.o
 .group         0x0000000000000000        0xc proc/proc.o
 .group         0x0000000000000000        0xc proc/proc.o
 .group         0x0000000000000000        0xc proc/proc.o
 .group         0x0000000000000000        0xc proc/proc.o
 .group         0x0000000000000000        0xc proc/proc.o
 .group         0x0000000000000000        0xc proc/proc.o
 .group         0x0000000000000000        0xc proc/proc.o
 .group         0x0000000000000000        0xc proc/proc.o
 .group         0x0000000000000000        0xc proc/proc.o
 .group         0x0000000000000000        0xc proc/proc.o
 .group         0x0000000000000000        0xc proc/proc.o
 .group         0x0000000000000000        0xc proc/proc.o
 .eh_frame      0x0000000000000000      0x308 proc/proc.o
 .note.GNU-stack
                0x0000000000000000        0x0 proc/proc.o
 .debug_macro   0x0000000000000000      0x844 proc/proc.o
 .debug_macro   0x0000000000000000       0x16 proc/proc.o
 .debug_macro   0x0000000000000000       0x82 proc/proc.o
 .debug_macro   0x0000000000000000       0x16 proc/proc.o
 .debug_macro   0x0000000000000000       0x22 proc/proc.o
 .debug_macro   0x0000000000000000       0x76 proc/proc.o
 .debug_macro   0x0000000000000000       0x8e proc/proc.o
 .debug_macro   0x0000000000000000       0x3a proc/proc.o
 .debug_macro   0x0000000000000000       0xe8 proc/proc.o
 .debug_macro   0x0000000000000000       0x50 proc/proc.o
 .debug_macro   0x0000000000000000       0x10 proc/proc.o
 .debug_macro   0x0000000000000000       0x88 proc/proc.o
 .debug_macro   0x0000000000000000       0x52 proc/proc.o
 .debug_macro   0x0000000000000000       0x22 proc/proc.o
 .debug_macro   0x0000000000000000       0x40 proc/proc.o
 .debug_macro   0x0000000000000000       0x64 proc/proc.o
 .group         0x0000000000000000        0xc fs/fs.o
 .group         0x0000000000000000        0xc fs/fs.o
 .group         0x0000000000000000        0xc fs/fs.o
 .group         0x0000000000000000        0xc fs/fs.o
 .group         0x0000000000000000        0xc fs/fs.o
 .group         0x0000000000000000        0xc fs/fs.o
 .group         0x0000000000000000        0xc fs/fs.o
 .group         0x0000000000000000        0xc fs/fs.o
 .group         0x0000000000000000        0xc fs/fs.o
 .group         0x0000000000000000        0xc fs/fs.o
 .group         0x0000000000000000        0xc fs/fs.o
 .group         0x0000000000000000        0xc fs/fs.o
 .group         0x0000000000000000        0xc fs/fs.o
 .group         0x0000000000000000        0xc fs/fs.o
 .eh_frame      0x0000000000000000      0x258 fs/fs.o
 .note.GNU-stack
                0x0000000000000000        0x0 fs/fs.o
 .debug_macro   0x0000000000000000      0x844 fs/fs.o
 .debug_macro   0x0000000000000000       0x16 fs/fs.o
 .debug_macro   0x0000000000000000       0x82 fs/fs.o
 .debug_macro   0x0000000000000000       0x16 fs/fs.o
 .debug_macro   0x0000000000000000       0x22 fs/fs.o
 .debug_macro   0x0000000000000000       0x10 fs/fs.o
 .debug_macro   0x0000000000000000       0x58 fs/fs.o
 .debug_macro   0x0000000000000000      0x1d8 fs/fs.o
 .debug_macro   0x0000000000000000       0x10 fs/fs.o
 .debug_macro   0x0000000000000000       0x22 fs/fs.o
 .debug_macro   0x0000000000000000       0x40 fs/fs.o
 .debug_macro   0x0000000000000000       0x64 fs/fs.o
 .debug_macro   0x0000000000000000       0x10 fs/fs.o
 .debug_macro   0x0000000000000000       0x88 fs/fs.o
 .group         0x0000000000000000        0xc objs/impl.o
 .group         0x0000000000000000        0xc objs/impl.o
 .group         0x0000000000000000        0xc objs/impl.o
 .group         0x0000000000000000        0xc objs/impl.o
 .group         0x0000000000000000        0xc objs/impl.o
 .group         0x0000000000000000        0xc objs/impl.o
 .group         0x0000000000000000        0xc objs/impl.o
 .group         0x0000000000000000        0xc objs/impl.o
 .group         0x0000000000000000        0xc objs/impl.o
 .group         0x0000000000000000        0xc objs/impl.o
 .group         0x0000000000000000        0xc objs/impl.o
 .group         0x0000000000000000        0xc objs/impl.o
 .group         0x0000000000000000        0xc objs/impl.o
 .group         0x0000000000000000        0xc objs/impl.o
 .group         0x0000000000000000        0xc objs/impl.o
 .group         0x0000000000000000        0xc objs/impl.o
 .group         0x0000000000000000        0xc objs/impl.o
 .group         0x0000000000000000        0xc objs/impl.o
 .group         0x0000000000000000        0xc objs/impl.o
 .group         0x0000000000000000        0xc objs/impl.o
 .group         0x0000000000000000        0xc objs/impl.o
 .group         0x0000000000000000        0xc objs/impl.o
 .eh_frame      0x0000000000000000      0x8cc objs/impl.o
 .note.GNU-stack
                0x0000000000000000        0x0 objs/impl.o
 .debug_macro   0x0000000000000000      0x838 objs/impl.o
 .debug_macro   0x0000000000000000       0x16 objs/impl.o
 .debug_macro   0x0000000000000000       0x82 objs/impl.o
 .debug_macro   0x0000000000000000       0x16 objs/impl.o
 .debug_macro   0x0000000000000000       0x4a objs/impl.o
 .debug_macro   0x0000000000000000       0x52 objs/impl.o
 .debug_macro   0x0000000000000000       0x46 objs/impl.o
 .debug_macro   0x0000000000000000       0xa6 objs/impl.o
 .debug_macro   0x0000000000000000       0x22 objs/impl.o
 .debug_macro   0x0000000000000000       0x40 objs/impl.o
 .debug_macro   0x0000000000000000       0x64 objs/impl.o
 .debug_macro   0x0000000000000000       0x22 objs/impl.o
 .debug_macro   0x0000000000000000       0x50 objs/impl.o
 .debug_macro   0x0000000000000000       0x3a objs/impl.o
 .debug_macro   0x0000000000000000       0x2e objs/impl.o
 .debug_macro   0x0000000000000000       0x76 objs/impl.o
 .debug_macro   0x0000000000000000       0x8e objs/impl.o
 .debug_macro   0x0000000000000000       0x3a objs/impl.o
 .group         0x0000000000000000        0xc tests/tests.o
 .group         0x0000000000000000        0xc tests/tests.o
 .group         0x0000000000000000        0xc tests/tests.o
 .group         0x0000000000000000        0xc tests/tests.o
 .group         0x0000000000000000        0xc tests/tests.o
 .group         0x0000000000000000        0xc tests/tests.o
 .group         0x0000000000000000        0xc tests/tests.o
 .group         0x0000000000000000        0xc tests/tests.o
 .group         0x0000000000000000        0xc tests/tests.o
 .group         0x0000000000000000        0xc tests/tests.o
 .group         0x0000000000000000        0xc tests/tests.o
 .group         0x0000000000000000        0xc tests/tests.o
 .group         0x0000000000000000        0xc tests/tests.o
 .group         0x0000000000000000        0xc tests/tests.o
 .group         0x0000000000000000        0xc tests/tests.o
 .group         0x0000000000000000        0xc tests/tests.o
 .group         0x0000000000000000        0xc tests/tests.o
 .group         0x0000000000000000        0xc tests/tests.o
 .group         0x0000000000000000        0xc tests/tests.o
 .group         0x0000000000000000        0xc tests/tests.o
 .group         0x0000000000000000        0xc tests/tests.o
 .eh_frame      0x0000000000000000      0x514 tests/tests.o
 .note.GNU-stack
                0x0000000000000000        0x0 tests/tests.o
 .debug_macro   0x0000000000000000      0x844 tests/tests.o
 .debug_macro   0x0000000000000000       0x16 tests/tests.o
 .debug_macro   0x0000000000000000       0x82 tests/tests.o
 .debug_macro   0x0000000000000000       0x16 tests/tests.o
 .debug_macro   0x0000000000000000       0x22 tests/tests.o
 .debug_macro   0x0000000000000000       0x76 tests/tests.o
 .debug_macro   0x0000000000000000       0x8e tests/tests.o
 .debug_macro   0x0000000000000000       0x3a tests/tests.o
 .debug_macro   0x0000000000000000       0xe8 tests/tests.o
 .debug_macro   0x0000000000000000       0x22 tests/tests.o
 .debug_macro   0x0000000000000000       0x52 tests/tests.o
 .debug_macro   0x0000000000000000       0xee tests/tests.o
 .debug_macro   0x0000000000000000       0x2e tests/tests.o
 .debug_macro   0x0000000000000000      0x1e9 tests/tests.o
 .debug_macro   0x0000000000000000       0x10 tests/tests.o
 .debug_macro   0x0000000000000000       0x50 tests/tests.o
 .debug_macro   0x0000000000000000       0x8e tests/tests.o
 .debug_macro   0x0000000000000000      0x1e3 tests/tests.o
 .group         0x0000000000000000        0xc libc/libk.a(string.o)
 .group         0x0000000000000000        0xc libc/libk.a(string.o)
 .group         0x0000000000000000        0xc libc/libk.a(string.o)
 .group         0x0000000000000000        0xc libc/libk.a(string.o)
 .group         0x0000000000000000        0xc libc/libk.a(string.o)
 .debug_macro   0x0000000000000000      0x844 libc/libk.a(string.o)
 .debug_macro   0x0000000000000000       0x16 libc/libk.a(string.o)
 .debug_macro   0x0000000000000000       0x88 libc/libk.a(string.o)
 .debug_macro   0x0000000000000000       0x16 libc/libk.a(string.o)
 .debug_macro   0x0000000000000000       0x22 libc/libk.a(string.o)
 .note.GNU-stack
                0x0000000000000000        0x0 libc/libk.a(string.o)
 .eh_frame      0x0000000000000000      0x198 libc/libk.a(string.o)
 .group         0x0000000000000000        0xc libc/libk.a(stdio.o)
 .group         0x0000000000000000        0xc libc/libk.a(stdio.o)
 .group         0x0000000000000000        0xc libc/libk.a(stdio.o)
 .group         0x0000000000000000        0xc libc/libk.a(stdio.o)
 .group         0x0000000000000000        0xc libc/libk.a(stdio.o)
 .group         0x0000000000000000        0xc libc/libk.a(stdio.o)
 .group         0x0000000000000000        0xc libc/libk.a(stdio.o)
 .group         0x0000000000000000        0xc libc/libk.a(stdio.o)
 .group         0x0000000000000000        0xc libc/libk.a(stdio.o)
 .debug_macro   0x0000000000000000      0x844 libc/libk.a(stdio.o)
 .debug_macro   0x0000000000000000       0x16 libc/libk.a(stdio.o)
 .debug_macro   0x0000000000000000       0x82 libc/libk.a(stdio.o)
 .debug_macro   0x0000000000000000       0x22 libc/libk.a(stdio.o)
 .debug_macro   0x0000000000000000       0x16 libc/libk.a(stdio.o)
 .debug_macro   0x0000000000000000      0x1e3 libc/libk.a(stdio.o)
 .debug_macro   0x0000000000000000       0x22 libc/libk.a(stdio.o)
 .debug_macro   0x0000000000000000       0x3a libc/libk.a(stdio.o)
 .debug_macro   0x0000000000000000       0x2e libc/libk.a(stdio.o)
 .note.GNU-stack
                0x0000000000000000        0x0 libc/libk.a(stdio.o)
 .eh_frame      0x0000000000000000       0x58 libc/libk.a(stdio.o)
 .group         0x0000000000000000        0xc libc/libk.a(vsprintf.o)
 .group         0x0000000000000000        0xc libc/libk.a(vsprintf.o)
 .group         0x0000000000000000        0xc libc/libk.a(vsprintf.o)
 .group         0x0000000000000000        0xc libc/libk.a(vsprintf.o)
 .group         0x0000000000000000        0xc libc/libk.a(vsprintf.o)
 .debug_macro   0x0000000000000000      0x844 libc/libk.a(vsprintf.o)
 .debug_macro   0x0000000000000000       0x16 libc/libk.a(vsprintf.o)
 .debug_macro   0x0000000000000000       0x10 libc/libk.a(vsprintf.o)
 .debug_macro   0x0000000000000000       0x22 libc/libk.a(vsprintf.o)
 .debug_macro   0x0000000000000000       0x88 libc/libk.a(vsprintf.o)
 .note.GNU-stack
                0x0000000000000000        0x0 libc/libk.a(vsprintf.o)
 .eh_frame      0x0000000000000000       0xfc libc/libk.a(vsprintf.o)

Memory Configuration

Name             Origin             Length             Attributes
*default*        0x0000000000000000 0xffffffffffffffff

Linker script and memory map

                0x00000000c0100000                . = 0xc0100000
                0x00000000c0100000                kernel_start = .
                0x00000000c0100100                . = (. + 0x100)
                0x00000000c0100100                kcode_start = .

.text           0x00000000c0100100     0x930f
 *(.text)
 .text          0x00000000c0100100      0xf63 init/init.o
                0x00000000c0100100                create_gdt_entry
                0x00000000c010017d                gdt_init_flat_protected
                0x00000000c01002c5                get_gdt_ptr
                0x00000000c01002cf                kmain
                0x00000000c0100743                run_cmd
                0x00000000c0100fd5                shell
                0x00000000c010103e                load_gdt
                0x00000000c010105b                load_idt
 .text          0x00000000c0101063     0x153c mm/mm.o
                0x00000000c0101296                get_kernel_heap
                0x00000000c01012a0                kheap_init
                0x00000000c0101422                kheap_stats
                0x00000000c0101594                kmalloc
                0x00000000c01016e9                kfree
                0x00000000c0101819                krealloc
                0x00000000c01018e1                realloc
                0x00000000c01018ff                malloc
                0x00000000c0101914                free
                0x00000000c0101a24                kmm_setup_memory_region
                0x00000000c0101ab6                kmm_init
                0x00000000c0101c6f                kmm_frame_alloc
                0x00000000c0101d01                kmm_frame_free
                0x00000000c0101d56                kmm_get_total_frames
                0x00000000c0101d60                kmm_get_used_frames
                0x00000000c0101e42                vmm_switch_pagedir
                0x00000000c0101e79                vmm_init
                0x00000000c0101f3b                vmm_create_address_space
                0x00000000c0101f7b                vmm_create_pt
                0x00000000c0101fe5                vmm_map_page
                0x00000000c010205b                vmm_get_phys_frame
                0x00000000c01020da                vmm_clone_pagetable
                0x00000000c01021c2                vmm_clone_pagedir
                0x00000000c01022e8                vmm_page_alloc
                0x00000000c0102340                vmm_alloc_region
                0x00000000c010240b                vmm_free_region
                0x00000000c0102536                vmm_page_free
                0x00000000c010257b                vmm_get_kerneldir
                0x00000000c0102585                vmm_get_current_pagedir
 .text          0x00000000c010259f     0x1637 driver/driver.o
                0x00000000c010259f                blkdev_register
                0x00000000c0102825                blkdev_get_by_name
                0x00000000c0102915                blkread
                0x00000000c0102a09                dma_set_address
                0x00000000c0102ae8                dma_set_count
                0x00000000c0102bc7                dma_set_external_pagereg
                0x00000000c0102c7e                dma_set_mode
                0x00000000c0102d3b                dma_setup_read
                0x00000000c0102d5c                dma_setup_write
                0x00000000c0102d7d                dma_mask_channel
                0x00000000c0102e16                dma_unmask_channel
                0x00000000c0102ea9                dma_unmask_all
                0x00000000c0102ebb                dma_reset_flipflop
                0x00000000c0102eea                dma_reset
                0x00000000c0102f19                dma_disable
                0x00000000c01034a8                fdc_init
                0x00000000c010350a                fdc_reset
                0x00000000c0103578                fdc_read_sector
                0x00000000c0103635                fdc_lba_to_chs
                0x00000000c01036e4                fdc_set_drive
                0x00000000c0103704                fdc_get_drive
                0x00000000c010372f                pic_init
                0x00000000c01037d1                pic_send_eoi
                0x00000000c010383d                serial_init
                0x00000000c0103922                serial_putc
                0x00000000c010395e                serial_puts
                0x00000000c010399d                serial_getc
                0x00000000c0103b1c                init_system_timer
                0x00000000c0103b80                _timer_interrupt_handler
                0x00000000c0103b93                get_system_tick_count
                0x00000000c0103b9d                sleep
 .text          0x00000000c0103bd6      0x6da proc/proc.o
                0x00000000c0103bd6                elf_check_hdr
                0x00000000c0103c4a                elf_load_seg
                0x00000000c0103d44                elf_load
                0x00000000c0103e53                process_create
                0x00000000c0103eb4                process_destroy
                0x00000000c0103f4f                process_spawn
                0x00000000c0103fcb                process_fork
                0x00000000c0103fd1                process_find_by_pid
                0x00000000c0103fd7                process_exit
                0x00000000c0103fdd                _get_main_thread
                0x00000000c010401a                thread_create
                0x00000000c0104122                thread_destroy
                0x00000000c01041e3                scheduler_init
                0x00000000c010424f                scheduler_tick
                0x00000000c0104255                scheduler_switch
                0x00000000c010425b                scheduler_post
                0x00000000c0104261                get_current_proc
                0x00000000c010426b                get_current_thread
                0x00000000c0104275                thread_exit
                0x00000000c010427b                tss_flush
                0x00000000c0104295                tss_update_esp0
                0x00000000c01042a6                tss_get_global
 .text          0x00000000c01042b0      0xe33 fs/fs.o
                0x00000000c0104700                fat12_mount
                0x00000000c0104a24                fat12_unmount
                0x00000000c0104ae4                fat12_open
                0x00000000c0104b41                fat12_read
                0x00000000c0104d9b                fat12_close
                0x00000000c0104da5                fat12_write
                0x00000000c0104daf                fat12_readdir
                0x00000000c0104e51                vfs_init
                0x00000000c0104e95                vfs_mount
                0x00000000c0104f87                vfs_open
                0x00000000c0105079                vfs_read
 .text          0x00000000c01050e3     0x1995 objs/impl.o
                0x00000000c0105131                idt_init
                0x00000000c0105658                get_idt_ptr
                0x00000000c0105689                setup_x86_interrutps
                0x00000000c01056be                register_interrupt_handler
                0x00000000c01056db                unregister_interrupt_handler
                0x00000000c01056f9                get_interrupt_handler
                0x00000000c0105712                interrupt_dispatch
                0x00000000c0105761                isr0
                0x00000000c010576a                isr1
                0x00000000c0105773                isr2
                0x00000000c010577c                isr3
                0x00000000c0105785                isr4
                0x00000000c010578e                isr5
                0x00000000c0105797                isr6
                0x00000000c01057a0                isr7
                0x00000000c01057a9                isr8
                0x00000000c01057b0                isr9
                0x00000000c01057b9                isr10
                0x00000000c01057c0                isr11
                0x00000000c01057c7                isr12
                0x00000000c01057ce                isr13
                0x00000000c01057d5                isr14
                0x00000000c01057dc                isr15
                0x00000000c01057e5                isr16
                0x00000000c01057ee                isr17
                0x00000000c01057f5                isr18
                0x00000000c01057fe                isr19
                0x00000000c0105807                isr20
                0x00000000c0105810                isr21
                0x00000000c0105817                isr22
                0x00000000c0105820                isr23
                0x00000000c0105829                isr24
                0x00000000c0105832                isr25
                0x00000000c010583b                isr26
                0x00000000c0105844                isr27
                0x00000000c010584d                isr28
                0x00000000c0105853                isr29
                0x00000000c0105859                isr30
                0x00000000c010585f                isr31
                0x00000000c0105865                isr32
                0x00000000c010586b                isr33
                0x00000000c0105871                isr34
                0x00000000c0105877                isr35
                0x00000000c010587d                isr36
                0x00000000c0105883                isr37
                0x00000000c0105889                isr38
                0x00000000c010588f                isr39
                0x00000000c0105895                isr40
                0x00000000c010589b                isr41
                0x00000000c01058a1                isr42
                0x00000000c01058a7                isr43
                0x00000000c01058ad                isr44
                0x00000000c01058b3                isr45
                0x00000000c01058b9                isr46
                0x00000000c01058bf                isr47
                0x00000000c01058c5                isr128
                0x00000000c0105e1d                kbd_init
                0x00000000c0105ebd                kbd_get_lastscancode
                0x00000000c0105ec9                kbd_get_lastkey
                0x00000000c0105ef1                kbd_getlastkey_buf
                0x00000000c0105f04                kbd_clear_lastkey
                0x00000000c0105f11                kbd_keycode_to_ascii
                0x00000000c0106044                kbd_get_numlock
                0x00000000c0106050                kbd_get_capslock
                0x00000000c010605c                kbd_get_scrolllock
                0x00000000c0106068                kbd_get_shift
                0x00000000c0106074                kbd_get_ctrl
                0x00000000c0106080                kbd_get_alt
                0x00000000c010608c                kbd_ignore_resend
                0x00000000c0106099                kbd_should_resend
                0x00000000c01060a5                kbd_set_leds
                0x00000000c0106129                kbd_self_test
                0x00000000c0106155                kbd_bat_result
                0x00000000c0106161                kbd_diag_result
                0x00000000c010616d                kbd_is_enabled
                0x00000000c0106179                kbd_setstate
                0x00000000c0106236                syscall_init
                0x00000000c01062fb                tty_init
                0x00000000c010630e                terminal_getc
                0x00000000c0106336                terminal_read
                0x00000000c010639b                terminal_stdin_init
                0x00000000c01063a9                terminal_move_cursor
                0x00000000c010640b                terminal_clear_scr
                0x00000000c01064b1                terminal_clear_log
                0x00000000c0106557                terminal_setcolor
                0x00000000c010656f                terminal_get_colour
                0x00000000c010657b                terminal_settext_color
                0x00000000c01065b3                terminal_setbg_color
                0x00000000c01065eb                terminal_reset_color
                0x00000000c0106612                terminal_stdout_init
                0x00000000c0106655                terminal_putc
                0x00000000c01068c9                terminal_write
                0x00000000c0106910                terminal_writestring
                0x00000000c0106955                vga_entry_color
                0x00000000c0106967                vga_entry
                0x00000000c0106988                vga_move_cursor_to
                0x00000000c0106a11                vga_putentry_at
                0x00000000c0106a6e                vga_get_screen_buffer
 .text          0x00000000c0106a78     0x197b tests/tests.o
                0x00000000c0106a78                test_elf_check_valid_header
                0x00000000c0106b01                test_elf_load_program
                0x00000000c0106c11                test_elf_load_nonexistent
                0x00000000c0106c90                test_process_create_nonnull
                0x00000000c0106d19                test_process_create_different_priorities
                0x00000000c0106e42                test_process_name_handling
                0x00000000c0106f25                test_get_main_thread_nonnull
                0x00000000c0106fac                test_thread_creation
                0x00000000c0107043                test_multiple_thread_creation
                0x00000000c01071b0                test_scheduler_get_current_thread
                0x00000000c01071e8                test_scheduler_get_current_proc
                0x00000000c010722f                test_scheduler_post_thread
                0x00000000c01072f8                test_multiple_process_creation
                0x00000000c0107436                test_thread_destroy_safe
                0x00000000c01074ee                test_scheduler_init_idempotent
                0x00000000c010754b                test_process_exit_safe
                0x00000000c01075f3                test_concurrent_scheduler_ops
                0x00000000c0107755                test_many_threads_creation
                0x00000000c01079f6                thread_test
                0x00000000c0107aff                test_tick_count_incrementing
                0x00000000c0107c5f                test_sleep_duration
                0x00000000c0107d37                test_multiple_sleeps
                0x00000000c0107f4d                test_tss_global_access
                0x00000000c010801b                test_tss_esp0_update
                0x00000000c010822e                utoa
                0x00000000c01082e0                start_tests
                0x00000000c0108364                read_command
                0x00000000c01083cf                send_msg
 .text          0x00000000c01083f3      0x5e7 libc/libk.a(string.o)
                0x00000000c01083f3                strlen
                0x00000000c010841a                memset
                0x00000000c010844d                strcmp
                0x00000000c010848c                memcpy
                0x00000000c01084cd                memcmp
                0x00000000c0108535                strcpy
                0x00000000c010856f                strncpy
                0x00000000c01085cc                strchr
                0x00000000c01085f8                strtok
                0x00000000c01086aa                strtol
                0x00000000c0108872                strtok_r
                0x00000000c0108990                strcat
 .text          0x00000000c01089da       0x79 libc/libk.a(stdio.o)
                0x00000000c01089da                printk
                0x00000000c0108a1e                getlinek
 .text          0x00000000c0108a53      0x9bc libc/libk.a(vsprintf.o)
                0x00000000c0108f63                vsnprintf
                0x00000000c010940f                kcode_end = .
                0x00000000c010940f                krodata_start = .

.iplt           0x00000000c010940f        0x0
 .iplt          0x00000000c010940f        0x0 init/init.o

.rodata         0x00000000c0109420     0x1ea8
 *(.rodata)
 .rodata        0x00000000c0109420      0x6ef init/init.o
 *fill*         0x00000000c0109b0f        0x1 
 .rodata        0x00000000c0109b10       0xbc mm/mm.o
 .rodata        0x00000000c0109bcc      0x3d2 driver/driver.o
 .rodata        0x00000000c0109f9e        0xa fs/fs.o
 *fill*         0x00000000c0109fa8       0x18 
 .rodata        0x00000000c0109fc0      0x393 objs/impl.o
 *fill*         0x00000000c010a353        0x1 
 .rodata        0x00000000c010a354      0xea0 tests/tests.o
 .rodata        0x00000000c010b1f4       0xd4 libc/libk.a(vsprintf.o)
 *(.rodata.*)
                0x00000000c010b2c8                krodata_end = .
                0x00000000c010b2c8                kdata_start = .

.rel.dyn        0x00000000c010b2c8        0x0
 .rel.got       0x00000000c010b2c8        0x0 init/init.o
 .rel.iplt      0x00000000c010b2c8        0x0 init/init.o
 .rel.text      0x00000000c010b2c8        0x0 init/init.o

.data           0x00000000c010b2e0      0x128
 *(.data)
 .data          0x00000000c010b2e0        0x0 init/init.o
 .data          0x00000000c010b2e0        0x0 mm/mm.o
 .data          0x00000000c010b2e0        0x4 driver/driver.o
 .data          0x00000000c010b2e4        0xc proc/proc.o
                0x00000000c010b2ec                global_tss
 .data          0x00000000c010b2f0       0x28 fs/fs.o
                0x00000000c010b2f0                fat12_fs_type
                0x00000000c010b310                fs_types
 .data          0x00000000c010b318       0x18 objs/impl.o
 *fill*         0x00000000c010b330       0x10 
 .data          0x00000000c010b340       0xc8 tests/tests.o
 .data          0x00000000c010b408        0x0 libc/libk.a(string.o)
 .data          0x00000000c010b408        0x0 libc/libk.a(stdio.o)
 .data          0x00000000c010b408        0x0 libc/libk.a(vsprintf.o)
                0x00000000c010b408                kdata_end = .
                0x00000000c010b408                kbss_start = .

.got            0x00000000c010b408        0x0
 .got           0x00000000c010b408        0x0 init/init.o

.got.plt        0x00000000c010b408        0x0
 .got.plt       0x00000000c010b408        0x0 init/init.o

.igot.plt       0x00000000c010b408        0x0
 .igot.plt      0x00000000c010b408        0x0 init/init.o

.bss            0x00000000c010b420      0xfe4
 *(.bss)
 .bss           0x00000000c010b420       0x36 init/init.o
 *fill*         0x00000000c010b456        0xa 
 .bss           0x00000000c010b460       0xd4 mm/mm.o
                0x00000000c010b460                kernel_heap
 .bss           0x00000000c010b534       0x20 driver/driver.o
                0x00000000c010b54c                ticks
                0x00000000c010b550                freq
 *fill*         0x00000000c010b554        0xc 
 .bss           0x00000000c010b560       0x88 proc/proc.o
 .bss           0x00000000c010b5e8        0xc fs/fs.o
 *fill*         0x00000000c010b5f4        0xc 
 .bss           0x00000000c010b600      0xd58 objs/impl.o
                0x00000000c010b600                idt
                0x00000000c010be00                idt_ptr
 *fill*         0x00000000c010c358        0x8 
 .bss           0x00000000c010c360       0xa0 tests/tests.o
 .bss           0x00000000c010c400        0x4 libc/libk.a(string.o)
 .bss           0x00000000c010c404        0x0 libc/libk.a(stdio.o)
 .bss           0x00000000c010c404        0x0 libc/libk.a(vsprintf.o)
                0x00000000c010c404                kbss_end = .

/DISCARD/
 *(.eh_frame .note.GNU-stack)
                0x00000000c010c404                kernel_end = .
LOAD init/init.o
LOAD mm/mm.o
LOAD driver/driver.o
LOAD proc/proc.o
LOAD fs/fs.o
LOAD objs/impl.o
LOAD tests/tests.o
LOAD libc/libk.a
OUTPUT(kernel.elf elf32-i386)

.comment        0x0000000000000000       0x2d
 .comment       0x0000000000000000       0x2d init/init.o
                                         0x8a (size before relaxing)
 .comment       0x000000000000002d       0x8a mm/mm.o
 .comment       0x000000000000002d      0x114 driver/driver.o
 .comment       0x000000000000002d       0x8a proc/proc.o
 .comment       0x000000000000002d       0x5c fs/fs.o
 .comment       0x000000000000002d      0x114 objs/impl.o
 .comment       0x000000000000002d       0xe6 tests/tests.o
 .comment       0x000000000000002d       0x2e libc/libk.a(string.o)
 .comment       0x000000000000002d       0x2e libc/libk.a(stdio.o)
 .comment       0x000000000000002d       0x2e libc/libk.a(vsprintf.o)

.debug_aranges  0x0000000000000000      0x420
 .debug_aranges
                0x0000000000000000       0x80 init/init.o
 .debug_aranges
                0x0000000000000080       0x60 mm/mm.o
 .debug_aranges
                0x00000000000000e0       0xc0 driver/driver.o
 .debug_aranges
                0x00000000000001a0       0x60 proc/proc.o
 .debug_aranges
                0x0000000000000200       0x40 fs/fs.o
 .debug_aranges
                0x0000000000000240       0xe0 objs/impl.o
 .debug_aranges
                0x0000000000000320       0xa0 tests/tests.o
 .debug_aranges
                0x00000000000003c0       0x20 libc/libk.a(string.o)
 .debug_aranges
                0x00000000000003e0       0x20 libc/libk.a(stdio.o)
 .debug_aranges
                0x0000000000000400       0x20 libc/libk.a(vsprintf.o)

.debug_info     0x0000000000000000     0xb16c
 .debug_info    0x0000000000000000      0xe0f init/init.o
 .debug_info    0x0000000000000e0f     0x1974 mm/mm.o
 .debug_info    0x0000000000002783     0x1a15 driver/driver.o
 .debug_info    0x0000000000004198     0x1093 proc/proc.o
 .debug_info    0x000000000000522b     0x1614 fs/fs.o
 .debug_info    0x000000000000683f     0x2227 objs/impl.o
 .debug_info    0x0000000000008a66     0x1b87 tests/tests.o
 .debug_info    0x000000000000a5ed      0x53b libc/libk.a(string.o)
 .debug_info    0x000000000000ab28      0x195 libc/libk.a(stdio.o)
 .debug_info    0x000000000000acbd      0x4af libc/libk.a(vsprintf.o)

.debug_abbrev   0x0000000000000000     0x35ca
 .debug_abbrev  0x0000000000000000      0x4b3 init/init.o
 .debug_abbrev  0x00000000000004b3      0x772 mm/mm.o
 .debug_abbrev  0x0000000000000c25      0x9eb driver/driver.o
 .debug_abbrev  0x0000000000001610      0x50a proc/proc.o
 .debug_abbrev  0x0000000000001b1a      0x489 fs/fs.o
 .debug_abbrev  0x0000000000001fa3      0xacd objs/impl.o
 .debug_abbrev  0x0000000000002a70      0x7bb tests/tests.o
 .debug_abbrev  0x000000000000322b      0x15e libc/libk.a(string.o)
 .debug_abbrev  0x0000000000003389      0x101 libc/libk.a(stdio.o)
 .debug_abbrev  0x000000000000348a      0x140 libc/libk.a(vsprintf.o)

.debug_line     0x0000000000000000     0x7209
 .debug_line    0x0000000000000000      0xaca init/init.o
 .debug_line    0x0000000000000aca     0x10d0 mm/mm.o
 .debug_line    0x0000000000001b9a     0x11a4 driver/driver.o
 .debug_line    0x0000000000002d3e      0x90d proc/proc.o
 .debug_line    0x000000000000364b      0xafe fs/fs.o
 .debug_line    0x0000000000004149     0x13de objs/impl.o
 .debug_line    0x0000000000005527     0x1059 tests/tests.o
 .debug_line    0x0000000000006580      0x4bd libc/libk.a(string.o)
 .debug_line    0x0000000000006a3d      0x1a2 libc/libk.a(stdio.o)
 .debug_line    0x0000000000006bdf      0x62a libc/libk.a(vsprintf.o)

.debug_str      0x0000000000000000     0x9ef4
 .debug_str     0x0000000000000000     0x65ab init/init.o
                                       0xd206 (size before relaxing)
 .debug_str     0x00000000000065ab      0x7af mm/mm.o
                                       0xc427 (size before relaxing)
 .debug_str     0x0000000000006d5a      0xf17 driver/driver.o
                                      0x16c03 (size before relaxing)
 .debug_str     0x0000000000007c71      0x4ae proc/proc.o
                                       0xa805 (size before relaxing)
 .debug_str     0x000000000000811f      0x5d5 fs/fs.o
                                       0x7a67 (size before relaxing)
 .debug_str     0x00000000000086f4      0xec4 objs/impl.o
                                      0x16bb0 (size before relaxing)
 .debug_str     0x00000000000095b8      0x72d tests/tests.o
                                      0x11ee6 (size before relaxing)
 .debug_str     0x0000000000009ce5       0x80 libc/libk.a(string.o)
                                       0x2d04 (size before relaxing)
 .debug_str     0x0000000000009d65       0x2b libc/libk.a(stdio.o)
                                       0x3755 (size before relaxing)
 .debug_str     0x0000000000009d90      0x164 libc/libk.a(vsprintf.o)
                                       0x2e5b (size before relaxing)

.debug_macro    0x0000000000000000     0x3eb4
 .debug_macro   0x0000000000000000      0x2bb init/init.o
 .debug_macro   0x00000000000002bb      0x844 init/init.o
 .debug_macro   0x0000000000000aff       0x16 init/init.o
 .debug_macro   0x0000000000000b15       0x82 init/init.o
 .debug_macro   0x0000000000000b97       0x82 init/init.o
 .debug_macro   0x0000000000000c19       0x16 init/init.o
 .debug_macro   0x0000000000000c2f       0x10 init/init.o
 .debug_macro   0x0000000000000c3f       0x88 init/init.o
 .debug_macro   0x0000000000000cc7       0x22 init/init.o
 .debug_macro   0x0000000000000ce9       0x58 init/init.o
 .debug_macro   0x0000000000000d41       0x40 init/init.o
 .debug_macro   0x0000000000000d81       0x22 init/init.o
 .debug_macro   0x0000000000000da3      0x160 init/init.o
 .debug_macro   0x0000000000000f03       0x52 init/init.o
 .debug_macro   0x0000000000000f55       0x8e init/init.o
 .debug_macro   0x0000000000000fe3      0x1d8 init/init.o
 .debug_macro   0x00000000000011bb      0x1e9 init/init.o
 .debug_macro   0x00000000000013a4       0x88 init/init.o
 .debug_macro   0x000000000000142c       0x46 init/init.o
 .debug_macro   0x0000000000001472       0x10 init/init.o
 .debug_macro   0x0000000000001482       0x76 init/init.o
 .debug_macro   0x00000000000014f8       0x8e init/init.o
 .debug_macro   0x0000000000001586       0x3a init/init.o
 .debug_macro   0x00000000000015c0       0x2e init/init.o
 .debug_macro   0x00000000000015ee       0x10 init/init.o
 .debug_macro   0x00000000000015fe       0x2e init/init.o
 .debug_macro   0x000000000000162c       0x10 init/init.o
 .debug_macro   0x000000000000163c       0x58 init/init.o
 .debug_macro   0x0000000000001694       0x50 init/init.o
 .debug_macro   0x00000000000016e4       0x76 init/init.o
 .debug_macro   0x000000000000175a       0xe8 init/init.o
 .debug_macro   0x0000000000001842      0x27c mm/mm.o
 .debug_macro   0x0000000000001abe      0x838 mm/mm.o
 .debug_macro   0x00000000000022f6       0x3a mm/mm.o
 .debug_macro   0x0000000000002330       0x64 mm/mm.o
 .debug_macro   0x0000000000002394       0x16 mm/mm.o
 .debug_macro   0x00000000000023aa       0x70 mm/mm.o
 .debug_macro   0x000000000000241a      0x39c driver/driver.o
 .debug_macro   0x00000000000027b6      0x1bd driver/driver.o
 .debug_macro   0x0000000000002973      0x1d2 driver/driver.o
 .debug_macro   0x0000000000002b45      0x1c3 driver/driver.o
 .debug_macro   0x0000000000002d08       0x4a driver/driver.o
 .debug_macro   0x0000000000002d52       0xa6 driver/driver.o
 .debug_macro   0x0000000000002df8      0x1e3 driver/driver.o
 .debug_macro   0x0000000000002fdb      0x1a6 proc/proc.o
 .debug_macro   0x0000000000003181       0xee proc/proc.o
 .debug_macro   0x000000000000326f       0x2e proc/proc.o
 .debug_macro   0x000000000000329d      0x189 fs/fs.o
 .debug_macro   0x0000000000003426      0x39c objs/impl.o
 .debug_macro   0x00000000000037c2       0x40 objs/impl.o
 .debug_macro   0x0000000000003802      0x166 objs/impl.o
 .debug_macro   0x0000000000003968       0x10 objs/impl.o
 .debug_macro   0x0000000000003978       0x40 objs/impl.o
 .debug_macro   0x00000000000039b8      0x2dc tests/tests.o
 .debug_macro   0x0000000000003c94       0x2e tests/tests.o
 .debug_macro   0x0000000000003cc2       0x2e tests/tests.o
 .debug_macro   0x0000000000003cf0       0x34 tests/tests.o
 .debug_macro   0x0000000000003d24       0x3f libc/libk.a(string.o)
 .debug_macro   0x0000000000003d63       0x8f libc/libk.a(stdio.o)
 .debug_macro   0x0000000000003df2       0xc2 libc/libk.a(vsprintf.o)

.debug_ranges   0x0000000000000000       0x78
 .debug_ranges  0x0000000000000000       0x18 mm/mm.o
 .debug_ranges  0x0000000000000018       0x18 fs/fs.o
 .debug_ranges  0x0000000000000030       0x48 libc/libk.a(string.o)
