Archive member included to satisfy reference by file (symbol)

libc/libk.a(string.o)         init/init.o (strlen)
libc/libk.a(stdio.o)          init/init.o (printk)
libc/libk.a(vsprintf.o)       libc/libk.a(stdio.o) (vsnprintf)

Discarded input sections

 .group         0x0000000000000000        0xc init/init.o
 .group         0x0000000000000000        0xc init/init.o
 .group         0x0000000000000000        0xc init/init.o
 .group         0x0000000000000000        0xc init/init.o
 .group         0x0000000000000000        0xc init/init.o
 .group         0x0000000000000000        0xc init/init.o
 .group         0x0000000000000000        0xc init/init.o
 .group         0x0000000000000000        0xc init/init.o
 .group         0x0000000000000000        0xc init/init.o
 .group         0x0000000000000000        0xc init/init.o
 .group         0x0000000000000000        0xc init/init.o
 .group         0x0000000000000000        0xc init/init.o
 .group         0x0000000000000000        0xc init/init.o
 .group         0x0000000000000000        0xc init/init.o
 .group         0x0000000000000000        0xc init/init.o
 .group         0x0000000000000000        0xc init/init.o
 .group         0x0000000000000000        0xc init/init.o
 .group         0x0000000000000000        0xc init/init.o
 .group         0x0000000000000000        0xc init/init.o
 .group         0x0000000000000000        0xc init/init.o
 .group         0x0000000000000000        0xc init/init.o
 .group         0x0000000000000000        0xc init/init.o
 .group         0x0000000000000000        0xc init/init.o
 .group         0x0000000000000000        0xc init/init.o
 .group         0x0000000000000000        0xc init/init.o
 .group         0x0000000000000000        0xc init/init.o
 .group         0x0000000000000000        0xc init/init.o
 .group         0x0000000000000000        0xc init/init.o
 .group         0x0000000000000000        0xc init/init.o
 .group         0x0000000000000000        0xc init/init.o
 .eh_frame      0x0000000000000000      0x194 init/init.o
 .note.GNU-stack
                0x0000000000000000        0x0 init/init.o
 .group         0x0000000000000000        0xc mm/mm.o
 .group         0x0000000000000000        0xc mm/mm.o
 .group         0x0000000000000000        0xc mm/mm.o
 .group         0x0000000000000000        0xc mm/mm.o
 .group         0x0000000000000000        0xc mm/mm.o
 .group         0x0000000000000000        0xc mm/mm.o
 .group         0x0000000000000000        0xc mm/mm.o
 .group         0x0000000000000000        0xc mm/mm.o
 .group         0x0000000000000000        0xc mm/mm.o
 .group         0x0000000000000000        0xc mm/mm.o
 .group         0x0000000000000000        0xc mm/mm.o
 .group         0x0000000000000000        0xc mm/mm.o
 .group         0x0000000000000000        0xc mm/mm.o
 .group         0x0000000000000000        0xc mm/mm.o
 .group         0x0000000000000000        0xc mm/mm.o
 .group         0x0000000000000000        0xc mm/mm.o
 .group         0x0000000000000000        0xc mm/mm.o
 .group         0x0000000000000000        0xc mm/mm.o
 .group         0x0000000000000000        0xc mm/mm.o
 .group         0x0000000000000000        0xc mm/mm.o
 .eh_frame      0x0000000000000000      0x670 mm/mm.o
 .note.GNU-stack
                0x0000000000000000        0x0 mm/mm.o
 .debug_macro   0x0000000000000000       0x16 mm/mm.o
 .debug_macro   0x0000000000000000       0x16 mm/mm.o
 .debug_macro   0x0000000000000000       0x22 mm/mm.o
 .debug_macro   0x0000000000000000       0x88 mm/mm.o
 .debug_macro   0x0000000000000000       0x22 mm/mm.o
 .debug_macro   0x0000000000000000       0x76 mm/mm.o
 .debug_macro   0x0000000000000000       0x8e mm/mm.o
 .debug_macro   0x0000000000000000       0x3a mm/mm.o
 .debug_macro   0x0000000000000000       0x10 mm/mm.o
 .debug_macro   0x0000000000000000       0x58 mm/mm.o
 .debug_macro   0x0000000000000000       0x50 mm/mm.o
 .debug_macro   0x0000000000000000       0x82 mm/mm.o
 .debug_macro   0x0000000000000000       0x2e mm/mm.o
 .debug_macro   0x0000000000000000       0x40 mm/mm.o
 .debug_macro   0x0000000000000000       0x52 mm/mm.o
 .group         0x0000000000000000        0xc driver/driver.o
 .group         0x0000000000000000        0xc driver/driver.o
 .group         0x0000000000000000        0xc driver/driver.o
 .group         0x0000000000000000        0xc driver/driver.o
 .group         0x0000000000000000        0xc driver/driver.o
 .group         0x0000000000000000        0xc driver/driver.o
 .group         0x0000000000000000        0xc driver/driver.o
 .group         0x0000000000000000        0xc driver/driver.o
 .group         0x0000000000000000        0xc driver/driver.o
 .group         0x0000000000000000        0xc driver/driver.o
 .group         0x0000000000000000        0xc driver/driver.o
 .group         0x0000000000000000        0xc driver/driver.o
 .group         0x0000000000000000        0xc driver/driver.o
 .group         0x0000000000000000        0xc driver/driver.o
 .group         0x0000000000000000        0xc driver/driver.o
 .group         0x0000000000000000        0xc driver/driver.o
 .group         0x0000000000000000        0xc driver/driver.o
 .group         0x0000000000000000        0xc driver/driver.o
 .group         0x0000000000000000        0xc driver/driver.o
 .group         0x0000000000000000        0xc driver/driver.o
 .eh_frame      0x0000000000000000      0x894 driver/driver.o
 .note.GNU-stack
                0x0000000000000000        0x0 driver/driver.o
 .debug_macro   0x0000000000000000      0x844 driver/driver.o
 .debug_macro   0x0000000000000000       0x16 driver/driver.o
 .debug_macro   0x0000000000000000       0x82 driver/driver.o
 .debug_macro   0x0000000000000000       0x16 driver/driver.o
 .debug_macro   0x0000000000000000       0x22 driver/driver.o
 .debug_macro   0x0000000000000000       0x22 driver/driver.o
 .debug_macro   0x0000000000000000       0x40 driver/driver.o
 .debug_macro   0x0000000000000000       0x64 driver/driver.o
 .debug_macro   0x0000000000000000       0x50 driver/driver.o
 .debug_macro   0x0000000000000000       0x3a driver/driver.o
 .debug_macro   0x0000000000000000       0x52 driver/driver.o
 .debug_macro   0x0000000000000000       0x8e driver/driver.o
 .debug_macro   0x0000000000000000       0x10 driver/driver.o
 .debug_macro   0x0000000000000000       0x58 driver/driver.o
 .group         0x0000000000000000        0xc proc/proc.o
 .group         0x0000000000000000        0xc proc/proc.o
 .group         0x0000000000000000        0xc proc/proc.o
 .group         0x0000000000000000        0xc proc/proc.o
 .group         0x0000000000000000        0xc proc/proc.o
 .group         0x0000000000000000        0xc proc/proc.o
 .group         0x0000000000000000        0xc proc/proc.o
 .group         0x0000000000000000        0xc proc/proc.o
 .group         0x0000000000000000        0xc proc/proc.o
 .group         0x0000000000000000        0xc proc/proc.o
 .group         0x0000000000000000        0xc proc/proc.o
 .group         0x0000000000000000        0xc proc/proc.o
 .group         0x0000000000000000        0xc proc/proc.o
 .group         0x0000000000000000        0xc proc/proc.o
 .group         0x0000000000000000        0xc proc/proc.o
 .group         0x0000000000000000        0xc proc/proc.o
 .eh_frame      0x0000000000000000      0x2e8 proc/proc.o
 .note.GNU-stack
                0x0000000000000000        0x0 proc/proc.o
 .debug_macro   0x0000000000000000      0x844 proc/proc.o
 .debug_macro   0x0000000000000000       0x16 proc/proc.o
 .debug_macro   0x0000000000000000       0x82 proc/proc.o
 .debug_macro   0x0000000000000000       0x16 proc/proc.o
 .debug_macro   0x0000000000000000       0x22 proc/proc.o
 .debug_macro   0x0000000000000000       0x76 proc/proc.o
 .debug_macro   0x0000000000000000       0x8e proc/proc.o
 .debug_macro   0x0000000000000000       0x3a proc/proc.o
 .debug_macro   0x0000000000000000       0xe8 proc/proc.o
 .debug_macro   0x0000000000000000       0x50 proc/proc.o
 .debug_macro   0x0000000000000000       0x10 proc/proc.o
 .debug_macro   0x0000000000000000       0x88 proc/proc.o
 .debug_macro   0x0000000000000000       0x52 proc/proc.o
 .debug_macro   0x0000000000000000       0x22 proc/proc.o
 .debug_macro   0x0000000000000000       0x40 proc/proc.o
 .debug_macro   0x0000000000000000       0x64 proc/proc.o
 .group         0x0000000000000000        0xc fs/fs.o
 .group         0x0000000000000000        0xc fs/fs.o
 .group         0x0000000000000000        0xc fs/fs.o
 .group         0x0000000000000000        0xc fs/fs.o
 .group         0x0000000000000000        0xc fs/fs.o
 .group         0x0000000000000000        0xc fs/fs.o
 .group         0x0000000000000000        0xc fs/fs.o
 .group         0x0000000000000000        0xc fs/fs.o
 .group         0x0000000000000000        0xc fs/fs.o
 .group         0x0000000000000000        0xc fs/fs.o
 .group         0x0000000000000000        0xc fs/fs.o
 .group         0x0000000000000000        0xc fs/fs.o
 .group         0x0000000000000000        0xc fs/fs.o
 .group         0x0000000000000000        0xc fs/fs.o
 .eh_frame      0x0000000000000000      0x258 fs/fs.o
 .note.GNU-stack
                0x0000000000000000        0x0 fs/fs.o
 .debug_macro   0x0000000000000000      0x844 fs/fs.o
 .debug_macro   0x0000000000000000       0x16 fs/fs.o
 .debug_macro   0x0000000000000000       0x82 fs/fs.o
 .debug_macro   0x0000000000000000       0x16 fs/fs.o
 .debug_macro   0x0000000000000000       0x22 fs/fs.o
 .debug_macro   0x0000000000000000       0x10 fs/fs.o
 .debug_macro   0x0000000000000000       0x58 fs/fs.o
 .debug_macro   0x0000000000000000      0x1d8 fs/fs.o
 .debug_macro   0x0000000000000000       0x10 fs/fs.o
 .debug_macro   0x0000000000000000       0x22 fs/fs.o
 .debug_macro   0x0000000000000000       0x40 fs/fs.o
 .debug_macro   0x0000000000000000       0x64 fs/fs.o
 .debug_macro   0x0000000000000000       0x10 fs/fs.o
 .debug_macro   0x0000000000000000       0x88 fs/fs.o
 .group         0x0000000000000000        0xc objs/impl.o
 .group         0x0000000000000000        0xc objs/impl.o
 .group         0x0000000000000000        0xc objs/impl.o
 .group         0x0000000000000000        0xc objs/impl.o
 .group         0x0000000000000000        0xc objs/impl.o
 .group         0x0000000000000000        0xc objs/impl.o
 .group         0x0000000000000000        0xc objs/impl.o
 .group         0x0000000000000000        0xc objs/impl.o
 .group         0x0000000000000000        0xc objs/impl.o
 .group         0x0000000000000000        0xc objs/impl.o
 .group         0x0000000000000000        0xc objs/impl.o
 .group         0x0000000000000000        0xc objs/impl.o
 .group         0x0000000000000000        0xc objs/impl.o
 .group         0x0000000000000000        0xc objs/impl.o
 .group         0x0000000000000000        0xc objs/impl.o
 .group         0x0000000000000000        0xc objs/impl.o
 .group         0x0000000000000000        0xc objs/impl.o
 .group         0x0000000000000000        0xc objs/impl.o
 .group         0x0000000000000000        0xc objs/impl.o
 .group         0x0000000000000000        0xc objs/impl.o
 .group         0x0000000000000000        0xc objs/impl.o
 .group         0x0000000000000000        0xc objs/impl.o
 .eh_frame      0x0000000000000000      0x8cc objs/impl.o
 .note.GNU-stack
                0x0000000000000000        0x0 objs/impl.o
 .debug_macro   0x0000000000000000      0x838 objs/impl.o
 .debug_macro   0x0000000000000000       0x16 objs/impl.o
 .debug_macro   0x0000000000000000       0x82 objs/impl.o
 .debug_macro   0x0000000000000000       0x16 objs/impl.o
 .debug_macro   0x0000000000000000       0x4a objs/impl.o
 .debug_macro   0x0000000000000000       0x52 objs/impl.o
 .debug_macro   0x0000000000000000       0x46 objs/impl.o
 .debug_macro   0x0000000000000000       0xa6 objs/impl.o
 .debug_macro   0x0000000000000000       0x22 objs/impl.o
 .debug_macro   0x0000000000000000       0x40 objs/impl.o
 .debug_macro   0x0000000000000000       0x64 objs/impl.o
 .debug_macro   0x0000000000000000       0x22 objs/impl.o
 .debug_macro   0x0000000000000000       0x50 objs/impl.o
 .debug_macro   0x0000000000000000       0x3a objs/impl.o
 .debug_macro   0x0000000000000000       0x2e objs/impl.o
 .debug_macro   0x0000000000000000       0x76 objs/impl.o
 .debug_macro   0x0000000000000000       0x8e objs/impl.o
 .debug_macro   0x0000000000000000       0x3a objs/impl.o
 .group         0x0000000000000000        0xc tests/tests.o
 .group         0x0000000000000000        0xc tests/tests.o
 .group         0x0000000000000000        0xc tests/tests.o
 .group         0x0000000000000000        0xc tests/tests.o
 .group         0x0000000000000000        0xc tests/tests.o
 .group         0x0000000000000000        0xc tests/tests.o
 .group         0x0000000000000000        0xc tests/tests.o
 .group         0x0000000000000000        0xc tests/tests.o
 .group         0x0000000000000000        0xc tests/tests.o
 .group         0x0000000000000000        0xc tests/tests.o
 .group         0x0000000000000000        0xc tests/tests.o
 .group         0x0000000000000000        0xc tests/tests.o
 .group         0x0000000000000000        0xc tests/tests.o
 .group         0x0000000000000000        0xc tests/tests.o
 .group         0x0000000000000000        0xc tests/tests.o
 .group         0x0000000000000000        0xc tests/tests.o
 .group         0x0000000000000000        0xc tests/tests.o
 .group         0x0000000000000000        0xc tests/tests.o
 .group         0x0000000000000000        0xc tests/tests.o
 .group         0x0000000000000000        0xc tests/tests.o
 .eh_frame      0x0000000000000000      0x514 tests/tests.o
 .note.GNU-stack
                0x0000000000000000        0x0 tests/tests.o
 .debug_macro   0x0000000000000000      0x844 tests/tests.o
 .debug_macro   0x0000000000000000       0x16 tests/tests.o
 .debug_macro   0x0000000000000000       0x82 tests/tests.o
 .debug_macro   0x0000000000000000       0x16 tests/tests.o
 .debug_macro   0x0000000000000000       0x22 tests/tests.o
 .debug_macro   0x0000000000000000       0x76 tests/tests.o
 .debug_macro   0x0000000000000000       0x8e tests/tests.o
 .debug_macro   0x0000000000000000       0x3a tests/tests.o
 .debug_macro   0x0000000000000000       0xe8 tests/tests.o
 .debug_macro   0x0000000000000000       0x22 tests/tests.o
 .debug_macro   0x0000000000000000       0x52 tests/tests.o
 .debug_macro   0x0000000000000000      0x1e9 tests/tests.o
 .debug_macro   0x0000000000000000       0x10 tests/tests.o
 .debug_macro   0x0000000000000000       0x50 tests/tests.o
 .debug_macro   0x0000000000000000       0x8e tests/tests.o
 .debug_macro   0x0000000000000000      0x1e3 tests/tests.o
 .group         0x0000000000000000        0xc libc/libk.a(string.o)
 .group         0x0000000000000000        0xc libc/libk.a(string.o)
 .group         0x0000000000000000        0xc libc/libk.a(string.o)
 .group         0x0000000000000000        0xc libc/libk.a(string.o)
 .group         0x0000000000000000        0xc libc/libk.a(string.o)
 .debug_macro   0x0000000000000000      0x844 libc/libk.a(string.o)
 .debug_macro   0x0000000000000000       0x16 libc/libk.a(string.o)
 .debug_macro   0x0000000000000000       0x88 libc/libk.a(string.o)
 .debug_macro   0x0000000000000000       0x16 libc/libk.a(string.o)
 .debug_macro   0x0000000000000000       0x22 libc/libk.a(string.o)
 .note.GNU-stack
                0x0000000000000000        0x0 libc/libk.a(string.o)
 .eh_frame      0x0000000000000000      0x198 libc/libk.a(string.o)
 .group         0x0000000000000000        0xc libc/libk.a(stdio.o)
 .group         0x0000000000000000        0xc libc/libk.a(stdio.o)
 .group         0x0000000000000000        0xc libc/libk.a(stdio.o)
 .group         0x0000000000000000        0xc libc/libk.a(stdio.o)
 .group         0x0000000000000000        0xc libc/libk.a(stdio.o)
 .group         0x0000000000000000        0xc libc/libk.a(stdio.o)
 .group         0x0000000000000000        0xc libc/libk.a(stdio.o)
 .group         0x0000000000000000        0xc libc/libk.a(stdio.o)
 .group         0x0000000000000000        0xc libc/libk.a(stdio.o)
 .debug_macro   0x0000000000000000      0x844 libc/libk.a(stdio.o)
 .debug_macro   0x0000000000000000       0x16 libc/libk.a(stdio.o)
 .debug_macro   0x0000000000000000       0x82 libc/libk.a(stdio.o)
 .debug_macro   0x0000000000000000       0x22 libc/libk.a(stdio.o)
 .debug_macro   0x0000000000000000       0x16 libc/libk.a(stdio.o)
 .debug_macro   0x0000000000000000      0x1e3 libc/libk.a(stdio.o)
 .debug_macro   0x0000000000000000       0x22 libc/libk.a(stdio.o)
 .debug_macro   0x0000000000000000       0x3a libc/libk.a(stdio.o)
 .debug_macro   0x0000000000000000       0x2e libc/libk.a(stdio.o)
 .note.GNU-stack
                0x0000000000000000        0x0 libc/libk.a(stdio.o)
 .eh_frame      0x0000000000000000       0x58 libc/libk.a(stdio.o)
 .group         0x0000000000000000        0xc libc/libk.a(vsprintf.o)
 .group         0x0000000000000000        0xc libc/libk.a(vsprintf.o)
 .group         0x0000000000000000        0xc libc/libk.a(vsprintf.o)
 .group         0x0000000000000000        0xc libc/libk.a(vsprintf.o)
 .group         0x0000000000000000        0xc libc/libk.a(vsprintf.o)
 .debug_macro   0x0000000000000000      0x844 libc/libk.a(vsprintf.o)
 .debug_macro   0x0000000000000000       0x16 libc/libk.a(vsprintf.o)
 .debug_macro   0x0000000000000000       0x10 libc/libk.a(vsprintf.o)
 .debug_macro   0x0000000000000000       0x22 libc/libk.a(vsprintf.o)
 .debug_macro   0x0000000000000000       0x88 libc/libk.a(vsprintf.o)
 .note.GNU-stack
                0x0000000000000000        0x0 libc/libk.a(vsprintf.o)
 .eh_frame      0x0000000000000000       0xfc libc/libk.a(vsprintf.o)

Memory Configuration

Name             Origin             Length             Attributes
*default*        0x0000000000000000 0xffffffffffffffff

Linker script and memory map

                0x00000000c0100000                . = 0xc0100000
                0x00000000c0100000                kernel_start = .
                0x00000000c0100100                . = (. + 0x100)
                0x00000000c0100100                kcode_start = .

.text           0x00000000c0100100     0x8faf
 *(.text)
 .text          0x00000000c0100100      0xf63 init/init.o
                0x00000000c0100100                create_gdt_entry
                0x00000000c010017d                gdt_init_flat_protected
                0x00000000c01002c5                get_gdt_ptr
                0x00000000c01002cf                kmain
                0x00000000c0100743                run_cmd
                0x00000000c0100fd5                shell
                0x00000000c010103e                load_gdt
                0x00000000c010105b                load_idt
 .text          0x00000000c0101063     0x153c mm/mm.o
                0x00000000c0101296                get_kernel_heap
                0x00000000c01012a0                kheap_init
                0x00000000c0101422                kheap_stats
                0x00000000c0101594                kmalloc
                0x00000000c01016e9                kfree
                0x00000000c0101819                krealloc
                0x00000000c01018e1                realloc
                0x00000000c01018ff                malloc
                0x00000000c0101914                free
                0x00000000c0101a24                kmm_setup_memory_region
                0x00000000c0101ab6                kmm_init
                0x00000000c0101c6f                kmm_frame_alloc
                0x00000000c0101d01                kmm_frame_free
                0x00000000c0101d56                kmm_get_total_frames
                0x00000000c0101d60                kmm_get_used_frames
                0x00000000c0101e42                vmm_switch_pagedir
                0x00000000c0101e79                vmm_init
                0x00000000c0101f3b                vmm_create_address_space
                0x00000000c0101f7b                vmm_create_pt
                0x00000000c0101fe5                vmm_map_page
                0x00000000c010205b                vmm_get_phys_frame
                0x00000000c01020da                vmm_clone_pagetable
                0x00000000c01021c2                vmm_clone_pagedir
                0x00000000c01022e8                vmm_page_alloc
                0x00000000c0102340                vmm_alloc_region
                0x00000000c010240b                vmm_free_region
                0x00000000c0102536                vmm_page_free
                0x00000000c010257b                vmm_get_kerneldir
                0x00000000c0102585                vmm_get_current_pagedir
 .text          0x00000000c010259f     0x1637 driver/driver.o
                0x00000000c010259f                blkdev_register
                0x00000000c0102825                blkdev_get_by_name
                0x00000000c0102915                blkread
                0x00000000c0102a09                dma_set_address
                0x00000000c0102ae8                dma_set_count
                0x00000000c0102bc7                dma_set_external_pagereg
                0x00000000c0102c7e                dma_set_mode
                0x00000000c0102d3b                dma_setup_read
                0x00000000c0102d5c                dma_setup_write
                0x00000000c0102d7d                dma_mask_channel
                0x00000000c0102e16                dma_unmask_channel
                0x00000000c0102ea9                dma_unmask_all
                0x00000000c0102ebb                dma_reset_flipflop
                0x00000000c0102eea                dma_reset
                0x00000000c0102f19                dma_disable
                0x00000000c01034a8                fdc_init
                0x00000000c010350a                fdc_reset
                0x00000000c0103578                fdc_read_sector
                0x00000000c0103635                fdc_lba_to_chs
                0x00000000c01036e4                fdc_set_drive
                0x00000000c0103704                fdc_get_drive
                0x00000000c010372f                pic_init
                0x00000000c01037d1                pic_send_eoi
                0x00000000c010383d                serial_init
                0x00000000c0103922                serial_putc
                0x00000000c010395e                serial_puts
                0x00000000c010399d                serial_getc
                0x00000000c0103b1c                init_system_timer
                0x00000000c0103b80                _timer_interrupt_handler
                0x00000000c0103b93                get_system_tick_count
                0x00000000c0103b9d                sleep
 .text          0x00000000c0103bd6      0x37a proc/proc.o
                0x00000000c0103bd6                elf_check_hdr
                0x00000000c0103c4a                elf_load_seg
                0x00000000c0103d44                elf_load
                0x00000000c0103e53                process_create
                0x00000000c0103ec7                process_destroy
                0x00000000c0103ecd                process_spawn
                0x00000000c0103ed3                process_fork
                0x00000000c0103ed9                process_find_by_pid
                0x00000000c0103edf                process_exit
                0x00000000c0103ee5                _get_main_thread
                0x00000000c0103eeb                thread_create
                0x00000000c0103ef1                thread_destroy
                0x00000000c0103ef7                scheduler_init
                0x00000000c0103efd                scheduler_tick
                0x00000000c0103f03                scheduler_switch
                0x00000000c0103f09                scheduler_post
                0x00000000c0103f0f                get_current_proc
                0x00000000c0103f15                get_current_thread
                0x00000000c0103f1b                tss_flush
                0x00000000c0103f35                tss_update_esp0
                0x00000000c0103f46                tss_get_global
 .text          0x00000000c0103f50      0xe33 fs/fs.o
                0x00000000c01043a0                fat12_mount
                0x00000000c01046c4                fat12_unmount
                0x00000000c0104784                fat12_open
                0x00000000c01047e1                fat12_read
                0x00000000c0104a3b                fat12_close
                0x00000000c0104a45                fat12_write
                0x00000000c0104a4f                fat12_readdir
                0x00000000c0104af1                vfs_init
                0x00000000c0104b35                vfs_mount
                0x00000000c0104c27                vfs_open
                0x00000000c0104d19                vfs_read
 .text          0x00000000c0104d83     0x1995 objs/impl.o
                0x00000000c0104dd1                idt_init
                0x00000000c01052f8                get_idt_ptr
                0x00000000c0105329                setup_x86_interrutps
                0x00000000c010535e                register_interrupt_handler
                0x00000000c010537b                unregister_interrupt_handler
                0x00000000c0105399                get_interrupt_handler
                0x00000000c01053b2                interrupt_dispatch
                0x00000000c0105401                isr0
                0x00000000c010540a                isr1
                0x00000000c0105413                isr2
                0x00000000c010541c                isr3
                0x00000000c0105425                isr4
                0x00000000c010542e                isr5
                0x00000000c0105437                isr6
                0x00000000c0105440                isr7
                0x00000000c0105449                isr8
                0x00000000c0105450                isr9
                0x00000000c0105459                isr10
                0x00000000c0105460                isr11
                0x00000000c0105467                isr12
                0x00000000c010546e                isr13
                0x00000000c0105475                isr14
                0x00000000c010547c                isr15
                0x00000000c0105485                isr16
                0x00000000c010548e                isr17
                0x00000000c0105495                isr18
                0x00000000c010549e                isr19
                0x00000000c01054a7                isr20
                0x00000000c01054b0                isr21
                0x00000000c01054b7                isr22
                0x00000000c01054c0                isr23
                0x00000000c01054c9                isr24
                0x00000000c01054d2                isr25
                0x00000000c01054db                isr26
                0x00000000c01054e4                isr27
                0x00000000c01054ed                isr28
                0x00000000c01054f3                isr29
                0x00000000c01054f9                isr30
                0x00000000c01054ff                isr31
                0x00000000c0105505                isr32
                0x00000000c010550b                isr33
                0x00000000c0105511                isr34
                0x00000000c0105517                isr35
                0x00000000c010551d                isr36
                0x00000000c0105523                isr37
                0x00000000c0105529                isr38
                0x00000000c010552f                isr39
                0x00000000c0105535                isr40
                0x00000000c010553b                isr41
                0x00000000c0105541                isr42
                0x00000000c0105547                isr43
                0x00000000c010554d                isr44
                0x00000000c0105553                isr45
                0x00000000c0105559                isr46
                0x00000000c010555f                isr47
                0x00000000c0105565                isr128
                0x00000000c0105abd                kbd_init
                0x00000000c0105b5d                kbd_get_lastscancode
                0x00000000c0105b69                kbd_get_lastkey
                0x00000000c0105b91                kbd_getlastkey_buf
                0x00000000c0105ba4                kbd_clear_lastkey
                0x00000000c0105bb1                kbd_keycode_to_ascii
                0x00000000c0105ce4                kbd_get_numlock
                0x00000000c0105cf0                kbd_get_capslock
                0x00000000c0105cfc                kbd_get_scrolllock
                0x00000000c0105d08                kbd_get_shift
                0x00000000c0105d14                kbd_get_ctrl
                0x00000000c0105d20                kbd_get_alt
                0x00000000c0105d2c                kbd_ignore_resend
                0x00000000c0105d39                kbd_should_resend
                0x00000000c0105d45                kbd_set_leds
                0x00000000c0105dc9                kbd_self_test
                0x00000000c0105df5                kbd_bat_result
                0x00000000c0105e01                kbd_diag_result
                0x00000000c0105e0d                kbd_is_enabled
                0x00000000c0105e19                kbd_setstate
                0x00000000c0105ed6                syscall_init
                0x00000000c0105f9b                tty_init
                0x00000000c0105fae                terminal_getc
                0x00000000c0105fd6                terminal_read
                0x00000000c010603b                terminal_stdin_init
                0x00000000c0106049                terminal_move_cursor
                0x00000000c01060ab                terminal_clear_scr
                0x00000000c0106151                terminal_clear_log
                0x00000000c01061f7                terminal_setcolor
                0x00000000c010620f                terminal_get_colour
                0x00000000c010621b                terminal_settext_color
                0x00000000c0106253                terminal_setbg_color
                0x00000000c010628b                terminal_reset_color
                0x00000000c01062b2                terminal_stdout_init
                0x00000000c01062f5                terminal_putc
                0x00000000c0106569                terminal_write
                0x00000000c01065b0                terminal_writestring
                0x00000000c01065f5                vga_entry_color
                0x00000000c0106607                vga_entry
                0x00000000c0106628                vga_move_cursor_to
                0x00000000c01066b1                vga_putentry_at
                0x00000000c010670e                vga_get_screen_buffer
 .text          0x00000000c0106718     0x197b tests/tests.o
                0x00000000c0106718                test_elf_check_valid_header
                0x00000000c01067a1                test_elf_load_program
                0x00000000c01068b1                test_elf_load_nonexistent
                0x00000000c0106930                test_process_create_nonnull
                0x00000000c01069b9                test_process_create_different_priorities
                0x00000000c0106ae2                test_process_name_handling
                0x00000000c0106bc5                test_get_main_thread_nonnull
                0x00000000c0106c4c                test_thread_creation
                0x00000000c0106ce3                test_multiple_thread_creation
                0x00000000c0106e50                test_scheduler_get_current_thread
                0x00000000c0106e88                test_scheduler_get_current_proc
                0x00000000c0106ecf                test_scheduler_post_thread
                0x00000000c0106f98                test_multiple_process_creation
                0x00000000c01070d6                test_thread_destroy_safe
                0x00000000c010718e                test_scheduler_init_idempotent
                0x00000000c01071eb                test_process_exit_safe
                0x00000000c0107293                test_concurrent_scheduler_ops
                0x00000000c01073f5                test_many_threads_creation
                0x00000000c0107696                thread_test
                0x00000000c010779f                test_tick_count_incrementing
                0x00000000c01078ff                test_sleep_duration
                0x00000000c01079d7                test_multiple_sleeps
                0x00000000c0107bed                test_tss_global_access
                0x00000000c0107cbb                test_tss_esp0_update
                0x00000000c0107ece                utoa
                0x00000000c0107f80                start_tests
                0x00000000c0108004                read_command
                0x00000000c010806f                send_msg
 .text          0x00000000c0108093      0x5e7 libc/libk.a(string.o)
                0x00000000c0108093                strlen
                0x00000000c01080ba                memset
                0x00000000c01080ed                strcmp
                0x00000000c010812c                memcpy
                0x00000000c010816d                memcmp
                0x00000000c01081d5                strcpy
                0x00000000c010820f                strncpy
                0x00000000c010826c                strchr
                0x00000000c0108298                strtok
                0x00000000c010834a                strtol
                0x00000000c0108512                strtok_r
                0x00000000c0108630                strcat
 .text          0x00000000c010867a       0x79 libc/libk.a(stdio.o)
                0x00000000c010867a                printk
                0x00000000c01086be                getlinek
 .text          0x00000000c01086f3      0x9bc libc/libk.a(vsprintf.o)
                0x00000000c0108c03                vsnprintf
                0x00000000c01090af                kcode_end = .
                0x00000000c01090af                krodata_start = .

.iplt           0x00000000c01090af        0x0
 .iplt          0x00000000c01090af        0x0 init/init.o

.rodata         0x00000000c01090c0     0x1d60
 *(.rodata)
 .rodata        0x00000000c01090c0      0x6ef init/init.o
 *fill*         0x00000000c01097af        0x1 
 .rodata        0x00000000c01097b0       0xbc mm/mm.o
 .rodata        0x00000000c010986c      0x3d2 driver/driver.o
 .rodata        0x00000000c0109c3e        0xa fs/fs.o
 *fill*         0x00000000c0109c48       0x18 
 .rodata        0x00000000c0109c60      0x393 objs/impl.o
 *fill*         0x00000000c0109ff3        0x1 
 .rodata        0x00000000c0109ff4      0xd57 tests/tests.o
 *fill*         0x00000000c010ad4b        0x1 
 .rodata        0x00000000c010ad4c       0xd4 libc/libk.a(vsprintf.o)
 *(.rodata.*)
                0x00000000c010ae20                krodata_end = .
                0x00000000c010ae20                kdata_start = .

.rel.dyn        0x00000000c010ae20        0x0
 .rel.got       0x00000000c010ae20        0x0 init/init.o
 .rel.iplt      0x00000000c010ae20        0x0 init/init.o
 .rel.text      0x00000000c010ae20        0x0 init/init.o

.data           0x00000000c010ae20       0xc8
 *(.data)
 .data          0x00000000c010ae20        0x0 init/init.o
 .data          0x00000000c010ae20        0x0 mm/mm.o
 .data          0x00000000c010ae20        0x4 driver/driver.o
 .data          0x00000000c010ae24        0x8 proc/proc.o
                0x00000000c010ae28                global_tss
 .data          0x00000000c010ae2c       0x28 fs/fs.o
                0x00000000c010ae2c                fat12_fs_type
                0x00000000c010ae4c                fs_types
 .data          0x00000000c010ae54       0x18 objs/impl.o
 *fill*         0x00000000c010ae6c       0x14 
 .data          0x00000000c010ae80       0x68 tests/tests.o
 .data          0x00000000c010aee8        0x0 libc/libk.a(string.o)
 .data          0x00000000c010aee8        0x0 libc/libk.a(stdio.o)
 .data          0x00000000c010aee8        0x0 libc/libk.a(vsprintf.o)
                0x00000000c010aee8                kdata_end = .
                0x00000000c010aee8                kbss_start = .

.got            0x00000000c010aee8        0x0
 .got           0x00000000c010aee8        0x0 init/init.o

.got.plt        0x00000000c010aee8        0x0
 .got.plt       0x00000000c010aee8        0x0 init/init.o

.igot.plt       0x00000000c010aee8        0x0
 .igot.plt      0x00000000c010aee8        0x0 init/init.o

.bss            0x00000000c010af00      0xfc4
 *(.bss)
 .bss           0x00000000c010af00       0x36 init/init.o
 *fill*         0x00000000c010af36        0xa 
 .bss           0x00000000c010af40       0xd4 mm/mm.o
                0x00000000c010af40                kernel_heap
 .bss           0x00000000c010b014       0x20 driver/driver.o
                0x00000000c010b02c                ticks
                0x00000000c010b030                freq
 *fill*         0x00000000c010b034        0xc 
 .bss           0x00000000c010b040       0x68 proc/proc.o
 .bss           0x00000000c010b0a8        0xc fs/fs.o
 *fill*         0x00000000c010b0b4        0xc 
 .bss           0x00000000c010b0c0      0xd58 objs/impl.o
                0x00000000c010b0c0                idt
                0x00000000c010b8c0                idt_ptr
 *fill*         0x00000000c010be18        0x8 
 .bss           0x00000000c010be20       0xa0 tests/tests.o
 .bss           0x00000000c010bec0        0x4 libc/libk.a(string.o)
 .bss           0x00000000c010bec4        0x0 libc/libk.a(stdio.o)
 .bss           0x00000000c010bec4        0x0 libc/libk.a(vsprintf.o)
                0x00000000c010bec4                kbss_end = .

/DISCARD/
 *(.eh_frame .note.GNU-stack)
                0x00000000c010bec4                kernel_end = .
LOAD init/init.o
LOAD mm/mm.o
LOAD driver/driver.o
LOAD proc/proc.o
LOAD fs/fs.o
LOAD objs/impl.o
LOAD tests/tests.o
LOAD libc/libk.a
OUTPUT(kernel.elf elf32-i386)

.comment        0x0000000000000000       0x2d
 .comment       0x0000000000000000       0x2d init/init.o
                                         0x8a (size before relaxing)
 .comment       0x000000000000002d       0x8a mm/mm.o
 .comment       0x000000000000002d      0x114 driver/driver.o
 .comment       0x000000000000002d       0x8a proc/proc.o
 .comment       0x000000000000002d       0x5c fs/fs.o
 .comment       0x000000000000002d      0x114 objs/impl.o
 .comment       0x000000000000002d       0xe6 tests/tests.o
 .comment       0x000000000000002d       0x2e libc/libk.a(string.o)
 .comment       0x000000000000002d       0x2e libc/libk.a(stdio.o)
 .comment       0x000000000000002d       0x2e libc/libk.a(vsprintf.o)

.debug_aranges  0x0000000000000000      0x420
 .debug_aranges
                0x0000000000000000       0x80 init/init.o
 .debug_aranges
                0x0000000000000080       0x60 mm/mm.o
 .debug_aranges
                0x00000000000000e0       0xc0 driver/driver.o
 .debug_aranges
                0x00000000000001a0       0x60 proc/proc.o
 .debug_aranges
                0x0000000000000200       0x40 fs/fs.o
 .debug_aranges
                0x0000000000000240       0xe0 objs/impl.o
 .debug_aranges
                0x0000000000000320       0xa0 tests/tests.o
 .debug_aranges
                0x00000000000003c0       0x20 libc/libk.a(string.o)
 .debug_aranges
                0x00000000000003e0       0x20 libc/libk.a(stdio.o)
 .debug_aranges
                0x0000000000000400       0x20 libc/libk.a(vsprintf.o)

.debug_info     0x0000000000000000     0xaf61
 .debug_info    0x0000000000000000      0xe0f init/init.o
 .debug_info    0x0000000000000e0f     0x1974 mm/mm.o
 .debug_info    0x0000000000002783     0x1a15 driver/driver.o
 .debug_info    0x0000000000004198      0xf1a proc/proc.o
 .debug_info    0x00000000000050b2     0x1614 fs/fs.o
 .debug_info    0x00000000000066c6     0x2227 objs/impl.o
 .debug_info    0x00000000000088ed     0x1af5 tests/tests.o
 .debug_info    0x000000000000a3e2      0x53b libc/libk.a(string.o)
 .debug_info    0x000000000000a91d      0x195 libc/libk.a(stdio.o)
 .debug_info    0x000000000000aab2      0x4af libc/libk.a(vsprintf.o)

.debug_abbrev   0x0000000000000000     0x3567
 .debug_abbrev  0x0000000000000000      0x4b3 init/init.o
 .debug_abbrev  0x00000000000004b3      0x772 mm/mm.o
 .debug_abbrev  0x0000000000000c25      0x9eb driver/driver.o
 .debug_abbrev  0x0000000000001610      0x4b0 proc/proc.o
 .debug_abbrev  0x0000000000001ac0      0x489 fs/fs.o
 .debug_abbrev  0x0000000000001f49      0xacd objs/impl.o
 .debug_abbrev  0x0000000000002a16      0x7b2 tests/tests.o
 .debug_abbrev  0x00000000000031c8      0x15e libc/libk.a(string.o)
 .debug_abbrev  0x0000000000003326      0x101 libc/libk.a(stdio.o)
 .debug_abbrev  0x0000000000003427      0x140 libc/libk.a(vsprintf.o)

.debug_line     0x0000000000000000     0x7065
 .debug_line    0x0000000000000000      0xaca init/init.o
 .debug_line    0x0000000000000aca     0x10d0 mm/mm.o
 .debug_line    0x0000000000001b9a     0x11a4 driver/driver.o
 .debug_line    0x0000000000002d3e      0x769 proc/proc.o
 .debug_line    0x00000000000034a7      0xafe fs/fs.o
 .debug_line    0x0000000000003fa5     0x13de objs/impl.o
 .debug_line    0x0000000000005383     0x1059 tests/tests.o
 .debug_line    0x00000000000063dc      0x4bd libc/libk.a(string.o)
 .debug_line    0x0000000000006899      0x1a2 libc/libk.a(stdio.o)
 .debug_line    0x0000000000006a3b      0x62a libc/libk.a(vsprintf.o)

.debug_str      0x0000000000000000     0x9e67
 .debug_str     0x0000000000000000     0x65ab init/init.o
                                       0xd206 (size before relaxing)
 .debug_str     0x00000000000065ab      0x7af mm/mm.o
                                       0xc427 (size before relaxing)
 .debug_str     0x0000000000006d5a      0xf17 driver/driver.o
                                      0x16c03 (size before relaxing)
 .debug_str     0x0000000000007c71      0x3de proc/proc.o
                                       0xa40c (size before relaxing)
 .debug_str     0x000000000000804f      0x5d5 fs/fs.o
                                       0x7a67 (size before relaxing)
 .debug_str     0x0000000000008624      0xeff objs/impl.o
                                      0x16bb0 (size before relaxing)
 .debug_str     0x0000000000009523      0x735 tests/tests.o
                                      0x11d72 (size before relaxing)
 .debug_str     0x0000000000009c58       0x80 libc/libk.a(string.o)
                                       0x2d04 (size before relaxing)
 .debug_str     0x0000000000009cd8       0x2b libc/libk.a(stdio.o)
                                       0x3755 (size before relaxing)
 .debug_str     0x0000000000009d03      0x164 libc/libk.a(vsprintf.o)
                                       0x2e5b (size before relaxing)

.debug_macro    0x0000000000000000     0x3e80
 .debug_macro   0x0000000000000000      0x2bb init/init.o
 .debug_macro   0x00000000000002bb      0x844 init/init.o
 .debug_macro   0x0000000000000aff       0x16 init/init.o
 .debug_macro   0x0000000000000b15       0x82 init/init.o
 .debug_macro   0x0000000000000b97       0x82 init/init.o
 .debug_macro   0x0000000000000c19       0x16 init/init.o
 .debug_macro   0x0000000000000c2f       0x10 init/init.o
 .debug_macro   0x0000000000000c3f       0x88 init/init.o
 .debug_macro   0x0000000000000cc7       0x22 init/init.o
 .debug_macro   0x0000000000000ce9       0x58 init/init.o
 .debug_macro   0x0000000000000d41       0x40 init/init.o
 .debug_macro   0x0000000000000d81       0x22 init/init.o
 .debug_macro   0x0000000000000da3      0x160 init/init.o
 .debug_macro   0x0000000000000f03       0x52 init/init.o
 .debug_macro   0x0000000000000f55       0x8e init/init.o
 .debug_macro   0x0000000000000fe3      0x1d8 init/init.o
 .debug_macro   0x00000000000011bb      0x1e9 init/init.o
 .debug_macro   0x00000000000013a4       0x88 init/init.o
 .debug_macro   0x000000000000142c       0x46 init/init.o
 .debug_macro   0x0000000000001472       0x10 init/init.o
 .debug_macro   0x0000000000001482       0x76 init/init.o
 .debug_macro   0x00000000000014f8       0x8e init/init.o
 .debug_macro   0x0000000000001586       0x3a init/init.o
 .debug_macro   0x00000000000015c0       0x2e init/init.o
 .debug_macro   0x00000000000015ee       0x10 init/init.o
 .debug_macro   0x00000000000015fe       0x2e init/init.o
 .debug_macro   0x000000000000162c       0x10 init/init.o
 .debug_macro   0x000000000000163c       0x58 init/init.o
 .debug_macro   0x0000000000001694       0x50 init/init.o
 .debug_macro   0x00000000000016e4       0x76 init/init.o
 .debug_macro   0x000000000000175a       0xe8 init/init.o
 .debug_macro   0x0000000000001842      0x27c mm/mm.o
 .debug_macro   0x0000000000001abe      0x838 mm/mm.o
 .debug_macro   0x00000000000022f6       0x3a mm/mm.o
 .debug_macro   0x0000000000002330       0x64 mm/mm.o
 .debug_macro   0x0000000000002394       0x16 mm/mm.o
 .debug_macro   0x00000000000023aa       0x70 mm/mm.o
 .debug_macro   0x000000000000241a      0x39c driver/driver.o
 .debug_macro   0x00000000000027b6      0x1bd driver/driver.o
 .debug_macro   0x0000000000002973      0x1d2 driver/driver.o
 .debug_macro   0x0000000000002b45      0x1c3 driver/driver.o
 .debug_macro   0x0000000000002d08       0x4a driver/driver.o
 .debug_macro   0x0000000000002d52       0xa6 driver/driver.o
 .debug_macro   0x0000000000002df8      0x1e3 driver/driver.o
 .debug_macro   0x0000000000002fdb      0x191 proc/proc.o
 .debug_macro   0x000000000000316c      0x189 fs/fs.o
 .debug_macro   0x00000000000032f5      0x39c objs/impl.o
 .debug_macro   0x0000000000003691       0x40 objs/impl.o
 .debug_macro   0x00000000000036d1      0x166 objs/impl.o
 .debug_macro   0x0000000000003837       0x10 objs/impl.o
 .debug_macro   0x0000000000003847       0x40 objs/impl.o
 .debug_macro   0x0000000000003887      0x2eb tests/tests.o
 .debug_macro   0x0000000000003b72       0x2e tests/tests.o
 .debug_macro   0x0000000000003ba0       0xee tests/tests.o
 .debug_macro   0x0000000000003c8e       0x2e tests/tests.o
 .debug_macro   0x0000000000003cbc       0x34 tests/tests.o
 .debug_macro   0x0000000000003cf0       0x3f libc/libk.a(string.o)
 .debug_macro   0x0000000000003d2f       0x8f libc/libk.a(stdio.o)
 .debug_macro   0x0000000000003dbe       0xc2 libc/libk.a(vsprintf.o)

.debug_ranges   0x0000000000000000       0x78
 .debug_ranges  0x0000000000000000       0x18 mm/mm.o
 .debug_ranges  0x0000000000000018       0x18 fs/fs.o
 .debug_ranges  0x0000000000000030       0x48 libc/libk.a(string.o)
