Archive member included to satisfy reference by file (symbol)

libc/libk.a(string.o)         init/init.o (strlen)
libc/libk.a(stdio.o)          init/init.o (printk)
libc/libk.a(vsprintf.o)       libc/libk.a(stdio.o) (vsnprintf)

Discarded input sections

 .group         0x0000000000000000        0xc init/init.o
 .group         0x0000000000000000        0xc init/init.o
 .group         0x0000000000000000        0xc init/init.o
 .group         0x0000000000000000        0xc init/init.o
 .group         0x0000000000000000        0xc init/init.o
 .group         0x0000000000000000        0xc init/init.o
 .group         0x0000000000000000        0xc init/init.o
 .group         0x0000000000000000        0xc init/init.o
 .group         0x0000000000000000        0xc init/init.o
 .group         0x0000000000000000        0xc init/init.o
 .group         0x0000000000000000        0xc init/init.o
 .group         0x0000000000000000        0xc init/init.o
 .group         0x0000000000000000        0xc init/init.o
 .group         0x0000000000000000        0xc init/init.o
 .group         0x0000000000000000        0xc init/init.o
 .group         0x0000000000000000        0xc init/init.o
 .group         0x0000000000000000        0xc init/init.o
 .group         0x0000000000000000        0xc init/init.o
 .group         0x0000000000000000        0xc init/init.o
 .group         0x0000000000000000        0xc init/init.o
 .group         0x0000000000000000        0xc init/init.o
 .group         0x0000000000000000        0xc init/init.o
 .group         0x0000000000000000        0xc init/init.o
 .group         0x0000000000000000        0xc init/init.o
 .group         0x0000000000000000        0xc init/init.o
 .group         0x0000000000000000        0xc init/init.o
 .group         0x0000000000000000        0xc init/init.o
 .group         0x0000000000000000        0xc init/init.o
 .group         0x0000000000000000        0xc init/init.o
 .group         0x0000000000000000        0xc init/init.o
 .eh_frame      0x0000000000000000      0x194 init/init.o
 .note.GNU-stack
                0x0000000000000000        0x0 init/init.o
 .group         0x0000000000000000        0xc mm/mm.o
 .group         0x0000000000000000        0xc mm/mm.o
 .group         0x0000000000000000        0xc mm/mm.o
 .group         0x0000000000000000        0xc mm/mm.o
 .group         0x0000000000000000        0xc mm/mm.o
 .group         0x0000000000000000        0xc mm/mm.o
 .group         0x0000000000000000        0xc mm/mm.o
 .group         0x0000000000000000        0xc mm/mm.o
 .group         0x0000000000000000        0xc mm/mm.o
 .group         0x0000000000000000        0xc mm/mm.o
 .group         0x0000000000000000        0xc mm/mm.o
 .group         0x0000000000000000        0xc mm/mm.o
 .group         0x0000000000000000        0xc mm/mm.o
 .group         0x0000000000000000        0xc mm/mm.o
 .group         0x0000000000000000        0xc mm/mm.o
 .group         0x0000000000000000        0xc mm/mm.o
 .group         0x0000000000000000        0xc mm/mm.o
 .group         0x0000000000000000        0xc mm/mm.o
 .group         0x0000000000000000        0xc mm/mm.o
 .group         0x0000000000000000        0xc mm/mm.o
 .eh_frame      0x0000000000000000      0x670 mm/mm.o
 .note.GNU-stack
                0x0000000000000000        0x0 mm/mm.o
 .debug_macro   0x0000000000000000       0x16 mm/mm.o
 .debug_macro   0x0000000000000000       0x16 mm/mm.o
 .debug_macro   0x0000000000000000       0x22 mm/mm.o
 .debug_macro   0x0000000000000000       0x88 mm/mm.o
 .debug_macro   0x0000000000000000       0x22 mm/mm.o
 .debug_macro   0x0000000000000000       0x76 mm/mm.o
 .debug_macro   0x0000000000000000       0x8e mm/mm.o
 .debug_macro   0x0000000000000000       0x3a mm/mm.o
 .debug_macro   0x0000000000000000       0x10 mm/mm.o
 .debug_macro   0x0000000000000000       0x58 mm/mm.o
 .debug_macro   0x0000000000000000       0x50 mm/mm.o
 .debug_macro   0x0000000000000000       0x82 mm/mm.o
 .debug_macro   0x0000000000000000       0x2e mm/mm.o
 .debug_macro   0x0000000000000000       0x40 mm/mm.o
 .debug_macro   0x0000000000000000       0x52 mm/mm.o
 .group         0x0000000000000000        0xc driver/driver.o
 .group         0x0000000000000000        0xc driver/driver.o
 .group         0x0000000000000000        0xc driver/driver.o
 .group         0x0000000000000000        0xc driver/driver.o
 .group         0x0000000000000000        0xc driver/driver.o
 .group         0x0000000000000000        0xc driver/driver.o
 .group         0x0000000000000000        0xc driver/driver.o
 .group         0x0000000000000000        0xc driver/driver.o
 .group         0x0000000000000000        0xc driver/driver.o
 .group         0x0000000000000000        0xc driver/driver.o
 .group         0x0000000000000000        0xc driver/driver.o
 .group         0x0000000000000000        0xc driver/driver.o
 .group         0x0000000000000000        0xc driver/driver.o
 .group         0x0000000000000000        0xc driver/driver.o
 .group         0x0000000000000000        0xc driver/driver.o
 .group         0x0000000000000000        0xc driver/driver.o
 .group         0x0000000000000000        0xc driver/driver.o
 .group         0x0000000000000000        0xc driver/driver.o
 .group         0x0000000000000000        0xc driver/driver.o
 .group         0x0000000000000000        0xc driver/driver.o
 .eh_frame      0x0000000000000000      0x894 driver/driver.o
 .note.GNU-stack
                0x0000000000000000        0x0 driver/driver.o
 .debug_macro   0x0000000000000000      0x844 driver/driver.o
 .debug_macro   0x0000000000000000       0x16 driver/driver.o
 .debug_macro   0x0000000000000000       0x82 driver/driver.o
 .debug_macro   0x0000000000000000       0x16 driver/driver.o
 .debug_macro   0x0000000000000000       0x22 driver/driver.o
 .debug_macro   0x0000000000000000       0x22 driver/driver.o
 .debug_macro   0x0000000000000000       0x40 driver/driver.o
 .debug_macro   0x0000000000000000       0x64 driver/driver.o
 .debug_macro   0x0000000000000000       0x50 driver/driver.o
 .debug_macro   0x0000000000000000       0x3a driver/driver.o
 .debug_macro   0x0000000000000000       0x52 driver/driver.o
 .debug_macro   0x0000000000000000       0x8e driver/driver.o
 .debug_macro   0x0000000000000000       0x10 driver/driver.o
 .debug_macro   0x0000000000000000       0x58 driver/driver.o
 .group         0x0000000000000000        0xc proc/proc.o
 .group         0x0000000000000000        0xc proc/proc.o
 .group         0x0000000000000000        0xc proc/proc.o
 .group         0x0000000000000000        0xc proc/proc.o
 .group         0x0000000000000000        0xc proc/proc.o
 .group         0x0000000000000000        0xc proc/proc.o
 .group         0x0000000000000000        0xc proc/proc.o
 .group         0x0000000000000000        0xc proc/proc.o
 .group         0x0000000000000000        0xc proc/proc.o
 .group         0x0000000000000000        0xc proc/proc.o
 .group         0x0000000000000000        0xc proc/proc.o
 .group         0x0000000000000000        0xc proc/proc.o
 .group         0x0000000000000000        0xc proc/proc.o
 .group         0x0000000000000000        0xc proc/proc.o
 .group         0x0000000000000000        0xc proc/proc.o
 .eh_frame      0x0000000000000000      0x128 proc/proc.o
 .note.GNU-stack
                0x0000000000000000        0x0 proc/proc.o
 .debug_macro   0x0000000000000000      0x844 proc/proc.o
 .debug_macro   0x0000000000000000       0x16 proc/proc.o
 .debug_macro   0x0000000000000000       0x82 proc/proc.o
 .debug_macro   0x0000000000000000       0x16 proc/proc.o
 .debug_macro   0x0000000000000000       0x22 proc/proc.o
 .debug_macro   0x0000000000000000       0x76 proc/proc.o
 .debug_macro   0x0000000000000000       0x8e proc/proc.o
 .debug_macro   0x0000000000000000       0x3a proc/proc.o
 .debug_macro   0x0000000000000000       0xe8 proc/proc.o
 .debug_macro   0x0000000000000000       0x50 proc/proc.o
 .debug_macro   0x0000000000000000       0x10 proc/proc.o
 .debug_macro   0x0000000000000000       0x88 proc/proc.o
 .debug_macro   0x0000000000000000       0x22 proc/proc.o
 .debug_macro   0x0000000000000000       0x40 proc/proc.o
 .debug_macro   0x0000000000000000       0x64 proc/proc.o
 .group         0x0000000000000000        0xc fs/fs.o
 .group         0x0000000000000000        0xc fs/fs.o
 .group         0x0000000000000000        0xc fs/fs.o
 .group         0x0000000000000000        0xc fs/fs.o
 .group         0x0000000000000000        0xc fs/fs.o
 .group         0x0000000000000000        0xc fs/fs.o
 .group         0x0000000000000000        0xc fs/fs.o
 .group         0x0000000000000000        0xc fs/fs.o
 .group         0x0000000000000000        0xc fs/fs.o
 .group         0x0000000000000000        0xc fs/fs.o
 .group         0x0000000000000000        0xc fs/fs.o
 .group         0x0000000000000000        0xc fs/fs.o
 .group         0x0000000000000000        0xc fs/fs.o
 .group         0x0000000000000000        0xc fs/fs.o
 .eh_frame      0x0000000000000000      0x258 fs/fs.o
 .note.GNU-stack
                0x0000000000000000        0x0 fs/fs.o
 .debug_macro   0x0000000000000000      0x844 fs/fs.o
 .debug_macro   0x0000000000000000       0x16 fs/fs.o
 .debug_macro   0x0000000000000000       0x82 fs/fs.o
 .debug_macro   0x0000000000000000       0x16 fs/fs.o
 .debug_macro   0x0000000000000000       0x22 fs/fs.o
 .debug_macro   0x0000000000000000       0x10 fs/fs.o
 .debug_macro   0x0000000000000000       0x58 fs/fs.o
 .debug_macro   0x0000000000000000      0x1d8 fs/fs.o
 .debug_macro   0x0000000000000000       0x10 fs/fs.o
 .debug_macro   0x0000000000000000       0x22 fs/fs.o
 .debug_macro   0x0000000000000000       0x40 fs/fs.o
 .debug_macro   0x0000000000000000       0x64 fs/fs.o
 .debug_macro   0x0000000000000000       0x10 fs/fs.o
 .debug_macro   0x0000000000000000       0x88 fs/fs.o
 .group         0x0000000000000000        0xc objs/impl.o
 .group         0x0000000000000000        0xc objs/impl.o
 .group         0x0000000000000000        0xc objs/impl.o
 .group         0x0000000000000000        0xc objs/impl.o
 .group         0x0000000000000000        0xc objs/impl.o
 .group         0x0000000000000000        0xc objs/impl.o
 .group         0x0000000000000000        0xc objs/impl.o
 .group         0x0000000000000000        0xc objs/impl.o
 .group         0x0000000000000000        0xc objs/impl.o
 .group         0x0000000000000000        0xc objs/impl.o
 .group         0x0000000000000000        0xc objs/impl.o
 .group         0x0000000000000000        0xc objs/impl.o
 .group         0x0000000000000000        0xc objs/impl.o
 .group         0x0000000000000000        0xc objs/impl.o
 .group         0x0000000000000000        0xc objs/impl.o
 .group         0x0000000000000000        0xc objs/impl.o
 .group         0x0000000000000000        0xc objs/impl.o
 .group         0x0000000000000000        0xc objs/impl.o
 .group         0x0000000000000000        0xc objs/impl.o
 .group         0x0000000000000000        0xc objs/impl.o
 .group         0x0000000000000000        0xc objs/impl.o
 .group         0x0000000000000000        0xc objs/impl.o
 .eh_frame      0x0000000000000000      0x8cc objs/impl.o
 .note.GNU-stack
                0x0000000000000000        0x0 objs/impl.o
 .debug_macro   0x0000000000000000      0x838 objs/impl.o
 .debug_macro   0x0000000000000000       0x16 objs/impl.o
 .debug_macro   0x0000000000000000       0x82 objs/impl.o
 .debug_macro   0x0000000000000000       0x16 objs/impl.o
 .debug_macro   0x0000000000000000       0x4a objs/impl.o
 .debug_macro   0x0000000000000000       0x52 objs/impl.o
 .debug_macro   0x0000000000000000       0x46 objs/impl.o
 .debug_macro   0x0000000000000000       0xa6 objs/impl.o
 .debug_macro   0x0000000000000000       0x22 objs/impl.o
 .debug_macro   0x0000000000000000       0x40 objs/impl.o
 .debug_macro   0x0000000000000000       0x64 objs/impl.o
 .debug_macro   0x0000000000000000       0x22 objs/impl.o
 .debug_macro   0x0000000000000000       0x50 objs/impl.o
 .debug_macro   0x0000000000000000       0x3a objs/impl.o
 .debug_macro   0x0000000000000000       0x2e objs/impl.o
 .debug_macro   0x0000000000000000       0x76 objs/impl.o
 .debug_macro   0x0000000000000000       0x8e objs/impl.o
 .debug_macro   0x0000000000000000       0x3a objs/impl.o
 .group         0x0000000000000000        0xc tests/tests.o
 .group         0x0000000000000000        0xc tests/tests.o
 .group         0x0000000000000000        0xc tests/tests.o
 .group         0x0000000000000000        0xc tests/tests.o
 .group         0x0000000000000000        0xc tests/tests.o
 .group         0x0000000000000000        0xc tests/tests.o
 .group         0x0000000000000000        0xc tests/tests.o
 .group         0x0000000000000000        0xc tests/tests.o
 .group         0x0000000000000000        0xc tests/tests.o
 .group         0x0000000000000000        0xc tests/tests.o
 .group         0x0000000000000000        0xc tests/tests.o
 .group         0x0000000000000000        0xc tests/tests.o
 .group         0x0000000000000000        0xc tests/tests.o
 .group         0x0000000000000000        0xc tests/tests.o
 .group         0x0000000000000000        0xc tests/tests.o
 .eh_frame      0x0000000000000000      0x1dc tests/tests.o
 .note.GNU-stack
                0x0000000000000000        0x0 tests/tests.o
 .debug_macro   0x0000000000000000      0x844 tests/tests.o
 .debug_macro   0x0000000000000000       0x16 tests/tests.o
 .debug_macro   0x0000000000000000       0x82 tests/tests.o
 .debug_macro   0x0000000000000000       0x16 tests/tests.o
 .debug_macro   0x0000000000000000       0x22 tests/tests.o
 .debug_macro   0x0000000000000000       0x76 tests/tests.o
 .debug_macro   0x0000000000000000       0x8e tests/tests.o
 .debug_macro   0x0000000000000000       0x3a tests/tests.o
 .debug_macro   0x0000000000000000       0xe8 tests/tests.o
 .debug_macro   0x0000000000000000       0x22 tests/tests.o
 .debug_macro   0x0000000000000000       0x52 tests/tests.o
 .debug_macro   0x0000000000000000       0x8e tests/tests.o
 .debug_macro   0x0000000000000000      0x1e3 tests/tests.o
 .group         0x0000000000000000        0xc libc/libk.a(string.o)
 .group         0x0000000000000000        0xc libc/libk.a(string.o)
 .group         0x0000000000000000        0xc libc/libk.a(string.o)
 .group         0x0000000000000000        0xc libc/libk.a(string.o)
 .group         0x0000000000000000        0xc libc/libk.a(string.o)
 .debug_macro   0x0000000000000000      0x844 libc/libk.a(string.o)
 .debug_macro   0x0000000000000000       0x16 libc/libk.a(string.o)
 .debug_macro   0x0000000000000000       0x88 libc/libk.a(string.o)
 .debug_macro   0x0000000000000000       0x16 libc/libk.a(string.o)
 .debug_macro   0x0000000000000000       0x22 libc/libk.a(string.o)
 .note.GNU-stack
                0x0000000000000000        0x0 libc/libk.a(string.o)
 .eh_frame      0x0000000000000000      0x198 libc/libk.a(string.o)
 .group         0x0000000000000000        0xc libc/libk.a(stdio.o)
 .group         0x0000000000000000        0xc libc/libk.a(stdio.o)
 .group         0x0000000000000000        0xc libc/libk.a(stdio.o)
 .group         0x0000000000000000        0xc libc/libk.a(stdio.o)
 .group         0x0000000000000000        0xc libc/libk.a(stdio.o)
 .group         0x0000000000000000        0xc libc/libk.a(stdio.o)
 .group         0x0000000000000000        0xc libc/libk.a(stdio.o)
 .group         0x0000000000000000        0xc libc/libk.a(stdio.o)
 .group         0x0000000000000000        0xc libc/libk.a(stdio.o)
 .debug_macro   0x0000000000000000      0x844 libc/libk.a(stdio.o)
 .debug_macro   0x0000000000000000       0x16 libc/libk.a(stdio.o)
 .debug_macro   0x0000000000000000       0x82 libc/libk.a(stdio.o)
 .debug_macro   0x0000000000000000       0x22 libc/libk.a(stdio.o)
 .debug_macro   0x0000000000000000       0x16 libc/libk.a(stdio.o)
 .debug_macro   0x0000000000000000      0x1e3 libc/libk.a(stdio.o)
 .debug_macro   0x0000000000000000       0x22 libc/libk.a(stdio.o)
 .debug_macro   0x0000000000000000       0x3a libc/libk.a(stdio.o)
 .debug_macro   0x0000000000000000       0x2e libc/libk.a(stdio.o)
 .note.GNU-stack
                0x0000000000000000        0x0 libc/libk.a(stdio.o)
 .eh_frame      0x0000000000000000       0x58 libc/libk.a(stdio.o)
 .group         0x0000000000000000        0xc libc/libk.a(vsprintf.o)
 .group         0x0000000000000000        0xc libc/libk.a(vsprintf.o)
 .group         0x0000000000000000        0xc libc/libk.a(vsprintf.o)
 .group         0x0000000000000000        0xc libc/libk.a(vsprintf.o)
 .group         0x0000000000000000        0xc libc/libk.a(vsprintf.o)
 .debug_macro   0x0000000000000000      0x844 libc/libk.a(vsprintf.o)
 .debug_macro   0x0000000000000000       0x16 libc/libk.a(vsprintf.o)
 .debug_macro   0x0000000000000000       0x10 libc/libk.a(vsprintf.o)
 .debug_macro   0x0000000000000000       0x22 libc/libk.a(vsprintf.o)
 .debug_macro   0x0000000000000000       0x88 libc/libk.a(vsprintf.o)
 .note.GNU-stack
                0x0000000000000000        0x0 libc/libk.a(vsprintf.o)
 .eh_frame      0x0000000000000000       0xfc libc/libk.a(vsprintf.o)

Memory Configuration

Name             Origin             Length             Attributes
*default*        0x0000000000000000 0xffffffffffffffff

Linker script and memory map

                0x00000000c0100000                . = 0xc0100000
                0x00000000c0100000                kernel_start = .
                0x00000000c0100100                . = (. + 0x100)
                0x00000000c0100100                kcode_start = .

.text           0x00000000c0100100     0x8070
 *(.text)
 .text          0x00000000c0100100      0xf63 init/init.o
                0x00000000c0100100                create_gdt_entry
                0x00000000c010017d                gdt_init_flat_protected
                0x00000000c01002c5                get_gdt_ptr
                0x00000000c01002cf                kmain
                0x00000000c0100743                run_cmd
                0x00000000c0100fd5                shell
                0x00000000c010103e                load_gdt
                0x00000000c010105b                load_idt
 .text          0x00000000c0101063     0x153c mm/mm.o
                0x00000000c0101296                get_kernel_heap
                0x00000000c01012a0                kheap_init
                0x00000000c0101422                kheap_stats
                0x00000000c0101594                kmalloc
                0x00000000c01016e9                kfree
                0x00000000c0101819                krealloc
                0x00000000c01018e1                realloc
                0x00000000c01018ff                malloc
                0x00000000c0101914                free
                0x00000000c0101a24                kmm_setup_memory_region
                0x00000000c0101ab6                kmm_init
                0x00000000c0101c6f                kmm_frame_alloc
                0x00000000c0101d01                kmm_frame_free
                0x00000000c0101d56                kmm_get_total_frames
                0x00000000c0101d60                kmm_get_used_frames
                0x00000000c0101e42                vmm_switch_pagedir
                0x00000000c0101e79                vmm_init
                0x00000000c0101f3b                vmm_create_address_space
                0x00000000c0101f7b                vmm_create_pt
                0x00000000c0101fe5                vmm_map_page
                0x00000000c010205b                vmm_get_phys_frame
                0x00000000c01020da                vmm_clone_pagetable
                0x00000000c01021c2                vmm_clone_pagedir
                0x00000000c01022e8                vmm_page_alloc
                0x00000000c0102340                vmm_alloc_region
                0x00000000c010240b                vmm_free_region
                0x00000000c0102536                vmm_page_free
                0x00000000c010257b                vmm_get_kerneldir
                0x00000000c0102585                vmm_get_current_pagedir
 .text          0x00000000c010259f     0x1637 driver/driver.o
                0x00000000c010259f                blkdev_register
                0x00000000c0102825                blkdev_get_by_name
                0x00000000c0102915                blkread
                0x00000000c0102a09                dma_set_address
                0x00000000c0102ae8                dma_set_count
                0x00000000c0102bc7                dma_set_external_pagereg
                0x00000000c0102c7e                dma_set_mode
                0x00000000c0102d3b                dma_setup_read
                0x00000000c0102d5c                dma_setup_write
                0x00000000c0102d7d                dma_mask_channel
                0x00000000c0102e16                dma_unmask_channel
                0x00000000c0102ea9                dma_unmask_all
                0x00000000c0102ebb                dma_reset_flipflop
                0x00000000c0102eea                dma_reset
                0x00000000c0102f19                dma_disable
                0x00000000c01034a8                fdc_init
                0x00000000c010350a                fdc_reset
                0x00000000c0103578                fdc_read_sector
                0x00000000c0103635                fdc_lba_to_chs
                0x00000000c01036e4                fdc_set_drive
                0x00000000c0103704                fdc_get_drive
                0x00000000c010372f                pic_init
                0x00000000c01037d1                pic_send_eoi
                0x00000000c010383d                serial_init
                0x00000000c0103922                serial_putc
                0x00000000c010395e                serial_puts
                0x00000000c010399d                serial_getc
                0x00000000c0103b1c                init_system_timer
                0x00000000c0103b80                _timer_interrupt_handler
                0x00000000c0103b93                get_system_tick_count
                0x00000000c0103b9d                sleep
 .text          0x00000000c0103bd6      0x2b8 proc/proc.o
                0x00000000c0103bd6                elf_check_hdr
                0x00000000c0103c4a                elf_load_seg
                0x00000000c0103d44                elf_load
                0x00000000c0103e53                process_fork
                0x00000000c0103e59                tss_flush
                0x00000000c0103e73                tss_update_esp0
                0x00000000c0103e84                tss_get_global
 .text          0x00000000c0103e8e      0xe33 fs/fs.o
                0x00000000c01042de                fat12_mount
                0x00000000c0104602                fat12_unmount
                0x00000000c01046c2                fat12_open
                0x00000000c010471f                fat12_read
                0x00000000c0104979                fat12_close
                0x00000000c0104983                fat12_write
                0x00000000c010498d                fat12_readdir
                0x00000000c0104a2f                vfs_init
                0x00000000c0104a73                vfs_mount
                0x00000000c0104b65                vfs_open
                0x00000000c0104c57                vfs_read
 .text          0x00000000c0104cc1     0x1995 objs/impl.o
                0x00000000c0104d0f                idt_init
                0x00000000c0105236                get_idt_ptr
                0x00000000c0105267                setup_x86_interrutps
                0x00000000c010529c                register_interrupt_handler
                0x00000000c01052b9                unregister_interrupt_handler
                0x00000000c01052d7                get_interrupt_handler
                0x00000000c01052f0                interrupt_dispatch
                0x00000000c010533f                isr0
                0x00000000c0105348                isr1
                0x00000000c0105351                isr2
                0x00000000c010535a                isr3
                0x00000000c0105363                isr4
                0x00000000c010536c                isr5
                0x00000000c0105375                isr6
                0x00000000c010537e                isr7
                0x00000000c0105387                isr8
                0x00000000c010538e                isr9
                0x00000000c0105397                isr10
                0x00000000c010539e                isr11
                0x00000000c01053a5                isr12
                0x00000000c01053ac                isr13
                0x00000000c01053b3                isr14
                0x00000000c01053ba                isr15
                0x00000000c01053c3                isr16
                0x00000000c01053cc                isr17
                0x00000000c01053d3                isr18
                0x00000000c01053dc                isr19
                0x00000000c01053e5                isr20
                0x00000000c01053ee                isr21
                0x00000000c01053f5                isr22
                0x00000000c01053fe                isr23
                0x00000000c0105407                isr24
                0x00000000c0105410                isr25
                0x00000000c0105419                isr26
                0x00000000c0105422                isr27
                0x00000000c010542b                isr28
                0x00000000c0105431                isr29
                0x00000000c0105437                isr30
                0x00000000c010543d                isr31
                0x00000000c0105443                isr32
                0x00000000c0105449                isr33
                0x00000000c010544f                isr34
                0x00000000c0105455                isr35
                0x00000000c010545b                isr36
                0x00000000c0105461                isr37
                0x00000000c0105467                isr38
                0x00000000c010546d                isr39
                0x00000000c0105473                isr40
                0x00000000c0105479                isr41
                0x00000000c010547f                isr42
                0x00000000c0105485                isr43
                0x00000000c010548b                isr44
                0x00000000c0105491                isr45
                0x00000000c0105497                isr46
                0x00000000c010549d                isr47
                0x00000000c01054a3                isr128
                0x00000000c01059fb                kbd_init
                0x00000000c0105a9b                kbd_get_lastscancode
                0x00000000c0105aa7                kbd_get_lastkey
                0x00000000c0105acf                kbd_getlastkey_buf
                0x00000000c0105ae2                kbd_clear_lastkey
                0x00000000c0105aef                kbd_keycode_to_ascii
                0x00000000c0105c22                kbd_get_numlock
                0x00000000c0105c2e                kbd_get_capslock
                0x00000000c0105c3a                kbd_get_scrolllock
                0x00000000c0105c46                kbd_get_shift
                0x00000000c0105c52                kbd_get_ctrl
                0x00000000c0105c5e                kbd_get_alt
                0x00000000c0105c6a                kbd_ignore_resend
                0x00000000c0105c77                kbd_should_resend
                0x00000000c0105c83                kbd_set_leds
                0x00000000c0105d07                kbd_self_test
                0x00000000c0105d33                kbd_bat_result
                0x00000000c0105d3f                kbd_diag_result
                0x00000000c0105d4b                kbd_is_enabled
                0x00000000c0105d57                kbd_setstate
                0x00000000c0105e14                syscall_init
                0x00000000c0105ed9                tty_init
                0x00000000c0105eec                terminal_getc
                0x00000000c0105f14                terminal_read
                0x00000000c0105f79                terminal_stdin_init
                0x00000000c0105f87                terminal_move_cursor
                0x00000000c0105fe9                terminal_clear_scr
                0x00000000c010608f                terminal_clear_log
                0x00000000c0106135                terminal_setcolor
                0x00000000c010614d                terminal_get_colour
                0x00000000c0106159                terminal_settext_color
                0x00000000c0106191                terminal_setbg_color
                0x00000000c01061c9                terminal_reset_color
                0x00000000c01061f0                terminal_stdout_init
                0x00000000c0106233                terminal_putc
                0x00000000c01064a7                terminal_write
                0x00000000c01064ee                terminal_writestring
                0x00000000c0106533                vga_entry_color
                0x00000000c0106545                vga_entry
                0x00000000c0106566                vga_move_cursor_to
                0x00000000c01065ef                vga_putentry_at
                0x00000000c010664c                vga_get_screen_buffer
 .text          0x00000000c0106656      0xafe tests/tests.o
                0x00000000c0106656                test_elf_check_valid_header
                0x00000000c01066df                test_elf_load_program
                0x00000000c01067ef                test_elf_load_nonexistent
                0x00000000c0106860                test_tick_count_incrementing
                0x00000000c01069c0                test_sleep_duration
                0x00000000c0106a98                test_multiple_sleeps
                0x00000000c0106cae                test_tss_global_access
                0x00000000c0106d7c                test_tss_esp0_update
                0x00000000c0106f8f                utoa
                0x00000000c0107041                start_tests
                0x00000000c01070c5                read_command
                0x00000000c0107130                send_msg
 .text          0x00000000c0107154      0x5e7 libc/libk.a(string.o)
                0x00000000c0107154                strlen
                0x00000000c010717b                memset
                0x00000000c01071ae                strcmp
                0x00000000c01071ed                memcpy
                0x00000000c010722e                memcmp
                0x00000000c0107296                strcpy
                0x00000000c01072d0                strncpy
                0x00000000c010732d                strchr
                0x00000000c0107359                strtok
                0x00000000c010740b                strtol
                0x00000000c01075d3                strtok_r
                0x00000000c01076f1                strcat
 .text          0x00000000c010773b       0x79 libc/libk.a(stdio.o)
                0x00000000c010773b                printk
                0x00000000c010777f                getlinek
 .text          0x00000000c01077b4      0x9bc libc/libk.a(vsprintf.o)
                0x00000000c0107cc4                vsnprintf
                0x00000000c0108170                kcode_end = .
                0x00000000c0108170                krodata_start = .

.iplt           0x00000000c0108170        0x0
 .iplt          0x00000000c0108170        0x0 init/init.o

.rodata         0x00000000c0108180     0x15ac
 *(.rodata)
 .rodata        0x00000000c0108180      0x6ef init/init.o
 *fill*         0x00000000c010886f        0x1 
 .rodata        0x00000000c0108870       0xbc mm/mm.o
 .rodata        0x00000000c010892c      0x3d2 driver/driver.o
 .rodata        0x00000000c0108cfe        0xa fs/fs.o
 *fill*         0x00000000c0108d08       0x18 
 .rodata        0x00000000c0108d20      0x393 objs/impl.o
 *fill*         0x00000000c01090b3        0x1 
 .rodata        0x00000000c01090b4      0x5a4 tests/tests.o
 .rodata        0x00000000c0109658       0xd4 libc/libk.a(vsprintf.o)
 *(.rodata.*)
                0x00000000c010972c                krodata_end = .
                0x00000000c010972c                kdata_start = .

.rel.dyn        0x00000000c010972c        0x0
 .rel.got       0x00000000c010972c        0x0 init/init.o
 .rel.iplt      0x00000000c010972c        0x0 init/init.o
 .rel.text      0x00000000c010972c        0x0 init/init.o

.data           0x00000000c0109740       0xa8
 *(.data)
 .data          0x00000000c0109740        0x0 init/init.o
 .data          0x00000000c0109740        0x0 mm/mm.o
 .data          0x00000000c0109740        0x4 driver/driver.o
 .data          0x00000000c0109744        0x4 proc/proc.o
                0x00000000c0109744                global_tss
 .data          0x00000000c0109748       0x28 fs/fs.o
                0x00000000c0109748                fat12_fs_type
                0x00000000c0109768                fs_types
 .data          0x00000000c0109770       0x18 objs/impl.o
 *fill*         0x00000000c0109788       0x18 
 .data          0x00000000c01097a0       0x48 tests/tests.o
 .data          0x00000000c01097e8        0x0 libc/libk.a(string.o)
 .data          0x00000000c01097e8        0x0 libc/libk.a(stdio.o)
 .data          0x00000000c01097e8        0x0 libc/libk.a(vsprintf.o)
                0x00000000c01097e8                kdata_end = .
                0x00000000c01097e8                kbss_start = .

.got            0x00000000c01097e8        0x0
 .got           0x00000000c01097e8        0x0 init/init.o

.got.plt        0x00000000c01097e8        0x0
 .got.plt       0x00000000c01097e8        0x0 init/init.o

.igot.plt       0x00000000c01097e8        0x0
 .igot.plt      0x00000000c01097e8        0x0 init/init.o

.bss            0x00000000c0109800      0xfa4
 *(.bss)
 .bss           0x00000000c0109800       0x36 init/init.o
 *fill*         0x00000000c0109836        0xa 
 .bss           0x00000000c0109840       0xd4 mm/mm.o
                0x00000000c0109840                kernel_heap
 .bss           0x00000000c0109914       0x20 driver/driver.o
                0x00000000c010992c                ticks
                0x00000000c0109930                freq
 *fill*         0x00000000c0109934        0xc 
 .bss           0x00000000c0109940       0x68 proc/proc.o
 .bss           0x00000000c01099a8        0xc fs/fs.o
 *fill*         0x00000000c01099b4        0xc 
 .bss           0x00000000c01099c0      0xd58 objs/impl.o
                0x00000000c01099c0                idt
                0x00000000c010a1c0                idt_ptr
 *fill*         0x00000000c010a718        0x8 
 .bss           0x00000000c010a720       0x80 tests/tests.o
 .bss           0x00000000c010a7a0        0x4 libc/libk.a(string.o)
 .bss           0x00000000c010a7a4        0x0 libc/libk.a(stdio.o)
 .bss           0x00000000c010a7a4        0x0 libc/libk.a(vsprintf.o)
                0x00000000c010a7a4                kbss_end = .

/DISCARD/
 *(.eh_frame .note.GNU-stack)
                0x00000000c010a7a4                kernel_end = .
LOAD init/init.o
LOAD mm/mm.o
LOAD driver/driver.o
LOAD proc/proc.o
LOAD fs/fs.o
LOAD objs/impl.o
LOAD tests/tests.o
LOAD libc/libk.a
OUTPUT(kernel.elf elf32-i386)

.comment        0x0000000000000000       0x2d
 .comment       0x0000000000000000       0x2d init/init.o
                                         0x8a (size before relaxing)
 .comment       0x000000000000002d       0x8a mm/mm.o
 .comment       0x000000000000002d      0x114 driver/driver.o
 .comment       0x000000000000002d       0x8a proc/proc.o
 .comment       0x000000000000002d       0x5c fs/fs.o
 .comment       0x000000000000002d      0x114 objs/impl.o
 .comment       0x000000000000002d       0xe6 tests/tests.o
 .comment       0x000000000000002d       0x2e libc/libk.a(string.o)
 .comment       0x000000000000002d       0x2e libc/libk.a(stdio.o)
 .comment       0x000000000000002d       0x2e libc/libk.a(vsprintf.o)

.debug_aranges  0x0000000000000000      0x418
 .debug_aranges
                0x0000000000000000       0x80 init/init.o
 .debug_aranges
                0x0000000000000080       0x60 mm/mm.o
 .debug_aranges
                0x00000000000000e0       0xc0 driver/driver.o
 .debug_aranges
                0x00000000000001a0       0x60 proc/proc.o
 .debug_aranges
                0x0000000000000200       0x40 fs/fs.o
 .debug_aranges
                0x0000000000000240       0xe0 objs/impl.o
 .debug_aranges
                0x0000000000000320       0x98 tests/tests.o
 .debug_aranges
                0x00000000000003b8       0x20 libc/libk.a(string.o)
 .debug_aranges
                0x00000000000003d8       0x20 libc/libk.a(stdio.o)
 .debug_aranges
                0x00000000000003f8       0x20 libc/libk.a(vsprintf.o)

.debug_info     0x0000000000000000     0x9f89
 .debug_info    0x0000000000000000      0xe0f init/init.o
 .debug_info    0x0000000000000e0f     0x1974 mm/mm.o
 .debug_info    0x0000000000002783     0x1a15 driver/driver.o
 .debug_info    0x0000000000004198      0xa3d proc/proc.o
 .debug_info    0x0000000000004bd5     0x1614 fs/fs.o
 .debug_info    0x00000000000061e9     0x2227 objs/impl.o
 .debug_info    0x0000000000008410      0xffa tests/tests.o
 .debug_info    0x000000000000940a      0x53b libc/libk.a(string.o)
 .debug_info    0x0000000000009945      0x195 libc/libk.a(stdio.o)
 .debug_info    0x0000000000009ada      0x4af libc/libk.a(vsprintf.o)

.debug_abbrev   0x0000000000000000     0x31b7
 .debug_abbrev  0x0000000000000000      0x4b3 init/init.o
 .debug_abbrev  0x00000000000004b3      0x772 mm/mm.o
 .debug_abbrev  0x0000000000000c25      0x9eb driver/driver.o
 .debug_abbrev  0x0000000000001610      0x32d proc/proc.o
 .debug_abbrev  0x000000000000193d      0x489 fs/fs.o
 .debug_abbrev  0x0000000000001dc6      0xacd objs/impl.o
 .debug_abbrev  0x0000000000002893      0x585 tests/tests.o
 .debug_abbrev  0x0000000000002e18      0x15e libc/libk.a(string.o)
 .debug_abbrev  0x0000000000002f76      0x101 libc/libk.a(stdio.o)
 .debug_abbrev  0x0000000000003077      0x140 libc/libk.a(vsprintf.o)

.debug_line     0x0000000000000000     0x681a
 .debug_line    0x0000000000000000      0xaca init/init.o
 .debug_line    0x0000000000000aca     0x10d0 mm/mm.o
 .debug_line    0x0000000000001b9a     0x11a4 driver/driver.o
 .debug_line    0x0000000000002d3e      0x625 proc/proc.o
 .debug_line    0x0000000000003363      0xafe fs/fs.o
 .debug_line    0x0000000000003e61     0x13de objs/impl.o
 .debug_line    0x000000000000523f      0x952 tests/tests.o
 .debug_line    0x0000000000005b91      0x4bd libc/libk.a(string.o)
 .debug_line    0x000000000000604e      0x1a2 libc/libk.a(stdio.o)
 .debug_line    0x00000000000061f0      0x62a libc/libk.a(vsprintf.o)

.debug_str      0x0000000000000000     0x99d0
 .debug_str     0x0000000000000000     0x65ab init/init.o
                                       0xd206 (size before relaxing)
 .debug_str     0x00000000000065ab      0x7af mm/mm.o
                                       0xc427 (size before relaxing)
 .debug_str     0x0000000000006d5a      0xf17 driver/driver.o
                                      0x16c03 (size before relaxing)
 .debug_str     0x0000000000007c71      0x29b proc/proc.o
                                       0x9ab1 (size before relaxing)
 .debug_str     0x0000000000007f0c      0x5e6 fs/fs.o
                                       0x7a67 (size before relaxing)
 .debug_str     0x00000000000084f2      0xeff objs/impl.o
                                      0x16bb0 (size before relaxing)
 .debug_str     0x00000000000093f1      0x3d0 tests/tests.o
                                       0xfc20 (size before relaxing)
 .debug_str     0x00000000000097c1       0x80 libc/libk.a(string.o)
                                       0x2d04 (size before relaxing)
 .debug_str     0x0000000000009841       0x2b libc/libk.a(stdio.o)
                                       0x3755 (size before relaxing)
 .debug_str     0x000000000000986c      0x164 libc/libk.a(vsprintf.o)
                                       0x2e5b (size before relaxing)

.debug_macro    0x0000000000000000     0x3c27
 .debug_macro   0x0000000000000000      0x2bb init/init.o
 .debug_macro   0x00000000000002bb      0x844 init/init.o
 .debug_macro   0x0000000000000aff       0x16 init/init.o
 .debug_macro   0x0000000000000b15       0x82 init/init.o
 .debug_macro   0x0000000000000b97       0x82 init/init.o
 .debug_macro   0x0000000000000c19       0x16 init/init.o
 .debug_macro   0x0000000000000c2f       0x10 init/init.o
 .debug_macro   0x0000000000000c3f       0x88 init/init.o
 .debug_macro   0x0000000000000cc7       0x22 init/init.o
 .debug_macro   0x0000000000000ce9       0x58 init/init.o
 .debug_macro   0x0000000000000d41       0x40 init/init.o
 .debug_macro   0x0000000000000d81       0x22 init/init.o
 .debug_macro   0x0000000000000da3      0x160 init/init.o
 .debug_macro   0x0000000000000f03       0x52 init/init.o
 .debug_macro   0x0000000000000f55       0x8e init/init.o
 .debug_macro   0x0000000000000fe3      0x1d8 init/init.o
 .debug_macro   0x00000000000011bb      0x1e9 init/init.o
 .debug_macro   0x00000000000013a4       0x88 init/init.o
 .debug_macro   0x000000000000142c       0x46 init/init.o
 .debug_macro   0x0000000000001472       0x10 init/init.o
 .debug_macro   0x0000000000001482       0x76 init/init.o
 .debug_macro   0x00000000000014f8       0x8e init/init.o
 .debug_macro   0x0000000000001586       0x3a init/init.o
 .debug_macro   0x00000000000015c0       0x2e init/init.o
 .debug_macro   0x00000000000015ee       0x10 init/init.o
 .debug_macro   0x00000000000015fe       0x2e init/init.o
 .debug_macro   0x000000000000162c       0x10 init/init.o
 .debug_macro   0x000000000000163c       0x58 init/init.o
 .debug_macro   0x0000000000001694       0x50 init/init.o
 .debug_macro   0x00000000000016e4       0x76 init/init.o
 .debug_macro   0x000000000000175a       0xe8 init/init.o
 .debug_macro   0x0000000000001842      0x27c mm/mm.o
 .debug_macro   0x0000000000001abe      0x838 mm/mm.o
 .debug_macro   0x00000000000022f6       0x3a mm/mm.o
 .debug_macro   0x0000000000002330       0x64 mm/mm.o
 .debug_macro   0x0000000000002394       0x16 mm/mm.o
 .debug_macro   0x00000000000023aa       0x70 mm/mm.o
 .debug_macro   0x000000000000241a      0x39c driver/driver.o
 .debug_macro   0x00000000000027b6      0x1bd driver/driver.o
 .debug_macro   0x0000000000002973      0x1d2 driver/driver.o
 .debug_macro   0x0000000000002b45      0x1c3 driver/driver.o
 .debug_macro   0x0000000000002d08       0x4a driver/driver.o
 .debug_macro   0x0000000000002d52       0xa6 driver/driver.o
 .debug_macro   0x0000000000002df8      0x1e3 driver/driver.o
 .debug_macro   0x0000000000002fdb      0x14d proc/proc.o
 .debug_macro   0x0000000000003128      0x189 fs/fs.o
 .debug_macro   0x00000000000032b1      0x39c objs/impl.o
 .debug_macro   0x000000000000364d       0x40 objs/impl.o
 .debug_macro   0x000000000000368d      0x166 objs/impl.o
 .debug_macro   0x00000000000037f3       0x10 objs/impl.o
 .debug_macro   0x0000000000003803       0x40 objs/impl.o
 .debug_macro   0x0000000000003843      0x1f2 tests/tests.o
 .debug_macro   0x0000000000003a35       0x2e tests/tests.o
 .debug_macro   0x0000000000003a63       0x34 tests/tests.o
 .debug_macro   0x0000000000003a97       0x3f libc/libk.a(string.o)
 .debug_macro   0x0000000000003ad6       0x8f libc/libk.a(stdio.o)
 .debug_macro   0x0000000000003b65       0xc2 libc/libk.a(vsprintf.o)

.debug_ranges   0x0000000000000000       0x78
 .debug_ranges  0x0000000000000000       0x18 mm/mm.o
 .debug_ranges  0x0000000000000018       0x18 fs/fs.o
 .debug_ranges  0x0000000000000030       0x48 libc/libk.a(string.o)
