
Discarded input sections

 .group         0x0000000000000000        0xc proc/test_proc.o
 .group         0x0000000000000000        0xc proc/test_proc.o
 .group         0x0000000000000000        0xc proc/test_proc.o
 .group         0x0000000000000000        0xc proc/test_proc.o
 .group         0x0000000000000000        0xc proc/test_proc.o
 .group         0x0000000000000000        0xc proc/test_proc.o
 .group         0x0000000000000000        0xc proc/test_proc.o
 .group         0x0000000000000000        0xc proc/test_proc.o
 .group         0x0000000000000000        0xc proc/test_proc.o
 .debug_macro   0x0000000000000000      0x844 proc/test_proc.o
 .debug_macro   0x0000000000000000       0x16 proc/test_proc.o
 .debug_macro   0x0000000000000000       0x82 proc/test_proc.o
 .debug_macro   0x0000000000000000       0x16 proc/test_proc.o
 .debug_macro   0x0000000000000000       0x22 proc/test_proc.o
 .debug_macro   0x0000000000000000       0x76 proc/test_proc.o
 .debug_macro   0x0000000000000000       0x8e proc/test_proc.o
 .debug_macro   0x0000000000000000       0x3a proc/test_proc.o
 .debug_macro   0x0000000000000000       0x22 proc/test_proc.o
 .group         0x0000000000000000        0xc proc/test_timer.o
 .group         0x0000000000000000        0xc proc/test_timer.o
 .group         0x0000000000000000        0xc proc/test_timer.o
 .group         0x0000000000000000        0xc proc/test_timer.o
 .group         0x0000000000000000        0xc proc/test_timer.o
 .group         0x0000000000000000        0xc proc/test_timer.o
 .group         0x0000000000000000        0xc proc/test_timer.o
 .debug_macro   0x0000000000000000      0x844 proc/test_timer.o
 .debug_macro   0x0000000000000000       0x16 proc/test_timer.o
 .debug_macro   0x0000000000000000       0x82 proc/test_timer.o
 .debug_macro   0x0000000000000000       0x52 proc/test_timer.o
 .debug_macro   0x0000000000000000       0x16 proc/test_timer.o
 .debug_macro   0x0000000000000000       0x22 proc/test_timer.o
 .debug_macro   0x0000000000000000       0x2e proc/test_timer.o
 .group         0x0000000000000000        0xc proc/test_tss.o
 .group         0x0000000000000000        0xc proc/test_tss.o
 .group         0x0000000000000000        0xc proc/test_tss.o
 .group         0x0000000000000000        0xc proc/test_tss.o
 .group         0x0000000000000000        0xc proc/test_tss.o
 .group         0x0000000000000000        0xc proc/test_tss.o
 .debug_macro   0x0000000000000000      0x844 proc/test_tss.o
 .debug_macro   0x0000000000000000       0x16 proc/test_tss.o
 .debug_macro   0x0000000000000000       0x82 proc/test_tss.o
 .debug_macro   0x0000000000000000       0x16 proc/test_tss.o
 .debug_macro   0x0000000000000000       0x22 proc/test_tss.o
 .debug_macro   0x0000000000000000       0x2e proc/test_tss.o
 .group         0x0000000000000000        0xc testmain.o
 .group         0x0000000000000000        0xc testmain.o
 .group         0x0000000000000000        0xc testmain.o
 .group         0x0000000000000000        0xc testmain.o
 .group         0x0000000000000000        0xc testmain.o
 .group         0x0000000000000000        0xc testmain.o
 .group         0x0000000000000000        0xc testmain.o
 .debug_macro   0x0000000000000000      0x844 testmain.o
 .debug_macro   0x0000000000000000       0x16 testmain.o
 .debug_macro   0x0000000000000000       0x82 testmain.o
 .debug_macro   0x0000000000000000       0x22 testmain.o
 .debug_macro   0x0000000000000000       0x16 testmain.o
 .debug_macro   0x0000000000000000       0x22 testmain.o
 .debug_macro   0x0000000000000000       0x34 testmain.o

Memory Configuration

Name             Origin             Length             Attributes
*default*        0x0000000000000000 0xffffffffffffffff

Linker script and memory map

LOAD proc/test_elf.o
LOAD proc/test_proc.o
LOAD proc/test_timer.o
LOAD proc/test_tss.o
LOAD testmain.o

.interp
 *(.interp)

.note.gnu.build-id
 *(.note.gnu.build-id)

.hash
 *(.hash)

.gnu.hash
 *(.gnu.hash)

.dynsym
 *(.dynsym)

.dynstr
 *(.dynstr)

.gnu.version
 *(.gnu.version)

.gnu.version_d
 *(.gnu.version_d)

.gnu.version_r
 *(.gnu.version_r)

.rel.init
 *(.rel.init)

.rel.text
 *(.rel.text)

.rel.fini
 *(.rel.fini)

.rel.rodata
 *(.rel.rodata)

.rel.data.rel.ro
 *(.rel.data.rel.ro)

.rel.data
 *(.rel.data)

.rel.tdata
 *(.rel.tdata)

.rel.tbss
 *(.rel.tbss)

.rel.ctors
 *(.rel.ctors)

.rel.dtors
 *(.rel.dtors)

.rel.got
 *(.rel.got)

.rel.bss
 *(.rel.bss)

.rel.ifunc
 *(.rel.ifunc)

.rel.plt
 *(.rel.plt)

.relr.dyn
 *(.relr.dyn)

.init
 *(SORT_NONE(.init))

.plt
 *(.plt)

.plt.got
 *(.plt.got)

.plt.sec
 *(.plt.sec)

.text           0x0000000000000000     0x197b
 *(.text .stub)
 .text          0x0000000000000000      0x20a proc/test_elf.o
                0x0000000000000000                test_elf_check_valid_header
                0x0000000000000089                test_elf_load_program
                0x0000000000000199                test_elf_load_nonexistent
 .text          0x000000000000020a      0xe7d proc/test_proc.o
                0x0000000000000218                test_process_create_nonnull
                0x00000000000002a1                test_process_create_different_priorities
                0x00000000000003ca                test_process_name_handling
                0x00000000000004ad                test_get_main_thread_nonnull
                0x0000000000000534                test_thread_creation
                0x00000000000005cb                test_multiple_thread_creation
                0x0000000000000738                test_scheduler_get_current_thread
                0x0000000000000770                test_scheduler_get_current_proc
                0x00000000000007b7                test_scheduler_post_thread
                0x0000000000000880                test_multiple_process_creation
                0x00000000000009be                test_thread_destroy_safe
                0x0000000000000a76                test_scheduler_init_idempotent
                0x0000000000000ad3                test_process_exit_safe
                0x0000000000000b7b                test_concurrent_scheduler_ops
                0x0000000000000cdd                test_many_threads_creation
                0x0000000000000f7e                thread_test
 .text          0x0000000000001087      0x44e proc/test_timer.o
                0x0000000000001087                test_tick_count_incrementing
                0x00000000000011e7                test_sleep_duration
                0x00000000000012bf                test_multiple_sleeps
 .text          0x00000000000014d5      0x2e1 proc/test_tss.o
                0x00000000000014d5                test_tss_global_access
                0x00000000000015a3                test_tss_esp0_update
 .text          0x00000000000017b6      0x1c5 testmain.o
                0x00000000000017b6                utoa
                0x0000000000001868                start_tests
                0x00000000000018ec                read_command
                0x0000000000001957                send_msg
 *(.gnu.warning)

.fini
 *(SORT_NONE(.fini))

.rodata         0x0000000000000000      0xea0
 *(.rodata)
 .rodata        0x0000000000000000      0x19e proc/test_elf.o
 *fill*         0x000000000000019e        0x2 
 .rodata        0x00000000000001a0      0x72d proc/test_proc.o
 *fill*         0x00000000000008cd        0x3 
 .rodata        0x00000000000008d0      0x202 proc/test_timer.o
 *fill*         0x0000000000000ad2        0x2 
 .rodata        0x0000000000000ad4      0x132 proc/test_tss.o
 *fill*         0x0000000000000c06        0x2 
 .rodata        0x0000000000000c08      0x298 testmain.o

.rodata1
 *(.rodata1)

.eh_frame_hdr
 *(.eh_frame_hdr)

.eh_frame       0x0000000000000000      0x514
 *(.eh_frame)
 .eh_frame      0x0000000000000000       0x78 proc/test_elf.o
 .eh_frame      0x0000000000000078      0x338 proc/test_proc.o
 .eh_frame      0x00000000000003b0       0x78 proc/test_timer.o
 .eh_frame      0x0000000000000428       0x58 proc/test_tss.o
 .eh_frame      0x0000000000000480       0x94 testmain.o

.gcc_except_table
 *(.gcc_except_table)

.gnu_extab
 *(.gnu_extab*)

.exception_ranges
 *(.exception_ranges)

.eh_frame
 *(.eh_frame)

.gnu_extab
 *(.gnu_extab)

.gcc_except_table
 *(.gcc_except_table)

.exception_ranges
 *(.exception_ranges)

.tdata
 *(.tdata)

.tbss
 *(.tbss)

.jcr
 *(.jcr)

.dynamic
 *(.dynamic)

.got
 *(.got)

.got.plt
 *(.got.plt)

.data           0x0000000000000000       0xc8
 *(.data)
 .data          0x0000000000000000        0x0 proc/test_elf.o
 .data          0x0000000000000000        0x0 proc/test_proc.o
 .data          0x0000000000000000        0x0 proc/test_timer.o
 .data          0x0000000000000000        0x0 proc/test_tss.o
 .data          0x0000000000000000       0xc8 testmain.o

.data1
 *(.data1)

.bss            0x0000000000000000       0xa0
 *(.bss)
 .bss           0x0000000000000000        0x0 proc/test_elf.o
 .bss           0x0000000000000000       0x10 proc/test_proc.o
 .bss           0x0000000000000010        0x0 proc/test_timer.o
 .bss           0x0000000000000010        0x0 proc/test_tss.o
 *fill*         0x0000000000000010       0x10 
 .bss           0x0000000000000020       0x80 testmain.o

.stab
 *(.stab)

.stabstr
 *(.stabstr)

.stab.excl
 *(.stab.excl)

.stab.exclstr
 *(.stab.exclstr)

.stab.index
 *(.stab.index)

.stab.indexstr
 *(.stab.indexstr)

.comment        0x0000000000000000       0xe6
 *(.comment)
 .comment       0x0000000000000000       0x2e proc/test_elf.o
 .comment       0x000000000000002e       0x2e proc/test_proc.o
 .comment       0x000000000000005c       0x2e proc/test_timer.o
 .comment       0x000000000000008a       0x2e proc/test_tss.o
 .comment       0x00000000000000b8       0x2e testmain.o

.group          0x0000000000000000        0xc
 .group         0x0000000000000000        0xc proc/test_elf.o

.group          0x0000000000000000        0xc
 .group         0x0000000000000000        0xc proc/test_elf.o

.group          0x0000000000000000        0xc
 .group         0x0000000000000000        0xc proc/test_elf.o

.group          0x0000000000000000        0xc
 .group         0x0000000000000000        0xc proc/test_elf.o

.group          0x0000000000000000        0xc
 .group         0x0000000000000000        0xc proc/test_elf.o

.group          0x0000000000000000        0xc
 .group         0x0000000000000000        0xc proc/test_elf.o

.group          0x0000000000000000        0xc
 .group         0x0000000000000000        0xc proc/test_elf.o

.group          0x0000000000000000        0xc
 .group         0x0000000000000000        0xc proc/test_elf.o

.group          0x0000000000000000        0xc
 .group         0x0000000000000000        0xc proc/test_elf.o

.group          0x0000000000000000        0xc
 .group         0x0000000000000000        0xc proc/test_elf.o

.group          0x0000000000000000        0xc
 .group         0x0000000000000000        0xc proc/test_elf.o

.note.GNU-stack
                0x0000000000000000        0x0
 .note.GNU-stack
                0x0000000000000000        0x0 proc/test_elf.o
 .note.GNU-stack
                0x0000000000000000        0x0 proc/test_proc.o
 .note.GNU-stack
                0x0000000000000000        0x0 proc/test_timer.o
 .note.GNU-stack
                0x0000000000000000        0x0 proc/test_tss.o
 .note.GNU-stack
                0x0000000000000000        0x0 testmain.o

.group          0x0000000000000000        0xc
 .group         0x0000000000000000        0xc proc/test_proc.o

.group          0x0000000000000000        0xc
 .group         0x0000000000000000        0xc proc/test_proc.o

.group          0x0000000000000000        0xc
 .group         0x0000000000000000        0xc proc/test_proc.o

.group          0x0000000000000000        0xc
 .group         0x0000000000000000        0xc proc/test_proc.o

.group          0x0000000000000000        0xc
 .group         0x0000000000000000        0xc proc/test_proc.o

.group          0x0000000000000000        0xc
 .group         0x0000000000000000        0xc proc/test_proc.o

.group          0x0000000000000000        0xc
 .group         0x0000000000000000        0xc proc/test_proc.o

.group          0x0000000000000000        0xc
 .group         0x0000000000000000        0xc proc/test_proc.o

.group          0x0000000000000000        0xc
 .group         0x0000000000000000        0xc proc/test_timer.o

.group          0x0000000000000000        0xc
 .group         0x0000000000000000        0xc testmain.o

.gnu.build.attributes
 *(.gnu.build.attributes)

.debug
 *(.debug)

.line
 *(.line)

.debug_srcinfo
 *(.debug_srcinfo)

.debug_sfnames
 *(.debug_sfnames)

.debug_aranges  0x0000000000000000       0xa0
 *(.debug_aranges)
 .debug_aranges
                0x0000000000000000       0x20 proc/test_elf.o
 .debug_aranges
                0x0000000000000020       0x20 proc/test_proc.o
 .debug_aranges
                0x0000000000000040       0x20 proc/test_timer.o
 .debug_aranges
                0x0000000000000060       0x20 proc/test_tss.o
 .debug_aranges
                0x0000000000000080       0x20 testmain.o

.debug_pubnames
 *(.debug_pubnames)

.debug_info     0x0000000000000000     0x1b87
 *(.debug_info)
 .debug_info    0x0000000000000000      0x6a6 proc/test_elf.o
 .debug_info    0x00000000000006a6      0xb2e proc/test_proc.o
 .debug_info    0x00000000000011d4      0x2b2 proc/test_timer.o
 .debug_info    0x0000000000001486      0x39b proc/test_tss.o
 .debug_info    0x0000000000001821      0x366 testmain.o

.debug_abbrev   0x0000000000000000      0x7bb
 *(.debug_abbrev)
 .debug_abbrev  0x0000000000000000      0x197 proc/test_elf.o
 .debug_abbrev  0x0000000000000197      0x249 proc/test_proc.o
 .debug_abbrev  0x00000000000003e0      0x119 proc/test_timer.o
 .debug_abbrev  0x00000000000004f9      0x123 proc/test_tss.o
 .debug_abbrev  0x000000000000061c      0x19f testmain.o

.debug_line     0x0000000000000000     0x1059
 *(.debug_line)
 .debug_line    0x0000000000000000      0x25a proc/test_elf.o
 .debug_line    0x000000000000025a      0x739 proc/test_proc.o
 .debug_line    0x0000000000000993      0x278 proc/test_timer.o
 .debug_line    0x0000000000000c0b      0x1db proc/test_tss.o
 .debug_line    0x0000000000000de6      0x273 testmain.o

.debug_frame
 *(.debug_frame)

.debug_str      0x0000000000000000    0x11ee6
 *(.debug_str)
 .debug_str     0x0000000000000000     0x3a30 proc/test_elf.o
 .debug_str     0x0000000000003a30     0x49dd proc/test_proc.o
 .debug_str     0x000000000000840d     0x3275 proc/test_timer.o
 .debug_str     0x000000000000b682     0x2f22 proc/test_tss.o
 .debug_str     0x000000000000e5a4     0x3942 testmain.o

.debug_loc
 *(.debug_loc)

.debug_macinfo
 *(.debug_macinfo)

.debug_weaknames
 *(.debug_weaknames)

.debug_funcnames
 *(.debug_funcnames)

.debug_typenames
 *(.debug_typenames)

.debug_varnames
 *(.debug_varnames)

.debug_pubtypes
 *(.debug_pubtypes)

.debug_ranges
 *(.debug_ranges)

.debug_addr
 *(.debug_addr)

.debug_line_str
 *(.debug_line_str)

.debug_loclists
 *(.debug_loclists)

.debug_macro    0x0000000000000000      0x2dc
 *(.debug_macro)
 .debug_macro   0x0000000000000000       0x97 proc/test_elf.o
 .debug_macro   0x0000000000000097       0xfb proc/test_proc.o
 .debug_macro   0x0000000000000192       0x6c proc/test_timer.o
 .debug_macro   0x00000000000001fe       0x5e proc/test_tss.o
 .debug_macro   0x000000000000025c       0x80 testmain.o

.debug_names
 *(.debug_names)

.debug_rnglists
 *(.debug_rnglists)

.debug_str_offsets
 *(.debug_str_offsets)

.debug_sup
 *(.debug_sup)

.gnu.attributes
 *(.gnu.attributes)
OUTPUT(tests.o elf32-i386)

.debug_macro    0x0000000000000000      0x844
 .debug_macro   0x0000000000000000      0x844 proc/test_elf.o

.debug_macro    0x0000000000000000       0x16
 .debug_macro   0x0000000000000000       0x16 proc/test_elf.o

.debug_macro    0x0000000000000000       0x82
 .debug_macro   0x0000000000000000       0x82 proc/test_elf.o

.debug_macro    0x0000000000000000       0x16
 .debug_macro   0x0000000000000000       0x16 proc/test_elf.o

.debug_macro    0x0000000000000000       0x22
 .debug_macro   0x0000000000000000       0x22 proc/test_elf.o

.debug_macro    0x0000000000000000       0x76
 .debug_macro   0x0000000000000000       0x76 proc/test_elf.o

.debug_macro    0x0000000000000000       0x8e
 .debug_macro   0x0000000000000000       0x8e proc/test_elf.o

.debug_macro    0x0000000000000000       0x3a
 .debug_macro   0x0000000000000000       0x3a proc/test_elf.o

.debug_macro    0x0000000000000000       0xe8
 .debug_macro   0x0000000000000000       0xe8 proc/test_elf.o

.debug_macro    0x0000000000000000       0x22
 .debug_macro   0x0000000000000000       0x22 proc/test_elf.o

.debug_macro    0x0000000000000000       0x2e
 .debug_macro   0x0000000000000000       0x2e proc/test_elf.o

.debug_macro    0x0000000000000000       0x52
 .debug_macro   0x0000000000000000       0x52 proc/test_proc.o

.debug_macro    0x0000000000000000       0xee
 .debug_macro   0x0000000000000000       0xee proc/test_proc.o

.debug_macro    0x0000000000000000       0x2e
 .debug_macro   0x0000000000000000       0x2e proc/test_proc.o

.debug_macro    0x0000000000000000      0x1e9
 .debug_macro   0x0000000000000000      0x1e9 proc/test_proc.o

.debug_macro    0x0000000000000000       0x2e
 .debug_macro   0x0000000000000000       0x2e proc/test_proc.o

.debug_macro    0x0000000000000000       0x10
 .debug_macro   0x0000000000000000       0x10 proc/test_proc.o

.debug_macro    0x0000000000000000       0x50
 .debug_macro   0x0000000000000000       0x50 proc/test_proc.o

.debug_macro    0x0000000000000000       0x34
 .debug_macro   0x0000000000000000       0x34 proc/test_proc.o

.debug_macro    0x0000000000000000       0x8e
 .debug_macro   0x0000000000000000       0x8e proc/test_timer.o

.debug_macro    0x0000000000000000      0x1e3
 .debug_macro   0x0000000000000000      0x1e3 testmain.o
