
Discarded input sections

 .group         0x0000000000000000        0xc proc/test_proc.o
 .debug_macro   0x0000000000000000      0x844 proc/test_proc.o
 .group         0x0000000000000000        0xc proc/test_timer.o
 .group         0x0000000000000000        0xc proc/test_timer.o
 .group         0x0000000000000000        0xc proc/test_timer.o
 .group         0x0000000000000000        0xc proc/test_timer.o
 .group         0x0000000000000000        0xc proc/test_timer.o
 .group         0x0000000000000000        0xc proc/test_timer.o
 .debug_macro   0x0000000000000000      0x844 proc/test_timer.o
 .debug_macro   0x0000000000000000       0x16 proc/test_timer.o
 .debug_macro   0x0000000000000000       0x82 proc/test_timer.o
 .debug_macro   0x0000000000000000       0x16 proc/test_timer.o
 .debug_macro   0x0000000000000000       0x22 proc/test_timer.o
 .debug_macro   0x0000000000000000       0x2e proc/test_timer.o
 .group         0x0000000000000000        0xc proc/test_tss.o
 .group         0x0000000000000000        0xc proc/test_tss.o
 .group         0x0000000000000000        0xc proc/test_tss.o
 .group         0x0000000000000000        0xc proc/test_tss.o
 .group         0x0000000000000000        0xc proc/test_tss.o
 .group         0x0000000000000000        0xc proc/test_tss.o
 .debug_macro   0x0000000000000000      0x844 proc/test_tss.o
 .debug_macro   0x0000000000000000       0x16 proc/test_tss.o
 .debug_macro   0x0000000000000000       0x82 proc/test_tss.o
 .debug_macro   0x0000000000000000       0x16 proc/test_tss.o
 .debug_macro   0x0000000000000000       0x22 proc/test_tss.o
 .debug_macro   0x0000000000000000       0x2e proc/test_tss.o
 .group         0x0000000000000000        0xc testmain.o
 .group         0x0000000000000000        0xc testmain.o
 .group         0x0000000000000000        0xc testmain.o
 .group         0x0000000000000000        0xc testmain.o
 .group         0x0000000000000000        0xc testmain.o
 .group         0x0000000000000000        0xc testmain.o
 .debug_macro   0x0000000000000000      0x844 testmain.o
 .debug_macro   0x0000000000000000       0x16 testmain.o
 .debug_macro   0x0000000000000000       0x82 testmain.o
 .debug_macro   0x0000000000000000       0x22 testmain.o
 .debug_macro   0x0000000000000000       0x16 testmain.o
 .debug_macro   0x0000000000000000       0x22 testmain.o

Memory Configuration

Name             Origin             Length             Attributes
*default*        0x0000000000000000 0xffffffffffffffff

Linker script and memory map

LOAD proc/test_elf.o
LOAD proc/test_proc.o
LOAD proc/test_timer.o
LOAD proc/test_tss.o
LOAD testmain.o

.interp
 *(.interp)

.note.gnu.build-id
 *(.note.gnu.build-id)

.hash
 *(.hash)

.gnu.hash
 *(.gnu.hash)

.dynsym
 *(.dynsym)

.dynstr
 *(.dynstr)

.gnu.version
 *(.gnu.version)

.gnu.version_d
 *(.gnu.version_d)

.gnu.version_r
 *(.gnu.version_r)

.rel.init
 *(.rel.init)

.rel.text
 *(.rel.text)

.rel.fini
 *(.rel.fini)

.rel.rodata
 *(.rel.rodata)

.rel.data.rel.ro
 *(.rel.data.rel.ro)

.rel.data
 *(.rel.data)

.rel.tdata
 *(.rel.tdata)

.rel.tbss
 *(.rel.tbss)

.rel.ctors
 *(.rel.ctors)

.rel.dtors
 *(.rel.dtors)

.rel.got
 *(.rel.got)

.rel.bss
 *(.rel.bss)

.rel.ifunc
 *(.rel.ifunc)

.rel.plt
 *(.rel.plt)

.relr.dyn
 *(.relr.dyn)

.init
 *(SORT_NONE(.init))

.plt
 *(.plt)

.plt.got
 *(.plt.got)

.plt.sec
 *(.plt.sec)

.text           0x0000000000000000      0xafe
 *(.text .stub)
 .text          0x0000000000000000      0x20a proc/test_elf.o
                0x0000000000000000                test_elf_check_valid_header
                0x0000000000000089                test_elf_load_program
                0x0000000000000199                test_elf_load_nonexistent
 .text          0x000000000000020a        0x0 proc/test_proc.o
 .text          0x000000000000020a      0x44e proc/test_timer.o
                0x000000000000020a                test_tick_count_incrementing
                0x000000000000036a                test_sleep_duration
                0x0000000000000442                test_multiple_sleeps
 .text          0x0000000000000658      0x2e1 proc/test_tss.o
                0x0000000000000658                test_tss_global_access
                0x0000000000000726                test_tss_esp0_update
 .text          0x0000000000000939      0x1c5 testmain.o
                0x0000000000000939                utoa
                0x00000000000009eb                start_tests
                0x0000000000000a6f                read_command
                0x0000000000000ada                send_msg
 *(.gnu.warning)

.fini
 *(SORT_NONE(.fini))

.rodata         0x0000000000000000      0x5a4
 *(.rodata)
 .rodata        0x0000000000000000      0x19e proc/test_elf.o
 *fill*         0x000000000000019e        0x2 
 .rodata        0x00000000000001a0      0x202 proc/test_timer.o
 *fill*         0x00000000000003a2        0x2 
 .rodata        0x00000000000003a4      0x132 proc/test_tss.o
 .rodata        0x00000000000004d6       0xce testmain.o

.rodata1
 *(.rodata1)

.eh_frame_hdr
 *(.eh_frame_hdr)

.eh_frame       0x0000000000000000      0x1dc
 *(.eh_frame)
 .eh_frame      0x0000000000000000       0x78 proc/test_elf.o
 .eh_frame      0x0000000000000078       0x78 proc/test_timer.o
 .eh_frame      0x00000000000000f0       0x58 proc/test_tss.o
 .eh_frame      0x0000000000000148       0x94 testmain.o

.gcc_except_table
 *(.gcc_except_table)

.gnu_extab
 *(.gnu_extab*)

.exception_ranges
 *(.exception_ranges)

.eh_frame
 *(.eh_frame)

.gnu_extab
 *(.gnu_extab)

.gcc_except_table
 *(.gcc_except_table)

.exception_ranges
 *(.exception_ranges)

.tdata
 *(.tdata)

.tbss
 *(.tbss)

.jcr
 *(.jcr)

.dynamic
 *(.dynamic)

.got
 *(.got)

.got.plt
 *(.got.plt)

.data           0x0000000000000000       0x48
 *(.data)
 .data          0x0000000000000000        0x0 proc/test_elf.o
 .data          0x0000000000000000        0x0 proc/test_proc.o
 .data          0x0000000000000000        0x0 proc/test_timer.o
 .data          0x0000000000000000        0x0 proc/test_tss.o
 .data          0x0000000000000000       0x48 testmain.o

.data1
 *(.data1)

.bss            0x0000000000000000       0x80
 *(.bss)
 .bss           0x0000000000000000        0x0 proc/test_elf.o
 .bss           0x0000000000000000        0x0 proc/test_proc.o
 .bss           0x0000000000000000        0x0 proc/test_timer.o
 .bss           0x0000000000000000        0x0 proc/test_tss.o
 .bss           0x0000000000000000       0x80 testmain.o

.stab
 *(.stab)

.stabstr
 *(.stabstr)

.stab.excl
 *(.stab.excl)

.stab.exclstr
 *(.stab.exclstr)

.stab.index
 *(.stab.index)

.stab.indexstr
 *(.stab.indexstr)

.comment        0x0000000000000000       0xe6
 *(.comment)
 .comment       0x0000000000000000       0x2e proc/test_elf.o
 .comment       0x000000000000002e       0x2e proc/test_proc.o
 .comment       0x000000000000005c       0x2e proc/test_timer.o
 .comment       0x000000000000008a       0x2e proc/test_tss.o
 .comment       0x00000000000000b8       0x2e testmain.o

.group          0x0000000000000000        0xc
 .group         0x0000000000000000        0xc proc/test_elf.o

.group          0x0000000000000000        0xc
 .group         0x0000000000000000        0xc proc/test_elf.o

.group          0x0000000000000000        0xc
 .group         0x0000000000000000        0xc proc/test_elf.o

.group          0x0000000000000000        0xc
 .group         0x0000000000000000        0xc proc/test_elf.o

.group          0x0000000000000000        0xc
 .group         0x0000000000000000        0xc proc/test_elf.o

.group          0x0000000000000000        0xc
 .group         0x0000000000000000        0xc proc/test_elf.o

.group          0x0000000000000000        0xc
 .group         0x0000000000000000        0xc proc/test_elf.o

.group          0x0000000000000000        0xc
 .group         0x0000000000000000        0xc proc/test_elf.o

.group          0x0000000000000000        0xc
 .group         0x0000000000000000        0xc proc/test_elf.o

.group          0x0000000000000000        0xc
 .group         0x0000000000000000        0xc proc/test_elf.o

.group          0x0000000000000000        0xc
 .group         0x0000000000000000        0xc proc/test_elf.o

.note.GNU-stack
                0x0000000000000000        0x0
 .note.GNU-stack
                0x0000000000000000        0x0 proc/test_elf.o
 .note.GNU-stack
                0x0000000000000000        0x0 proc/test_proc.o
 .note.GNU-stack
                0x0000000000000000        0x0 proc/test_timer.o
 .note.GNU-stack
                0x0000000000000000        0x0 proc/test_tss.o
 .note.GNU-stack
                0x0000000000000000        0x0 testmain.o

.group          0x0000000000000000        0xc
 .group         0x0000000000000000        0xc proc/test_timer.o

.group          0x0000000000000000        0xc
 .group         0x0000000000000000        0xc proc/test_timer.o

.group          0x0000000000000000        0xc
 .group         0x0000000000000000        0xc testmain.o

.group          0x0000000000000000        0xc
 .group         0x0000000000000000        0xc testmain.o

.gnu.build.attributes
 *(.gnu.build.attributes)

.debug
 *(.debug)

.line
 *(.line)

.debug_srcinfo
 *(.debug_srcinfo)

.debug_sfnames
 *(.debug_sfnames)

.debug_aranges  0x0000000000000000       0x98
 *(.debug_aranges)
 .debug_aranges
                0x0000000000000000       0x20 proc/test_elf.o
 .debug_aranges
                0x0000000000000020       0x18 proc/test_proc.o
 .debug_aranges
                0x0000000000000038       0x20 proc/test_timer.o
 .debug_aranges
                0x0000000000000058       0x20 proc/test_tss.o
 .debug_aranges
                0x0000000000000078       0x20 testmain.o

.debug_pubnames
 *(.debug_pubnames)

.debug_info     0x0000000000000000      0xffa
 *(.debug_info)
 .debug_info    0x0000000000000000      0x6a6 proc/test_elf.o
 .debug_info    0x00000000000006a6       0x21 proc/test_proc.o
 .debug_info    0x00000000000006c7      0x2b2 proc/test_timer.o
 .debug_info    0x0000000000000979      0x39b proc/test_tss.o
 .debug_info    0x0000000000000d14      0x2e6 testmain.o

.debug_abbrev   0x0000000000000000      0x585
 *(.debug_abbrev)
 .debug_abbrev  0x0000000000000000      0x197 proc/test_elf.o
 .debug_abbrev  0x0000000000000197       0x13 proc/test_proc.o
 .debug_abbrev  0x00000000000001aa      0x119 proc/test_timer.o
 .debug_abbrev  0x00000000000002c3      0x123 proc/test_tss.o
 .debug_abbrev  0x00000000000003e6      0x19f testmain.o

.debug_line     0x0000000000000000      0x952
 *(.debug_line)
 .debug_line    0x0000000000000000      0x25a proc/test_elf.o
 .debug_line    0x000000000000025a       0x32 proc/test_proc.o
 .debug_line    0x000000000000028c      0x278 proc/test_timer.o
 .debug_line    0x0000000000000504      0x1db proc/test_tss.o
 .debug_line    0x00000000000006df      0x273 testmain.o

.debug_frame
 *(.debug_frame)

.debug_str      0x0000000000000000     0xfc20
 *(.debug_str)
 .debug_str     0x0000000000000000     0x3a30 proc/test_elf.o
 .debug_str     0x0000000000003a30     0x28d7 proc/test_proc.o
 .debug_str     0x0000000000006307     0x3275 proc/test_timer.o
 .debug_str     0x000000000000957c     0x2f22 proc/test_tss.o
 .debug_str     0x000000000000c49e     0x3782 testmain.o

.debug_loc
 *(.debug_loc)

.debug_macinfo
 *(.debug_macinfo)

.debug_weaknames
 *(.debug_weaknames)

.debug_funcnames
 *(.debug_funcnames)

.debug_typenames
 *(.debug_typenames)

.debug_varnames
 *(.debug_varnames)

.debug_pubtypes
 *(.debug_pubtypes)

.debug_ranges
 *(.debug_ranges)

.debug_addr
 *(.debug_addr)

.debug_line_str
 *(.debug_line_str)

.debug_loclists
 *(.debug_loclists)

.debug_macro    0x0000000000000000      0x1f2
 *(.debug_macro)
 .debug_macro   0x0000000000000000       0x97 proc/test_elf.o
 .debug_macro   0x0000000000000097       0x11 proc/test_proc.o
 .debug_macro   0x00000000000000a8       0x6c proc/test_timer.o
 .debug_macro   0x0000000000000114       0x5e proc/test_tss.o
 .debug_macro   0x0000000000000172       0x80 testmain.o

.debug_names
 *(.debug_names)

.debug_rnglists
 *(.debug_rnglists)

.debug_str_offsets
 *(.debug_str_offsets)

.debug_sup
 *(.debug_sup)

.gnu.attributes
 *(.gnu.attributes)
OUTPUT(tests.o elf32-i386)

.debug_macro    0x0000000000000000      0x844
 .debug_macro   0x0000000000000000      0x844 proc/test_elf.o

.debug_macro    0x0000000000000000       0x16
 .debug_macro   0x0000000000000000       0x16 proc/test_elf.o

.debug_macro    0x0000000000000000       0x82
 .debug_macro   0x0000000000000000       0x82 proc/test_elf.o

.debug_macro    0x0000000000000000       0x16
 .debug_macro   0x0000000000000000       0x16 proc/test_elf.o

.debug_macro    0x0000000000000000       0x22
 .debug_macro   0x0000000000000000       0x22 proc/test_elf.o

.debug_macro    0x0000000000000000       0x76
 .debug_macro   0x0000000000000000       0x76 proc/test_elf.o

.debug_macro    0x0000000000000000       0x8e
 .debug_macro   0x0000000000000000       0x8e proc/test_elf.o

.debug_macro    0x0000000000000000       0x3a
 .debug_macro   0x0000000000000000       0x3a proc/test_elf.o

.debug_macro    0x0000000000000000       0xe8
 .debug_macro   0x0000000000000000       0xe8 proc/test_elf.o

.debug_macro    0x0000000000000000       0x22
 .debug_macro   0x0000000000000000       0x22 proc/test_elf.o

.debug_macro    0x0000000000000000       0x2e
 .debug_macro   0x0000000000000000       0x2e proc/test_elf.o

.debug_macro    0x0000000000000000       0x52
 .debug_macro   0x0000000000000000       0x52 proc/test_timer.o

.debug_macro    0x0000000000000000       0x8e
 .debug_macro   0x0000000000000000       0x8e proc/test_timer.o

.debug_macro    0x0000000000000000      0x1e3
 .debug_macro   0x0000000000000000      0x1e3 testmain.o

.debug_macro    0x0000000000000000       0x34
 .debug_macro   0x0000000000000000       0x34 testmain.o
