
Discarded input sections

 .group         0x0000000000000000        0xc proc/test_proc.o
 .debug_macro   0x0000000000000000      0x844 proc/test_proc.o
 .group         0x0000000000000000        0xc proc/test_timer.o
 .debug_macro   0x0000000000000000      0x844 proc/test_timer.o
 .group         0x0000000000000000        0xc proc/test_tss.o
 .debug_macro   0x0000000000000000      0x844 proc/test_tss.o
 .group         0x0000000000000000        0xc testmain.o
 .group         0x0000000000000000        0xc testmain.o
 .group         0x0000000000000000        0xc testmain.o
 .group         0x0000000000000000        0xc testmain.o
 .group         0x0000000000000000        0xc testmain.o
 .debug_macro   0x0000000000000000      0x844 testmain.o
 .debug_macro   0x0000000000000000       0x16 testmain.o
 .debug_macro   0x0000000000000000       0x82 testmain.o
 .debug_macro   0x0000000000000000       0x16 testmain.o
 .debug_macro   0x0000000000000000       0x22 testmain.o

Memory Configuration

Name             Origin             Length             Attributes
*default*        0x0000000000000000 0xffffffffffffffff

Linker script and memory map

LOAD proc/test_elf.o
LOAD proc/test_proc.o
LOAD proc/test_timer.o
LOAD proc/test_tss.o
LOAD testmain.o

.interp
 *(.interp)

.note.gnu.build-id
 *(.note.gnu.build-id)

.hash
 *(.hash)

.gnu.hash
 *(.gnu.hash)

.dynsym
 *(.dynsym)

.dynstr
 *(.dynstr)

.gnu.version
 *(.gnu.version)

.gnu.version_d
 *(.gnu.version_d)

.gnu.version_r
 *(.gnu.version_r)

.rel.init
 *(.rel.init)

.rel.text
 *(.rel.text)

.rel.fini
 *(.rel.fini)

.rel.rodata
 *(.rel.rodata)

.rel.data.rel.ro
 *(.rel.data.rel.ro)

.rel.data
 *(.rel.data)

.rel.tdata
 *(.rel.tdata)

.rel.tbss
 *(.rel.tbss)

.rel.ctors
 *(.rel.ctors)

.rel.dtors
 *(.rel.dtors)

.rel.got
 *(.rel.got)

.rel.bss
 *(.rel.bss)

.rel.ifunc
 *(.rel.ifunc)

.rel.plt
 *(.rel.plt)

.relr.dyn
 *(.relr.dyn)

.init
 *(SORT_NONE(.init))

.plt
 *(.plt)

.plt.got
 *(.plt.got)

.plt.sec
 *(.plt.sec)

.text           0x0000000000000000      0x4a6
 *(.text .stub)
 .text          0x0000000000000000        0x0 proc/test_elf.o
 .text          0x0000000000000000        0x0 proc/test_proc.o
 .text          0x0000000000000000        0x0 proc/test_timer.o
 .text          0x0000000000000000      0x2e1 proc/test_tss.o
                0x0000000000000000                test_tss_global_access
                0x00000000000000ce                test_tss_esp0_update
 .text          0x00000000000002e1      0x1c5 testmain.o
                0x00000000000002e1                utoa
                0x0000000000000393                start_tests
                0x0000000000000417                read_command
                0x0000000000000482                send_msg
 *(.gnu.warning)

.fini
 *(SORT_NONE(.fini))

.rodata         0x0000000000000000      0x16e
 *(.rodata)
 .rodata        0x0000000000000000      0x132 proc/test_tss.o
 .rodata        0x0000000000000132       0x3c testmain.o

.rodata1
 *(.rodata1)

.eh_frame_hdr
 *(.eh_frame_hdr)

.eh_frame       0x0000000000000000       0xec
 *(.eh_frame)
 .eh_frame      0x0000000000000000       0x58 proc/test_tss.o
 .eh_frame      0x0000000000000058       0x94 testmain.o

.gcc_except_table
 *(.gcc_except_table)

.gnu_extab
 *(.gnu_extab*)

.exception_ranges
 *(.exception_ranges)

.eh_frame
 *(.eh_frame)

.gnu_extab
 *(.gnu_extab)

.gcc_except_table
 *(.gcc_except_table)

.exception_ranges
 *(.exception_ranges)

.tdata
 *(.tdata)

.tbss
 *(.tbss)

.jcr
 *(.jcr)

.dynamic
 *(.dynamic)

.got
 *(.got)

.got.plt
 *(.got.plt)

.data           0x0000000000000000       0x18
 *(.data)
 .data          0x0000000000000000        0x0 proc/test_elf.o
 .data          0x0000000000000000        0x0 proc/test_proc.o
 .data          0x0000000000000000        0x0 proc/test_timer.o
 .data          0x0000000000000000        0x0 proc/test_tss.o
 .data          0x0000000000000000       0x18 testmain.o

.data1
 *(.data1)

.bss            0x0000000000000000       0x80
 *(.bss)
 .bss           0x0000000000000000        0x0 proc/test_elf.o
 .bss           0x0000000000000000        0x0 proc/test_proc.o
 .bss           0x0000000000000000        0x0 proc/test_timer.o
 .bss           0x0000000000000000        0x0 proc/test_tss.o
 .bss           0x0000000000000000       0x80 testmain.o

.stab
 *(.stab)

.stabstr
 *(.stabstr)

.stab.excl
 *(.stab.excl)

.stab.exclstr
 *(.stab.exclstr)

.stab.index
 *(.stab.index)

.stab.indexstr
 *(.stab.indexstr)

.comment        0x0000000000000000       0xe6
 *(.comment)
 .comment       0x0000000000000000       0x2e proc/test_elf.o
 .comment       0x000000000000002e       0x2e proc/test_proc.o
 .comment       0x000000000000005c       0x2e proc/test_timer.o
 .comment       0x000000000000008a       0x2e proc/test_tss.o
 .comment       0x00000000000000b8       0x2e testmain.o

.group          0x0000000000000000        0xc
 .group         0x0000000000000000        0xc proc/test_elf.o

.note.GNU-stack
                0x0000000000000000        0x0
 .note.GNU-stack
                0x0000000000000000        0x0 proc/test_elf.o
 .note.GNU-stack
                0x0000000000000000        0x0 proc/test_proc.o
 .note.GNU-stack
                0x0000000000000000        0x0 proc/test_timer.o
 .note.GNU-stack
                0x0000000000000000        0x0 proc/test_tss.o
 .note.GNU-stack
                0x0000000000000000        0x0 testmain.o

.group          0x0000000000000000        0xc
 .group         0x0000000000000000        0xc proc/test_tss.o

.group          0x0000000000000000        0xc
 .group         0x0000000000000000        0xc proc/test_tss.o

.group          0x0000000000000000        0xc
 .group         0x0000000000000000        0xc proc/test_tss.o

.group          0x0000000000000000        0xc
 .group         0x0000000000000000        0xc proc/test_tss.o

.group          0x0000000000000000        0xc
 .group         0x0000000000000000        0xc proc/test_tss.o

.group          0x0000000000000000        0xc
 .group         0x0000000000000000        0xc testmain.o

.group          0x0000000000000000        0xc
 .group         0x0000000000000000        0xc testmain.o

.group          0x0000000000000000        0xc
 .group         0x0000000000000000        0xc testmain.o

.gnu.build.attributes
 *(.gnu.build.attributes)

.debug
 *(.debug)

.line
 *(.line)

.debug_srcinfo
 *(.debug_srcinfo)

.debug_sfnames
 *(.debug_sfnames)

.debug_aranges  0x0000000000000000       0x88
 *(.debug_aranges)
 .debug_aranges
                0x0000000000000000       0x18 proc/test_elf.o
 .debug_aranges
                0x0000000000000018       0x18 proc/test_proc.o
 .debug_aranges
                0x0000000000000030       0x18 proc/test_timer.o
 .debug_aranges
                0x0000000000000048       0x20 proc/test_tss.o
 .debug_aranges
                0x0000000000000068       0x20 testmain.o

.debug_pubnames
 *(.debug_pubnames)

.debug_info     0x0000000000000000      0x6b4
 *(.debug_info)
 .debug_info    0x0000000000000000       0x21 proc/test_elf.o
 .debug_info    0x0000000000000021       0x21 proc/test_proc.o
 .debug_info    0x0000000000000042       0x21 proc/test_timer.o
 .debug_info    0x0000000000000063      0x39b proc/test_tss.o
 .debug_info    0x00000000000003fe      0x2b6 testmain.o

.debug_abbrev   0x0000000000000000      0x2fb
 *(.debug_abbrev)
 .debug_abbrev  0x0000000000000000       0x13 proc/test_elf.o
 .debug_abbrev  0x0000000000000013       0x13 proc/test_proc.o
 .debug_abbrev  0x0000000000000026       0x13 proc/test_timer.o
 .debug_abbrev  0x0000000000000039      0x123 proc/test_tss.o
 .debug_abbrev  0x000000000000015c      0x19f testmain.o

.debug_line     0x0000000000000000      0x4e4
 *(.debug_line)
 .debug_line    0x0000000000000000       0x31 proc/test_elf.o
 .debug_line    0x0000000000000031       0x32 proc/test_proc.o
 .debug_line    0x0000000000000063       0x33 proc/test_timer.o
 .debug_line    0x0000000000000096      0x1db proc/test_tss.o
 .debug_line    0x0000000000000271      0x273 testmain.o

.debug_frame
 *(.debug_frame)

.debug_str      0x0000000000000000     0xe097
 *(.debug_str)
 .debug_str     0x0000000000000000     0x28d6 proc/test_elf.o
 .debug_str     0x00000000000028d6     0x28d7 proc/test_proc.o
 .debug_str     0x00000000000051ad     0x28d8 proc/test_timer.o
 .debug_str     0x0000000000007a85     0x2f22 proc/test_tss.o
 .debug_str     0x000000000000a9a7     0x36f0 testmain.o

.debug_loc
 *(.debug_loc)

.debug_macinfo
 *(.debug_macinfo)

.debug_weaknames
 *(.debug_weaknames)

.debug_funcnames
 *(.debug_funcnames)

.debug_typenames
 *(.debug_typenames)

.debug_varnames
 *(.debug_varnames)

.debug_pubtypes
 *(.debug_pubtypes)

.debug_ranges
 *(.debug_ranges)

.debug_addr
 *(.debug_addr)

.debug_line_str
 *(.debug_line_str)

.debug_loclists
 *(.debug_loclists)

.debug_macro    0x0000000000000000      0x111
 *(.debug_macro)
 .debug_macro   0x0000000000000000       0x11 proc/test_elf.o
 .debug_macro   0x0000000000000011       0x11 proc/test_proc.o
 .debug_macro   0x0000000000000022       0x11 proc/test_timer.o
 .debug_macro   0x0000000000000033       0x5e proc/test_tss.o
 .debug_macro   0x0000000000000091       0x80 testmain.o

.debug_names
 *(.debug_names)

.debug_rnglists
 *(.debug_rnglists)

.debug_str_offsets
 *(.debug_str_offsets)

.debug_sup
 *(.debug_sup)

.gnu.attributes
 *(.gnu.attributes)
OUTPUT(tests.o elf32-i386)

.debug_macro    0x0000000000000000      0x844
 .debug_macro   0x0000000000000000      0x844 proc/test_elf.o

.debug_macro    0x0000000000000000       0x16
 .debug_macro   0x0000000000000000       0x16 proc/test_tss.o

.debug_macro    0x0000000000000000       0x82
 .debug_macro   0x0000000000000000       0x82 proc/test_tss.o

.debug_macro    0x0000000000000000       0x16
 .debug_macro   0x0000000000000000       0x16 proc/test_tss.o

.debug_macro    0x0000000000000000       0x22
 .debug_macro   0x0000000000000000       0x22 proc/test_tss.o

.debug_macro    0x0000000000000000       0x2e
 .debug_macro   0x0000000000000000       0x2e proc/test_tss.o

.debug_macro    0x0000000000000000       0x22
 .debug_macro   0x0000000000000000       0x22 testmain.o

.debug_macro    0x0000000000000000      0x1e3
 .debug_macro   0x0000000000000000      0x1e3 testmain.o

.debug_macro    0x0000000000000000       0x34
 .debug_macro   0x0000000000000000       0x34 testmain.o
