
Discarded input sections

 .group         0x0000000000000000        0xc build/./process.o
 .group         0x0000000000000000        0xc build/./process.o
 .group         0x0000000000000000        0xc build/./process.o
 .group         0x0000000000000000        0xc build/./process.o
 .group         0x0000000000000000        0xc build/./process.o
 .group         0x0000000000000000        0xc build/./process.o
 .group         0x0000000000000000        0xc build/./process.o
 .debug_macro   0x0000000000000000      0x844 build/./process.o
 .debug_macro   0x0000000000000000       0x16 build/./process.o
 .debug_macro   0x0000000000000000       0x16 build/./process.o
 .debug_macro   0x0000000000000000       0x22 build/./process.o
 .debug_macro   0x0000000000000000       0x76 build/./process.o
 .debug_macro   0x0000000000000000       0x8e build/./process.o
 .debug_macro   0x0000000000000000       0x3a build/./process.o
 .group         0x0000000000000000        0xc build/./tss.o
 .group         0x0000000000000000        0xc build/./tss.o
 .group         0x0000000000000000        0xc build/./tss.o
 .group         0x0000000000000000        0xc build/./tss.o
 .debug_macro   0x0000000000000000      0x844 build/./tss.o
 .debug_macro   0x0000000000000000       0x16 build/./tss.o
 .debug_macro   0x0000000000000000       0x82 build/./tss.o
 .debug_macro   0x0000000000000000       0x16 build/./tss.o

Memory Configuration

Name             Origin             Length             Attributes
*default*        0x0000000000000000 0xffffffffffffffff

Linker script and memory map

LOAD build/./elf.o
LOAD build/./process.o
LOAD build/./tss.o

.interp
 *(.interp)

.note.gnu.build-id
 *(.note.gnu.build-id)

.hash
 *(.hash)

.gnu.hash
 *(.gnu.hash)

.dynsym
 *(.dynsym)

.dynstr
 *(.dynstr)

.gnu.version
 *(.gnu.version)

.gnu.version_d
 *(.gnu.version_d)

.gnu.version_r
 *(.gnu.version_r)

.rel.init
 *(.rel.init)

.rel.text
 *(.rel.text)

.rel.fini
 *(.rel.fini)

.rel.rodata
 *(.rel.rodata)

.rel.data.rel.ro
 *(.rel.data.rel.ro)

.rel.data
 *(.rel.data)

.rel.tdata
 *(.rel.tdata)

.rel.tbss
 *(.rel.tbss)

.rel.ctors
 *(.rel.ctors)

.rel.dtors
 *(.rel.dtors)

.rel.got
 *(.rel.got)

.rel.bss
 *(.rel.bss)

.rel.ifunc
 *(.rel.ifunc)

.rel.plt
 *(.rel.plt)

.relr.dyn
 *(.relr.dyn)

.init
 *(SORT_NONE(.init))

.plt
 *(.plt)

.plt.got
 *(.plt.got)

.plt.sec
 *(.plt.sec)

.text           0x0000000000000000      0x37a
 *(.text .stub)
 .text          0x0000000000000000      0x27d build/./elf.o
                0x0000000000000000                elf_check_hdr
                0x0000000000000074                elf_load_seg
                0x000000000000016e                elf_load
 .text          0x000000000000027d       0xc8 build/./process.o
                0x000000000000027d                process_create
                0x00000000000002f1                process_destroy
                0x00000000000002f7                process_spawn
                0x00000000000002fd                process_fork
                0x0000000000000303                process_find_by_pid
                0x0000000000000309                process_exit
                0x000000000000030f                _get_main_thread
                0x0000000000000315                thread_create
                0x000000000000031b                thread_destroy
                0x0000000000000321                scheduler_init
                0x0000000000000327                scheduler_tick
                0x000000000000032d                scheduler_switch
                0x0000000000000333                scheduler_post
                0x0000000000000339                get_current_proc
                0x000000000000033f                get_current_thread
 .text          0x0000000000000345       0x35 build/./tss.o
                0x0000000000000345                tss_flush
                0x000000000000035f                tss_update_esp0
                0x0000000000000370                tss_get_global
 *(.gnu.warning)

.fini
 *(SORT_NONE(.fini))

.rodata
 *(.rodata)

.rodata1
 *(.rodata1)

.eh_frame_hdr
 *(.eh_frame_hdr)

.eh_frame       0x0000000000000000      0x2e8
 *(.eh_frame)
 .eh_frame      0x0000000000000000       0x78 build/./elf.o
 .eh_frame      0x0000000000000078      0x1f8 build/./process.o
 .eh_frame      0x0000000000000270       0x78 build/./tss.o

.gcc_except_table
 *(.gcc_except_table)

.gnu_extab
 *(.gnu_extab*)

.exception_ranges
 *(.exception_ranges)

.eh_frame
 *(.eh_frame)

.gnu_extab
 *(.gnu_extab)

.gcc_except_table
 *(.gcc_except_table)

.exception_ranges
 *(.exception_ranges)

.tdata
 *(.tdata)

.tbss
 *(.tbss)

.jcr
 *(.jcr)

.dynamic
 *(.dynamic)

.got
 *(.got)

.got.plt
 *(.got.plt)

.data           0x0000000000000000        0x8
 *(.data)
 .data          0x0000000000000000        0x0 build/./elf.o
 .data          0x0000000000000000        0x4 build/./process.o
 .data          0x0000000000000004        0x4 build/./tss.o
                0x0000000000000004                global_tss

.data1
 *(.data1)

.bss            0x0000000000000000       0x68
 *(.bss)
 .bss           0x0000000000000000        0x0 build/./elf.o
 .bss           0x0000000000000000        0x0 build/./process.o
 .bss           0x0000000000000000       0x68 build/./tss.o

.stab
 *(.stab)

.stabstr
 *(.stabstr)

.stab.excl
 *(.stab.excl)

.stab.exclstr
 *(.stab.exclstr)

.stab.index
 *(.stab.index)

.stab.indexstr
 *(.stab.indexstr)

.comment        0x0000000000000000       0x8a
 *(.comment)
 .comment       0x0000000000000000       0x2e build/./elf.o
 .comment       0x000000000000002e       0x2e build/./process.o
 .comment       0x000000000000005c       0x2e build/./tss.o

.group          0x0000000000000000        0xc
 .group         0x0000000000000000        0xc build/./elf.o

.group          0x0000000000000000        0xc
 .group         0x0000000000000000        0xc build/./elf.o

.group          0x0000000000000000        0xc
 .group         0x0000000000000000        0xc build/./elf.o

.group          0x0000000000000000        0xc
 .group         0x0000000000000000        0xc build/./elf.o

.group          0x0000000000000000        0xc
 .group         0x0000000000000000        0xc build/./elf.o

.group          0x0000000000000000        0xc
 .group         0x0000000000000000        0xc build/./elf.o

.group          0x0000000000000000        0xc
 .group         0x0000000000000000        0xc build/./elf.o

.group          0x0000000000000000        0xc
 .group         0x0000000000000000        0xc build/./elf.o

.group          0x0000000000000000        0xc
 .group         0x0000000000000000        0xc build/./elf.o

.group          0x0000000000000000        0xc
 .group         0x0000000000000000        0xc build/./elf.o

.group          0x0000000000000000        0xc
 .group         0x0000000000000000        0xc build/./elf.o

.note.GNU-stack
                0x0000000000000000        0x0
 .note.GNU-stack
                0x0000000000000000        0x0 build/./elf.o
 .note.GNU-stack
                0x0000000000000000        0x0 build/./process.o
 .note.GNU-stack
                0x0000000000000000        0x0 build/./tss.o

.group          0x0000000000000000        0xc
 .group         0x0000000000000000        0xc build/./process.o

.group          0x0000000000000000        0xc
 .group         0x0000000000000000        0xc build/./process.o

.group          0x0000000000000000        0xc
 .group         0x0000000000000000        0xc build/./process.o

.group          0x0000000000000000        0xc
 .group         0x0000000000000000        0xc build/./process.o

.group          0x0000000000000000        0xc
 .group         0x0000000000000000        0xc build/./process.o

.gnu.build.attributes
 *(.gnu.build.attributes)

.debug
 *(.debug)

.line
 *(.line)

.debug_srcinfo
 *(.debug_srcinfo)

.debug_sfnames
 *(.debug_sfnames)

.debug_aranges  0x0000000000000000       0x60
 *(.debug_aranges)
 .debug_aranges
                0x0000000000000000       0x20 build/./elf.o
 .debug_aranges
                0x0000000000000020       0x20 build/./process.o
 .debug_aranges
                0x0000000000000040       0x20 build/./tss.o

.debug_pubnames
 *(.debug_pubnames)

.debug_info     0x0000000000000000      0xf1a
 *(.debug_info)
 .debug_info    0x0000000000000000      0x739 build/./elf.o
 .debug_info    0x0000000000000739      0x568 build/./process.o
 .debug_info    0x0000000000000ca1      0x279 build/./tss.o

.debug_abbrev   0x0000000000000000      0x4b0
 *(.debug_abbrev)
 .debug_abbrev  0x0000000000000000      0x1cb build/./elf.o
 .debug_abbrev  0x00000000000001cb      0x1d9 build/./process.o
 .debug_abbrev  0x00000000000003a4      0x10c build/./tss.o

.debug_line     0x0000000000000000      0x769
 *(.debug_line)
 .debug_line    0x0000000000000000      0x387 build/./elf.o
 .debug_line    0x0000000000000387      0x2d3 build/./process.o
 .debug_line    0x000000000000065a      0x10f build/./tss.o

.debug_frame
 *(.debug_frame)

.debug_str      0x0000000000000000     0xa40c
 *(.debug_str)
 .debug_str     0x0000000000000000     0x3c35 build/./elf.o
 .debug_str     0x0000000000003c35     0x3b8d build/./process.o
 .debug_str     0x00000000000077c2     0x2c4a build/./tss.o

.debug_loc
 *(.debug_loc)

.debug_macinfo
 *(.debug_macinfo)

.debug_weaknames
 *(.debug_weaknames)

.debug_funcnames
 *(.debug_funcnames)

.debug_typenames
 *(.debug_typenames)

.debug_varnames
 *(.debug_varnames)

.debug_pubtypes
 *(.debug_pubtypes)

.debug_ranges
 *(.debug_ranges)

.debug_addr
 *(.debug_addr)

.debug_line_str
 *(.debug_line_str)

.debug_loclists
 *(.debug_loclists)

.debug_macro    0x0000000000000000      0x191
 *(.debug_macro)
 .debug_macro   0x0000000000000000       0x8b build/./elf.o
 .debug_macro   0x000000000000008b       0xca build/./process.o
 .debug_macro   0x0000000000000155       0x3c build/./tss.o

.debug_names
 *(.debug_names)

.debug_rnglists
 *(.debug_rnglists)

.debug_str_offsets
 *(.debug_str_offsets)

.debug_sup
 *(.debug_sup)

.gnu.attributes
 *(.gnu.attributes)
OUTPUT(proc.o elf32-i386)

.debug_macro    0x0000000000000000      0x844
 .debug_macro   0x0000000000000000      0x844 build/./elf.o

.debug_macro    0x0000000000000000       0x16
 .debug_macro   0x0000000000000000       0x16 build/./elf.o

.debug_macro    0x0000000000000000       0x82
 .debug_macro   0x0000000000000000       0x82 build/./elf.o

.debug_macro    0x0000000000000000       0x16
 .debug_macro   0x0000000000000000       0x16 build/./elf.o

.debug_macro    0x0000000000000000       0x22
 .debug_macro   0x0000000000000000       0x22 build/./elf.o

.debug_macro    0x0000000000000000       0x76
 .debug_macro   0x0000000000000000       0x76 build/./elf.o

.debug_macro    0x0000000000000000       0x8e
 .debug_macro   0x0000000000000000       0x8e build/./elf.o

.debug_macro    0x0000000000000000       0x3a
 .debug_macro   0x0000000000000000       0x3a build/./elf.o

.debug_macro    0x0000000000000000       0xe8
 .debug_macro   0x0000000000000000       0xe8 build/./elf.o

.debug_macro    0x0000000000000000       0x50
 .debug_macro   0x0000000000000000       0x50 build/./elf.o

.debug_macro    0x0000000000000000       0x10
 .debug_macro   0x0000000000000000       0x10 build/./elf.o

.debug_macro    0x0000000000000000       0x88
 .debug_macro   0x0000000000000000       0x88 build/./process.o

.debug_macro    0x0000000000000000       0x52
 .debug_macro   0x0000000000000000       0x52 build/./process.o

.debug_macro    0x0000000000000000       0x22
 .debug_macro   0x0000000000000000       0x22 build/./process.o

.debug_macro    0x0000000000000000       0x40
 .debug_macro   0x0000000000000000       0x40 build/./process.o

.debug_macro    0x0000000000000000       0x64
 .debug_macro   0x0000000000000000       0x64 build/./process.o
