
Discarded input sections

 .group         0x0000000000000000        0xc build/./process.o
 .group         0x0000000000000000        0xc build/./process.o
 .group         0x0000000000000000        0xc build/./process.o
 .group         0x0000000000000000        0xc build/./process.o
 .debug_macro   0x0000000000000000      0x844 build/./process.o
 .debug_macro   0x0000000000000000       0x16 build/./process.o
 .debug_macro   0x0000000000000000       0x16 build/./process.o
 .debug_macro   0x0000000000000000       0x22 build/./process.o
 .group         0x0000000000000000        0xc build/./tss.o
 .group         0x0000000000000000        0xc build/./tss.o
 .group         0x0000000000000000        0xc build/./tss.o
 .group         0x0000000000000000        0xc build/./tss.o
 .debug_macro   0x0000000000000000      0x844 build/./tss.o
 .debug_macro   0x0000000000000000       0x16 build/./tss.o
 .debug_macro   0x0000000000000000       0x82 build/./tss.o
 .debug_macro   0x0000000000000000       0x16 build/./tss.o

Memory Configuration

Name             Origin             Length             Attributes
*default*        0x0000000000000000 0xffffffffffffffff

Linker script and memory map

LOAD build/./elf.o
LOAD build/./process.o
LOAD build/./tss.o

.interp
 *(.interp)

.note.gnu.build-id
 *(.note.gnu.build-id)

.hash
 *(.hash)

.gnu.hash
 *(.gnu.hash)

.dynsym
 *(.dynsym)

.dynstr
 *(.dynstr)

.gnu.version
 *(.gnu.version)

.gnu.version_d
 *(.gnu.version_d)

.gnu.version_r
 *(.gnu.version_r)

.rel.init
 *(.rel.init)

.rel.text
 *(.rel.text)

.rel.fini
 *(.rel.fini)

.rel.rodata
 *(.rel.rodata)

.rel.data.rel.ro
 *(.rel.data.rel.ro)

.rel.data
 *(.rel.data)

.rel.tdata
 *(.rel.tdata)

.rel.tbss
 *(.rel.tbss)

.rel.ctors
 *(.rel.ctors)

.rel.dtors
 *(.rel.dtors)

.rel.got
 *(.rel.got)

.rel.bss
 *(.rel.bss)

.rel.ifunc
 *(.rel.ifunc)

.rel.plt
 *(.rel.plt)

.relr.dyn
 *(.relr.dyn)

.init
 *(SORT_NONE(.init))

.plt
 *(.plt)

.plt.got
 *(.plt.got)

.plt.sec
 *(.plt.sec)

.text           0x0000000000000000      0x2ad
 *(.text .stub)
 .text          0x0000000000000000      0x272 build/./elf.o
                0x0000000000000000                elf_check_hdr
                0x000000000000008c                elf_load_seg
                0x0000000000000163                elf_load
 .text          0x0000000000000272        0x6 build/./process.o
                0x0000000000000272                process_fork
 .text          0x0000000000000278       0x35 build/./tss.o
                0x0000000000000278                tss_flush
                0x0000000000000292                tss_update_esp0
                0x00000000000002a3                tss_get_global
 *(.gnu.warning)

.fini
 *(SORT_NONE(.fini))

.rodata         0x0000000000000000        0xb
 *(.rodata)
 .rodata        0x0000000000000000        0xb build/./elf.o

.rodata1
 *(.rodata1)

.eh_frame_hdr
 *(.eh_frame_hdr)

.eh_frame       0x0000000000000000      0x128
 *(.eh_frame)
 .eh_frame      0x0000000000000000       0x78 build/./elf.o
 .eh_frame      0x0000000000000078       0x38 build/./process.o
 .eh_frame      0x00000000000000b0       0x78 build/./tss.o

.gcc_except_table
 *(.gcc_except_table)

.gnu_extab
 *(.gnu_extab*)

.exception_ranges
 *(.exception_ranges)

.eh_frame
 *(.eh_frame)

.gnu_extab
 *(.gnu_extab)

.gcc_except_table
 *(.gcc_except_table)

.exception_ranges
 *(.exception_ranges)

.tdata
 *(.tdata)

.tbss
 *(.tbss)

.jcr
 *(.jcr)

.dynamic
 *(.dynamic)

.got
 *(.got)

.got.plt
 *(.got.plt)

.data           0x0000000000000000        0x4
 *(.data)
 .data          0x0000000000000000        0x0 build/./elf.o
 .data          0x0000000000000000        0x0 build/./process.o
 .data          0x0000000000000000        0x4 build/./tss.o
                0x0000000000000000                global_tss

.data1
 *(.data1)

.bss            0x0000000000000000       0x68
 *(.bss)
 .bss           0x0000000000000000        0x0 build/./elf.o
 .bss           0x0000000000000000        0x0 build/./process.o
 .bss           0x0000000000000000       0x68 build/./tss.o

.stab
 *(.stab)

.stabstr
 *(.stabstr)

.stab.excl
 *(.stab.excl)

.stab.exclstr
 *(.stab.exclstr)

.stab.index
 *(.stab.index)

.stab.indexstr
 *(.stab.indexstr)

.comment        0x0000000000000000       0x8a
 *(.comment)
 .comment       0x0000000000000000       0x2e build/./elf.o
 .comment       0x000000000000002e       0x2e build/./process.o
 .comment       0x000000000000005c       0x2e build/./tss.o

.group          0x0000000000000000        0xc
 .group         0x0000000000000000        0xc build/./elf.o

.group          0x0000000000000000        0xc
 .group         0x0000000000000000        0xc build/./elf.o

.group          0x0000000000000000        0xc
 .group         0x0000000000000000        0xc build/./elf.o

.group          0x0000000000000000        0xc
 .group         0x0000000000000000        0xc build/./elf.o

.group          0x0000000000000000        0xc
 .group         0x0000000000000000        0xc build/./elf.o

.group          0x0000000000000000        0xc
 .group         0x0000000000000000        0xc build/./elf.o

.group          0x0000000000000000        0xc
 .group         0x0000000000000000        0xc build/./elf.o

.group          0x0000000000000000        0xc
 .group         0x0000000000000000        0xc build/./elf.o

.group          0x0000000000000000        0xc
 .group         0x0000000000000000        0xc build/./elf.o

.group          0x0000000000000000        0xc
 .group         0x0000000000000000        0xc build/./elf.o

.group          0x0000000000000000        0xc
 .group         0x0000000000000000        0xc build/./elf.o

.note.GNU-stack
                0x0000000000000000        0x0
 .note.GNU-stack
                0x0000000000000000        0x0 build/./elf.o
 .note.GNU-stack
                0x0000000000000000        0x0 build/./process.o
 .note.GNU-stack
                0x0000000000000000        0x0 build/./tss.o

.group          0x0000000000000000        0xc
 .group         0x0000000000000000        0xc build/./process.o

.group          0x0000000000000000        0xc
 .group         0x0000000000000000        0xc build/./process.o

.group          0x0000000000000000        0xc
 .group         0x0000000000000000        0xc build/./process.o

.group          0x0000000000000000        0xc
 .group         0x0000000000000000        0xc build/./process.o

.gnu.build.attributes
 *(.gnu.build.attributes)

.debug
 *(.debug)

.line
 *(.line)

.debug_srcinfo
 *(.debug_srcinfo)

.debug_sfnames
 *(.debug_sfnames)

.debug_aranges  0x0000000000000000       0x60
 *(.debug_aranges)
 .debug_aranges
                0x0000000000000000       0x20 build/./elf.o
 .debug_aranges
                0x0000000000000020       0x20 build/./process.o
 .debug_aranges
                0x0000000000000040       0x20 build/./tss.o

.debug_pubnames
 *(.debug_pubnames)

.debug_info     0x0000000000000000      0xa2e
 *(.debug_info)
 .debug_info    0x0000000000000000      0x72a build/./elf.o
 .debug_info    0x000000000000072a       0x8b build/./process.o
 .debug_info    0x00000000000007b5      0x279 build/./tss.o

.debug_abbrev   0x0000000000000000      0x32d
 *(.debug_abbrev)
 .debug_abbrev  0x0000000000000000      0x1cb build/./elf.o
 .debug_abbrev  0x00000000000001cb       0x56 build/./process.o
 .debug_abbrev  0x0000000000000221      0x10c build/./tss.o

.debug_line     0x0000000000000000      0x613
 *(.debug_line)
 .debug_line    0x0000000000000000      0x375 build/./elf.o
 .debug_line    0x0000000000000375      0x18f build/./process.o
 .debug_line    0x0000000000000504      0x10f build/./tss.o

.debug_frame
 *(.debug_frame)

.debug_str      0x0000000000000000     0x9aac
 *(.debug_str)
 .debug_str     0x0000000000000000     0x3c30 build/./elf.o
 .debug_str     0x0000000000003c30     0x3232 build/./process.o
 .debug_str     0x0000000000006e62     0x2c4a build/./tss.o

.debug_loc
 *(.debug_loc)

.debug_macinfo
 *(.debug_macinfo)

.debug_weaknames
 *(.debug_weaknames)

.debug_funcnames
 *(.debug_funcnames)

.debug_typenames
 *(.debug_typenames)

.debug_varnames
 *(.debug_varnames)

.debug_pubtypes
 *(.debug_pubtypes)

.debug_ranges
 *(.debug_ranges)

.debug_addr
 *(.debug_addr)

.debug_line_str
 *(.debug_line_str)

.debug_loclists
 *(.debug_loclists)

.debug_macro    0x0000000000000000      0x14d
 *(.debug_macro)
 .debug_macro   0x0000000000000000       0x8b build/./elf.o
 .debug_macro   0x000000000000008b       0x86 build/./process.o
 .debug_macro   0x0000000000000111       0x3c build/./tss.o

.debug_names
 *(.debug_names)

.debug_rnglists
 *(.debug_rnglists)

.debug_str_offsets
 *(.debug_str_offsets)

.debug_sup
 *(.debug_sup)

.gnu.attributes
 *(.gnu.attributes)
OUTPUT(proc.o elf32-i386)

.debug_macro    0x0000000000000000      0x844
 .debug_macro   0x0000000000000000      0x844 build/./elf.o

.debug_macro    0x0000000000000000       0x16
 .debug_macro   0x0000000000000000       0x16 build/./elf.o

.debug_macro    0x0000000000000000       0x82
 .debug_macro   0x0000000000000000       0x82 build/./elf.o

.debug_macro    0x0000000000000000       0x16
 .debug_macro   0x0000000000000000       0x16 build/./elf.o

.debug_macro    0x0000000000000000       0x22
 .debug_macro   0x0000000000000000       0x22 build/./elf.o

.debug_macro    0x0000000000000000       0x76
 .debug_macro   0x0000000000000000       0x76 build/./elf.o

.debug_macro    0x0000000000000000       0x8e
 .debug_macro   0x0000000000000000       0x8e build/./elf.o

.debug_macro    0x0000000000000000       0x3a
 .debug_macro   0x0000000000000000       0x3a build/./elf.o

.debug_macro    0x0000000000000000       0xe8
 .debug_macro   0x0000000000000000       0xe8 build/./elf.o

.debug_macro    0x0000000000000000       0x50
 .debug_macro   0x0000000000000000       0x50 build/./elf.o

.debug_macro    0x0000000000000000       0x10
 .debug_macro   0x0000000000000000       0x10 build/./elf.o

.debug_macro    0x0000000000000000       0x88
 .debug_macro   0x0000000000000000       0x88 build/./process.o

.debug_macro    0x0000000000000000       0x22
 .debug_macro   0x0000000000000000       0x22 build/./process.o

.debug_macro    0x0000000000000000       0x40
 .debug_macro   0x0000000000000000       0x40 build/./process.o

.debug_macro    0x0000000000000000       0x64
 .debug_macro   0x0000000000000000       0x64 build/./process.o
