
Discarded input sections

 .group         0x0000000000000000        0xc build/vfs.o
 .group         0x0000000000000000        0xc build/vfs.o
 .group         0x0000000000000000        0xc build/vfs.o
 .group         0x0000000000000000        0xc build/vfs.o
 .group         0x0000000000000000        0xc build/vfs.o
 .group         0x0000000000000000        0xc build/vfs.o
 .group         0x0000000000000000        0xc build/vfs.o
 .group         0x0000000000000000        0xc build/vfs.o
 .group         0x0000000000000000        0xc build/vfs.o
 .debug_macro   0x0000000000000000      0x844 build/vfs.o
 .debug_macro   0x0000000000000000       0x16 build/vfs.o
 .debug_macro   0x0000000000000000       0x22 build/vfs.o
 .debug_macro   0x0000000000000000       0x10 build/vfs.o
 .debug_macro   0x0000000000000000       0x58 build/vfs.o
 .debug_macro   0x0000000000000000       0x10 build/vfs.o
 .debug_macro   0x0000000000000000       0x22 build/vfs.o
 .debug_macro   0x0000000000000000       0x40 build/vfs.o
 .debug_macro   0x0000000000000000       0x64 build/vfs.o

Memory Configuration

Name             Origin             Length             Attributes
*default*        0x0000000000000000 0xffffffffffffffff

Linker script and memory map

LOAD build/fat12.o
LOAD build/vfs.o

.interp
 *(.interp)

.note.gnu.build-id
 *(.note.gnu.build-id)

.hash
 *(.hash)

.gnu.hash
 *(.gnu.hash)

.dynsym
 *(.dynsym)

.dynstr
 *(.dynstr)

.gnu.version
 *(.gnu.version)

.gnu.version_d
 *(.gnu.version_d)

.gnu.version_r
 *(.gnu.version_r)

.rel.init
 *(.rel.init)

.rel.text
 *(.rel.text)

.rel.fini
 *(.rel.fini)

.rel.rodata
 *(.rel.rodata)

.rel.data.rel.ro
 *(.rel.data.rel.ro)

.rel.data
 *(.rel.data)

.rel.tdata
 *(.rel.tdata)

.rel.tbss
 *(.rel.tbss)

.rel.ctors
 *(.rel.ctors)

.rel.dtors
 *(.rel.dtors)

.rel.got
 *(.rel.got)

.rel.bss
 *(.rel.bss)

.rel.ifunc
 *(.rel.ifunc)

.rel.plt
 *(.rel.plt)

.relr.dyn
 *(.relr.dyn)

.init
 *(SORT_NONE(.init))

.plt
 *(.plt)

.plt.got
 *(.plt.got)

.plt.sec
 *(.plt.sec)

.text           0x0000000000000000      0xe33
 *(.text .stub)
 .text          0x0000000000000000      0xb09 build/fat12.o
                0x0000000000000450                fat12_mount
                0x0000000000000774                fat12_unmount
                0x0000000000000834                fat12_open
                0x0000000000000891                fat12_read
                0x0000000000000aeb                fat12_close
                0x0000000000000af5                fat12_write
                0x0000000000000aff                fat12_readdir
 .text          0x0000000000000b09      0x32a build/vfs.o
                0x0000000000000ba1                vfs_init
                0x0000000000000be5                vfs_mount
                0x0000000000000cd7                vfs_open
                0x0000000000000dc9                vfs_read
 *(.gnu.warning)

.fini
 *(SORT_NONE(.fini))

.rodata         0x0000000000000000        0xa
 *(.rodata)
 .rodata        0x0000000000000000        0x8 build/fat12.o
 .rodata        0x0000000000000008        0x2 build/vfs.o

.rodata1
 *(.rodata1)

.eh_frame_hdr
 *(.eh_frame_hdr)

.eh_frame       0x0000000000000000      0x258
 *(.eh_frame)
 .eh_frame      0x0000000000000000      0x1a0 build/fat12.o
 .eh_frame      0x00000000000001a0       0xb8 build/vfs.o

.gcc_except_table
 *(.gcc_except_table)

.gnu_extab
 *(.gnu_extab*)

.exception_ranges
 *(.exception_ranges)

.eh_frame
 *(.eh_frame)

.gnu_extab
 *(.gnu_extab)

.gcc_except_table
 *(.gcc_except_table)

.exception_ranges
 *(.exception_ranges)

.tdata
 *(.tdata)

.tbss
 *(.tbss)

.jcr
 *(.jcr)

.dynamic
 *(.dynamic)

.got
 *(.got)

.got.plt
 *(.got.plt)

.data           0x0000000000000000       0x28
 *(.data)
 .data          0x0000000000000000       0x20 build/fat12.o
                0x0000000000000000                fat12_fs_type
 .data          0x0000000000000020        0x8 build/vfs.o
                0x0000000000000020                fs_types

.data1
 *(.data1)

.bss            0x0000000000000000        0xc
 *(.bss)
 .bss           0x0000000000000000        0x0 build/fat12.o
 .bss           0x0000000000000000        0xc build/vfs.o

.stab
 *(.stab)

.stabstr
 *(.stabstr)

.stab.excl
 *(.stab.excl)

.stab.exclstr
 *(.stab.exclstr)

.stab.index
 *(.stab.index)

.stab.indexstr
 *(.stab.indexstr)

.comment        0x0000000000000000       0x5c
 *(.comment)
 .comment       0x0000000000000000       0x2e build/fat12.o
 .comment       0x000000000000002e       0x2e build/vfs.o

.group          0x0000000000000000        0xc
 .group         0x0000000000000000        0xc build/fat12.o

.group          0x0000000000000000        0xc
 .group         0x0000000000000000        0xc build/fat12.o

.group          0x0000000000000000        0xc
 .group         0x0000000000000000        0xc build/fat12.o

.group          0x0000000000000000        0xc
 .group         0x0000000000000000        0xc build/fat12.o

.group          0x0000000000000000        0xc
 .group         0x0000000000000000        0xc build/fat12.o

.group          0x0000000000000000        0xc
 .group         0x0000000000000000        0xc build/fat12.o

.group          0x0000000000000000        0xc
 .group         0x0000000000000000        0xc build/fat12.o

.group          0x0000000000000000        0xc
 .group         0x0000000000000000        0xc build/fat12.o

.group          0x0000000000000000        0xc
 .group         0x0000000000000000        0xc build/fat12.o

.group          0x0000000000000000        0xc
 .group         0x0000000000000000        0xc build/fat12.o

.group          0x0000000000000000        0xc
 .group         0x0000000000000000        0xc build/fat12.o

.group          0x0000000000000000        0xc
 .group         0x0000000000000000        0xc build/fat12.o

.note.GNU-stack
                0x0000000000000000        0x0
 .note.GNU-stack
                0x0000000000000000        0x0 build/fat12.o
 .note.GNU-stack
                0x0000000000000000        0x0 build/vfs.o

.group          0x0000000000000000        0xc
 .group         0x0000000000000000        0xc build/vfs.o

.group          0x0000000000000000        0xc
 .group         0x0000000000000000        0xc build/vfs.o

.gnu.build.attributes
 *(.gnu.build.attributes)

.debug
 *(.debug)

.line
 *(.line)

.debug_srcinfo
 *(.debug_srcinfo)

.debug_sfnames
 *(.debug_sfnames)

.debug_aranges  0x0000000000000000       0x40
 *(.debug_aranges)
 .debug_aranges
                0x0000000000000000       0x20 build/fat12.o
 .debug_aranges
                0x0000000000000020       0x20 build/vfs.o

.debug_pubnames
 *(.debug_pubnames)

.debug_info     0x0000000000000000     0x1614
 *(.debug_info)
 .debug_info    0x0000000000000000      0xf0e build/fat12.o
 .debug_info    0x0000000000000f0e      0x706 build/vfs.o

.debug_abbrev   0x0000000000000000      0x489
 *(.debug_abbrev)
 .debug_abbrev  0x0000000000000000      0x2cb build/fat12.o
 .debug_abbrev  0x00000000000002cb      0x1be build/vfs.o

.debug_line     0x0000000000000000      0xafe
 *(.debug_line)
 .debug_line    0x0000000000000000      0x7a7 build/fat12.o
 .debug_line    0x00000000000007a7      0x357 build/vfs.o

.debug_frame
 *(.debug_frame)

.debug_str      0x0000000000000000     0x7a67
 *(.debug_str)
 .debug_str     0x0000000000000000     0x42c0 build/fat12.o
 .debug_str     0x00000000000042c0     0x37a7 build/vfs.o

.debug_loc
 *(.debug_loc)

.debug_macinfo
 *(.debug_macinfo)

.debug_weaknames
 *(.debug_weaknames)

.debug_funcnames
 *(.debug_funcnames)

.debug_typenames
 *(.debug_typenames)

.debug_varnames
 *(.debug_varnames)

.debug_pubtypes
 *(.debug_pubtypes)

.debug_ranges   0x0000000000000000       0x18
 *(.debug_ranges)
 .debug_ranges  0x0000000000000000       0x18 build/fat12.o

.debug_addr
 *(.debug_addr)

.debug_line_str
 *(.debug_line_str)

.debug_loclists
 *(.debug_loclists)

.debug_macro    0x0000000000000000      0x189
 *(.debug_macro)
 .debug_macro   0x0000000000000000       0xc0 build/fat12.o
 .debug_macro   0x00000000000000c0       0xc9 build/vfs.o

.debug_names
 *(.debug_names)

.debug_rnglists
 *(.debug_rnglists)

.debug_str_offsets
 *(.debug_str_offsets)

.debug_sup
 *(.debug_sup)

.gnu.attributes
 *(.gnu.attributes)
OUTPUT(fs.o elf32-i386)

.debug_macro    0x0000000000000000      0x844
 .debug_macro   0x0000000000000000      0x844 build/fat12.o

.debug_macro    0x0000000000000000       0x16
 .debug_macro   0x0000000000000000       0x16 build/fat12.o

.debug_macro    0x0000000000000000       0x82
 .debug_macro   0x0000000000000000       0x82 build/fat12.o

.debug_macro    0x0000000000000000       0x16
 .debug_macro   0x0000000000000000       0x16 build/fat12.o

.debug_macro    0x0000000000000000       0x22
 .debug_macro   0x0000000000000000       0x22 build/fat12.o

.debug_macro    0x0000000000000000       0x10
 .debug_macro   0x0000000000000000       0x10 build/fat12.o

.debug_macro    0x0000000000000000       0x58
 .debug_macro   0x0000000000000000       0x58 build/fat12.o

.debug_macro    0x0000000000000000      0x1d8
 .debug_macro   0x0000000000000000      0x1d8 build/fat12.o

.debug_macro    0x0000000000000000       0x10
 .debug_macro   0x0000000000000000       0x10 build/fat12.o

.debug_macro    0x0000000000000000       0x22
 .debug_macro   0x0000000000000000       0x22 build/fat12.o

.debug_macro    0x0000000000000000       0x40
 .debug_macro   0x0000000000000000       0x40 build/fat12.o

.debug_macro    0x0000000000000000       0x64
 .debug_macro   0x0000000000000000       0x64 build/fat12.o

.debug_macro    0x0000000000000000       0x10
 .debug_macro   0x0000000000000000       0x10 build/vfs.o

.debug_macro    0x0000000000000000       0x88
 .debug_macro   0x0000000000000000       0x88 build/vfs.o
