
Discarded input sections

 .group         0x0000000000000000        0xc kmm.o
 .group         0x0000000000000000        0xc kmm.o
 .group         0x0000000000000000        0xc kmm.o
 .group         0x0000000000000000        0xc kmm.o
 .group         0x0000000000000000        0xc kmm.o
 .group         0x0000000000000000        0xc kmm.o
 .group         0x0000000000000000        0xc kmm.o
 .group         0x0000000000000000        0xc kmm.o
 .debug_macro   0x0000000000000000      0x838 kmm.o
 .debug_macro   0x0000000000000000       0x16 kmm.o
 .debug_macro   0x0000000000000000       0x16 kmm.o
 .debug_macro   0x0000000000000000       0x22 kmm.o
 .debug_macro   0x0000000000000000       0x22 kmm.o
 .debug_macro   0x0000000000000000       0x58 kmm.o
 .debug_macro   0x0000000000000000       0x50 kmm.o
 .debug_macro   0x0000000000000000       0x64 kmm.o
 .group         0x0000000000000000        0xc vmm.o
 .group         0x0000000000000000        0xc vmm.o
 .group         0x0000000000000000        0xc vmm.o
 .group         0x0000000000000000        0xc vmm.o
 .group         0x0000000000000000        0xc vmm.o
 .group         0x0000000000000000        0xc vmm.o
 .group         0x0000000000000000        0xc vmm.o
 .group         0x0000000000000000        0xc vmm.o
 .group         0x0000000000000000        0xc vmm.o
 .group         0x0000000000000000        0xc vmm.o
 .group         0x0000000000000000        0xc vmm.o
 .group         0x0000000000000000        0xc vmm.o
 .group         0x0000000000000000        0xc vmm.o
 .group         0x0000000000000000        0xc vmm.o
 .debug_macro   0x0000000000000000      0x838 vmm.o
 .debug_macro   0x0000000000000000       0x16 vmm.o
 .debug_macro   0x0000000000000000       0x82 vmm.o
 .debug_macro   0x0000000000000000       0x16 vmm.o
 .debug_macro   0x0000000000000000       0x22 vmm.o
 .debug_macro   0x0000000000000000       0x22 vmm.o
 .debug_macro   0x0000000000000000       0x58 vmm.o
 .debug_macro   0x0000000000000000       0x2e vmm.o
 .debug_macro   0x0000000000000000       0x8e vmm.o
 .debug_macro   0x0000000000000000       0x3a vmm.o
 .debug_macro   0x0000000000000000       0x10 vmm.o
 .debug_macro   0x0000000000000000       0x50 vmm.o
 .debug_macro   0x0000000000000000       0x40 vmm.o
 .debug_macro   0x0000000000000000       0x64 vmm.o

Memory Configuration

Name             Origin             Length             Attributes
*default*        0x0000000000000000 0xffffffffffffffff

Linker script and memory map

LOAD kheap.o
LOAD kmm.o
LOAD vmm.o

.interp
 *(.interp)

.note.gnu.build-id
 *(.note.gnu.build-id)

.hash
 *(.hash)

.gnu.hash
 *(.gnu.hash)

.dynsym
 *(.dynsym)

.dynstr
 *(.dynstr)

.gnu.version
 *(.gnu.version)

.gnu.version_d
 *(.gnu.version_d)

.gnu.version_r
 *(.gnu.version_r)

.rel.init
 *(.rel.init)

.rel.text
 *(.rel.text)

.rel.fini
 *(.rel.fini)

.rel.rodata
 *(.rel.rodata)

.rel.data.rel.ro
 *(.rel.data.rel.ro)

.rel.data
 *(.rel.data)

.rel.tdata
 *(.rel.tdata)

.rel.tbss
 *(.rel.tbss)

.rel.ctors
 *(.rel.ctors)

.rel.dtors
 *(.rel.dtors)

.rel.got
 *(.rel.got)

.rel.bss
 *(.rel.bss)

.rel.ifunc
 *(.rel.ifunc)

.rel.plt
 *(.rel.plt)

.relr.dyn
 *(.relr.dyn)

.init
 *(SORT_NONE(.init))

.plt
 *(.plt)

.plt.got
 *(.plt.got)

.plt.sec
 *(.plt.sec)

.text           0x0000000000000000     0x153c
 *(.text .stub)
 .text          0x0000000000000000      0x8c7 kheap.o
                0x0000000000000233                get_kernel_heap
                0x000000000000023d                kheap_init
                0x00000000000003bf                kheap_stats
                0x0000000000000531                kmalloc
                0x0000000000000686                kfree
                0x00000000000007b6                krealloc
                0x000000000000087e                realloc
                0x000000000000089c                malloc
                0x00000000000008b1                free
 .text          0x00000000000008c7      0x440 kmm.o
                0x00000000000009c1                kmm_setup_memory_region
                0x0000000000000a53                kmm_init
                0x0000000000000c0c                kmm_frame_alloc
                0x0000000000000c9e                kmm_frame_free
                0x0000000000000cf3                kmm_get_total_frames
                0x0000000000000cfd                kmm_get_used_frames
 .text          0x0000000000000d07      0x835 vmm.o
                0x0000000000000ddf                vmm_switch_pagedir
                0x0000000000000e16                vmm_init
                0x0000000000000ed8                vmm_create_address_space
                0x0000000000000f18                vmm_create_pt
                0x0000000000000f82                vmm_map_page
                0x0000000000000ff8                vmm_get_phys_frame
                0x0000000000001077                vmm_clone_pagetable
                0x000000000000115f                vmm_clone_pagedir
                0x0000000000001285                vmm_page_alloc
                0x00000000000012dd                vmm_alloc_region
                0x00000000000013a8                vmm_free_region
                0x00000000000014d3                vmm_page_free
                0x0000000000001518                vmm_get_kerneldir
                0x0000000000001522                vmm_get_current_pagedir
 *(.gnu.warning)

.fini
 *(SORT_NONE(.fini))

.rodata         0x0000000000000000       0xbc
 *(.rodata)
 .rodata        0x0000000000000000       0xbc kheap.o

.rodata1
 *(.rodata1)

.eh_frame_hdr
 *(.eh_frame_hdr)

.eh_frame       0x0000000000000000      0x670
 *(.eh_frame)
 .eh_frame      0x0000000000000000      0x268 kheap.o
 .eh_frame      0x0000000000000268      0x170 kmm.o
 .eh_frame      0x00000000000003d8      0x298 vmm.o

.gcc_except_table
 *(.gcc_except_table)

.gnu_extab
 *(.gnu_extab*)

.exception_ranges
 *(.exception_ranges)

.eh_frame
 *(.eh_frame)

.gnu_extab
 *(.gnu_extab)

.gcc_except_table
 *(.gcc_except_table)

.exception_ranges
 *(.exception_ranges)

.tdata
 *(.tdata)

.tbss
 *(.tbss)

.jcr
 *(.jcr)

.dynamic
 *(.dynamic)

.got
 *(.got)

.got.plt
 *(.got.plt)

.data           0x0000000000000000        0x0
 *(.data)
 .data          0x0000000000000000        0x0 kheap.o
 .data          0x0000000000000000        0x0 kmm.o
 .data          0x0000000000000000        0x0 vmm.o

.data1
 *(.data1)

.bss            0x0000000000000000       0xd4
 *(.bss)
 .bss           0x0000000000000000       0xb0 kheap.o
                0x0000000000000000                kernel_heap
 .bss           0x00000000000000b0       0x1c kmm.o
 .bss           0x00000000000000cc        0x8 vmm.o

.stab
 *(.stab)

.stabstr
 *(.stabstr)

.stab.excl
 *(.stab.excl)

.stab.exclstr
 *(.stab.exclstr)

.stab.index
 *(.stab.index)

.stab.indexstr
 *(.stab.indexstr)

.comment        0x0000000000000000       0x8a
 *(.comment)
 .comment       0x0000000000000000       0x2e kheap.o
 .comment       0x000000000000002e       0x2e kmm.o
 .comment       0x000000000000005c       0x2e vmm.o

.group          0x0000000000000000        0xc
 .group         0x0000000000000000        0xc kheap.o

.group          0x0000000000000000        0xc
 .group         0x0000000000000000        0xc kheap.o

.group          0x0000000000000000        0xc
 .group         0x0000000000000000        0xc kheap.o

.group          0x0000000000000000        0xc
 .group         0x0000000000000000        0xc kheap.o

.group          0x0000000000000000        0xc
 .group         0x0000000000000000        0xc kheap.o

.group          0x0000000000000000        0xc
 .group         0x0000000000000000        0xc kheap.o

.group          0x0000000000000000        0xc
 .group         0x0000000000000000        0xc kheap.o

.group          0x0000000000000000        0xc
 .group         0x0000000000000000        0xc kheap.o

.group          0x0000000000000000        0xc
 .group         0x0000000000000000        0xc kheap.o

.group          0x0000000000000000        0xc
 .group         0x0000000000000000        0xc kheap.o

.group          0x0000000000000000        0xc
 .group         0x0000000000000000        0xc kheap.o

.group          0x0000000000000000        0xc
 .group         0x0000000000000000        0xc kheap.o

.group          0x0000000000000000        0xc
 .group         0x0000000000000000        0xc kheap.o

.group          0x0000000000000000        0xc
 .group         0x0000000000000000        0xc kheap.o

.note.GNU-stack
                0x0000000000000000        0x0
 .note.GNU-stack
                0x0000000000000000        0x0 kheap.o
 .note.GNU-stack
                0x0000000000000000        0x0 kmm.o
 .note.GNU-stack
                0x0000000000000000        0x0 vmm.o

.group          0x0000000000000000        0xc
 .group         0x0000000000000000        0xc kmm.o

.group          0x0000000000000000        0xc
 .group         0x0000000000000000        0xc kmm.o

.group          0x0000000000000000        0xc
 .group         0x0000000000000000        0xc kmm.o

.group          0x0000000000000000        0xc
 .group         0x0000000000000000        0xc kmm.o

.group          0x0000000000000000        0xc
 .group         0x0000000000000000        0xc vmm.o

.group          0x0000000000000000        0xc
 .group         0x0000000000000000        0xc vmm.o

.gnu.build.attributes
 *(.gnu.build.attributes)

.debug
 *(.debug)

.line
 *(.line)

.debug_srcinfo
 *(.debug_srcinfo)

.debug_sfnames
 *(.debug_sfnames)

.debug_aranges  0x0000000000000000       0x60
 *(.debug_aranges)
 .debug_aranges
                0x0000000000000000       0x20 kheap.o
 .debug_aranges
                0x0000000000000020       0x20 kmm.o
 .debug_aranges
                0x0000000000000040       0x20 vmm.o

.debug_pubnames
 *(.debug_pubnames)

.debug_info     0x0000000000000000     0x1974
 *(.debug_info)
 .debug_info    0x0000000000000000      0x9bb kheap.o
 .debug_info    0x00000000000009bb      0x4f0 kmm.o
 .debug_info    0x0000000000000eab      0xac9 vmm.o

.debug_abbrev   0x0000000000000000      0x772
 *(.debug_abbrev)
 .debug_abbrev  0x0000000000000000      0x2c2 kheap.o
 .debug_abbrev  0x00000000000002c2      0x1d7 kmm.o
 .debug_abbrev  0x0000000000000499      0x2d9 vmm.o

.debug_line     0x0000000000000000     0x10d0
 *(.debug_line)
 .debug_line    0x0000000000000000      0x6b1 kheap.o
 .debug_line    0x00000000000006b1      0x437 kmm.o
 .debug_line    0x0000000000000ae8      0x5e8 vmm.o

.debug_frame
 *(.debug_frame)

.debug_str      0x0000000000000000     0xc427
 *(.debug_str)
 .debug_str     0x0000000000000000     0x42f7 kheap.o
 .debug_str     0x00000000000042f7     0x3c30 kmm.o
 .debug_str     0x0000000000007f27     0x4500 vmm.o

.debug_loc
 *(.debug_loc)

.debug_macinfo
 *(.debug_macinfo)

.debug_weaknames
 *(.debug_weaknames)

.debug_funcnames
 *(.debug_funcnames)

.debug_typenames
 *(.debug_typenames)

.debug_varnames
 *(.debug_varnames)

.debug_pubtypes
 *(.debug_pubtypes)

.debug_ranges   0x0000000000000000       0x18
 *(.debug_ranges)
 .debug_ranges  0x0000000000000000       0x18 kheap.o

.debug_addr
 *(.debug_addr)

.debug_line_str
 *(.debug_line_str)

.debug_loclists
 *(.debug_loclists)

.debug_macro    0x0000000000000000      0x27c
 *(.debug_macro)
 .debug_macro   0x0000000000000000       0xe6 kheap.o
 .debug_macro   0x00000000000000e6       0xb0 kmm.o
 .debug_macro   0x0000000000000196       0xe6 vmm.o

.debug_names
 *(.debug_names)

.debug_rnglists
 *(.debug_rnglists)

.debug_str_offsets
 *(.debug_str_offsets)

.debug_sup
 *(.debug_sup)

.gnu.attributes
 *(.gnu.attributes)
OUTPUT(mm.o elf32-i386)

.debug_macro    0x0000000000000000      0x838
 .debug_macro   0x0000000000000000      0x838 kheap.o

.debug_macro    0x0000000000000000       0x16
 .debug_macro   0x0000000000000000       0x16 kheap.o

.debug_macro    0x0000000000000000       0x16
 .debug_macro   0x0000000000000000       0x16 kheap.o

.debug_macro    0x0000000000000000       0x22
 .debug_macro   0x0000000000000000       0x22 kheap.o

.debug_macro    0x0000000000000000       0x88
 .debug_macro   0x0000000000000000       0x88 kheap.o

.debug_macro    0x0000000000000000       0x22
 .debug_macro   0x0000000000000000       0x22 kheap.o

.debug_macro    0x0000000000000000       0x76
 .debug_macro   0x0000000000000000       0x76 kheap.o

.debug_macro    0x0000000000000000       0x8e
 .debug_macro   0x0000000000000000       0x8e kheap.o

.debug_macro    0x0000000000000000       0x3a
 .debug_macro   0x0000000000000000       0x3a kheap.o

.debug_macro    0x0000000000000000       0x10
 .debug_macro   0x0000000000000000       0x10 kheap.o

.debug_macro    0x0000000000000000       0x58
 .debug_macro   0x0000000000000000       0x58 kheap.o

.debug_macro    0x0000000000000000       0x50
 .debug_macro   0x0000000000000000       0x50 kheap.o

.debug_macro    0x0000000000000000       0x3a
 .debug_macro   0x0000000000000000       0x3a kheap.o

.debug_macro    0x0000000000000000       0x64
 .debug_macro   0x0000000000000000       0x64 kheap.o

.debug_macro    0x0000000000000000       0x82
 .debug_macro   0x0000000000000000       0x82 kmm.o

.debug_macro    0x0000000000000000       0x2e
 .debug_macro   0x0000000000000000       0x2e kmm.o

.debug_macro    0x0000000000000000       0x16
 .debug_macro   0x0000000000000000       0x16 kmm.o

.debug_macro    0x0000000000000000       0x40
 .debug_macro   0x0000000000000000       0x40 kmm.o

.debug_macro    0x0000000000000000       0x70
 .debug_macro   0x0000000000000000       0x70 vmm.o

.debug_macro    0x0000000000000000       0x52
 .debug_macro   0x0000000000000000       0x52 vmm.o
